04-26 20:31:20.177     0     0 I init    : starting service 'neuralnetworks_hal_service_sample_quant'...
04-26 20:31:20.179     0     0 I init    : starting service 'vendor.power.stats-hal-1-0-mock'...
04-26 20:31:20.201     0     0 I init    : starting service 'vendor.sensors-hal-1-0'...
04-26 20:31:20.203     0     0 I init    : starting service 'vendor.wifi_hal_legacy'...
04-26 20:31:20.213     0     0 I init    : starting service 'vendor.identity-default'...
04-26 20:31:20.275     0     0 I init    : starting service 'vendor.power-default'...
04-26 20:31:20.277     0     0 I init    : Command 'class_start hal' action=boot (/system/etc/init/hw/init.rc:940) took 356ms and succeeded
04-26 20:31:20.277     0     0 I init    : Service 'zygote_secondary' (pid 308) exited with status 0 oneshot service took 0.393000 seconds in background
04-26 20:31:20.277     0     0 I init    : Sending signal 9 to service 'zygote_secondary' (pid 308) process group...
04-26 20:31:20.278     0     0 I libprocessgroup: Successfully killed process cgroup uid 0 pid 308 in 0ms
04-26 20:31:20.346     0     0 I init    : starting service 'audioserver'...
04-26 20:31:20.347     0     0 I init    : starting service 'credstore'...
04-26 20:31:20.349     0     0 I init    : starting service 'diskiod'...
04-26 20:31:20.359     0     0 I init    : starting service 'genybaseband'...
04-26 20:31:20.359     0     0 I init    : Created socket '/dev/socket/baseband_ril', mode 660, user 0, group 1001
04-26 20:31:20.361     0     0 I init    : starting service 'gpu'...
04-26 20:31:20.363     0     0 I init    : starting service 'network_profile'...
04-26 20:31:20.382     0     0 I init    : starting service 'settingsd'...
04-26 20:31:20.383     0     0 I init    : starting service 'surfaceflinger'...
04-26 20:31:20.383     0     0 I init    : Could not create socket 'pdx/system/vr/display/client': Failed to bind socket 'pdx/system/vr/display/client': No such file or directory
04-26 20:31:20.384     0     0 I init    : Could not create socket 'pdx/system/vr/display/manager': Failed to bind socket 'pdx/system/vr/display/manager': No such file or directory
04-26 20:31:20.384     0     0 I init    : Could not create socket 'pdx/system/vr/display/vsync': Failed to bind socket 'pdx/system/vr/display/vsync': No such file or directory
04-26 20:31:20.385     0     0 I init    : starting service 'systempatcher'...
04-26 20:31:20.387     0     0 I init    : starting service 'vinput'...
04-26 20:31:20.397     0     0 I init    : starting service 'exec 11 (/system/bin/fsverity_init)'...
04-26 20:31:20.398     0     0 I init    : SVC_EXEC service 'exec 11 (/system/bin/fsverity_init)' pid 356 (uid 0 gid 0+0 context default) started; waiting...
04-26 20:31:20.496     0     0 I init    : Service 'exec 11 (/system/bin/fsverity_init)' (pid 356) exited with status 255 waiting took 0.098000 seconds
04-26 20:31:20.496     0     0 I init    : Sending signal 9 to service 'exec 11 (/system/bin/fsverity_init)' (pid 356) process group...
04-26 20:31:20.496     0     0 I libprocessgroup: Successfully killed process cgroup uid 0 pid 356 in 0ms
04-26 20:31:20.496     0     0 I init    : processing action (boot) from (/vendor/etc/init/hw/init.vbox86.rc:44)
04-26 20:31:20.498     0     0 I init    : processing action (boot) from (/system/etc/init/dumpstate.rc:1)
04-26 20:31:20.498     0     0 I init    : processing action (boot) from (/system/etc/init/gsid.rc:20)
04-26 20:31:20.498     0     0 I init    : starting service 'exec 12 (/system/bin/gsid run-startup-tasks)'...
04-26 20:31:20.509     0     0 I init    : processing action (enable_property_trigger) from (<Builtin Action>:0)
04-26 20:31:20.509     0     0 I init    : processing action (apexd.status=ready && ro.product.cpu.abilist32=*) from (/system/etc/init/hw/init.rc:89)
04-26 20:31:20.544     0     0 I init    : starting service 'boringssl_self_test_apex32'...
04-26 20:31:20.566     0     0 I init    : SVC_EXEC service 'boringssl_self_test_apex32' pid 366 (uid 0 gid 0+0 context default) started; waiting...
04-26 20:31:20.566     0     0 I init    : Command 'exec_start boringssl_self_test_apex32' action=apexd.status=ready && ro.product.cpu.abilist32=* (/system/etc/init/hw/init.rc:90) took 57ms and succeeded
04-26 20:31:20.663     0     0 I input   : Genymotion Virtual Input as /devices/virtual/input/input3
04-26 20:31:20.691     0     0 W healthd : BatteryHealthPath not found
04-26 20:31:20.691     0     0 W healthd : BatteryPresentPath not found
04-26 20:31:20.691     0     0 W healthd : BatteryVoltagePath not found
04-26 20:31:20.691     0     0 W healthd : BatteryTemperaturePath not found
04-26 20:31:20.691     0     0 W healthd : BatteryTechnologyPath not found
04-26 20:31:20.691     0     0 W healthd : BatteryCurrentNowPath not found
04-26 20:31:20.691     0     0 W healthd : BatteryFullChargePath not found
04-26 20:31:20.691     0     0 W healthd : BatteryCycleCountPath not found
04-26 20:31:20.691     0     0 W healthd : batteryCapacityLevelPath not found
04-26 20:31:20.691     0     0 W healthd : batteryChargeTimeToFullNowPath. not found
04-26 20:31:20.691     0     0 W healthd : batteryFullChargeDesignCapacityUahPath. not found
04-26 20:31:21.070     0     0 I init    : Service 'exec 12 (/system/bin/gsid run-startup-tasks)' (pid 363) exited with status 0 oneshot service took 0.562000 seconds in background
04-26 20:31:21.070     0     0 I init    : Sending signal 9 to service 'exec 12 (/system/bin/gsid run-startup-tasks)' (pid 363) process group...
04-26 20:31:21.070     0     0 I libprocessgroup: Successfully killed process cgroup uid 0 pid 363 in 0ms
04-26 20:31:21.110     0     0 I init    : Service 'boringssl_self_test_apex32' (pid 366) exited with status 0 waiting took 0.565000 seconds
04-26 20:31:21.110     0     0 I init    : Sending signal 9 to service 'boringssl_self_test_apex32' (pid 366) process group...
04-26 20:31:21.110     0     0 I libprocessgroup: Successfully killed process cgroup uid 0 pid 366 in 0ms
04-26 20:31:21.129     0     0 I init    : processing action (apexd.status=ready && ro.product.cpu.abilist64=*) from (/system/etc/init/hw/init.rc:91)
04-26 20:31:21.129     0     0 I init    : starting service 'boringssl_self_test_apex64'...
04-26 20:31:21.134     0     0 I init    : SVC_EXEC service 'boringssl_self_test_apex64' pid 406 (uid 0 gid 0+0 context default) started; waiting...
04-26 20:31:21.256     0     0 I init    : Service 'boringssl_self_test_apex64' (pid 406) exited with status 0 waiting took 0.127000 seconds
04-26 20:31:21.256     0     0 I init    : Sending signal 9 to service 'boringssl_self_test_apex64' (pid 406) process group...
04-26 20:31:21.257     0     0 I libprocessgroup: Successfully killed process cgroup uid 0 pid 406 in 0ms
04-26 20:31:21.257     0     0 I init    : processing action (security.perf_harden=1 && sys.init.perf_lsm_hooks=) from (/system/etc/init/hw/init.rc:1015)
04-26 20:31:21.267     0     0 I init    : processing action (security.perf_harden=1) from (/system/etc/init/hw/init.rc:1025)
04-26 20:31:21.268     0     0 I init    : processing action (ro.debuggable=1) from (/system/etc/init/hw/init.rc:1052)
04-26 20:31:21.268     0     0 I init    : processing action (persist.sys.usb.config=*) from (/system/etc/init/hw/init.usb.rc:105)
04-26 20:31:21.268     0     0 I init    : processing action (zygote32.enabled=true && zygote32.start=true) from (/system/etc/init/hw/init.zygote64_32.rc:27)
04-26 20:31:21.268     0     0 I init    : starting service 'zygote32'...
04-26 20:31:21.269     0     0 I init    : Created socket '/dev/socket/zygote_secondary', mode 660, user 0, group 1000
04-26 20:31:21.269     0     0 I init    : Created socket '/dev/socket/usap_pool_secondary', mode 660, user 0, group 1000
04-26 20:31:21.290     0     0 I init    : processing action (init.svc.audioserver=running) from (/system/etc/init/audioserver.rc:35)
04-26 20:31:21.290     0     0 I init    : Command 'start vendor.audio-hal-4-0-msd' action=init.svc.audioserver=running (/system/etc/init/audioserver.rc:37) took 0ms and failed: service vendor.audio-hal-4-0-msd not found
04-26 20:31:21.290     0     0 I init    : Command 'start vendor.audio-hal-2-0' action=init.svc.audioserver=running (/system/etc/init/audioserver.rc:39) took 0ms and failed: service vendor.audio-hal-2-0 not found
04-26 20:31:21.290     0     0 I init    : Command 'start audio-hal-2-0' action=init.svc.audioserver=running (/system/etc/init/audioserver.rc:40) took 0ms and failed: service audio-hal-2-0 not found
04-26 20:31:21.290     0     0 I init    : processing action (ro.persistent_properties.ready=true) from (/system/etc/init/bootstat.rc:67)
04-26 20:31:21.292     0     0 I init    : processing action (ro.persistent_properties.ready=true) from (/system/etc/init/bootstat.rc:71)
04-26 20:31:21.301     0     0 I init    : starting service 'exec 13 (/system/bin/bootstat --set_system_boot_reason)'...
04-26 20:31:21.302     0     0 I init    : processing action (persist.heapprofd.enable= && traced.lazy.heapprofd=) from (/system/etc/init/heapprofd.rc:34)
04-26 20:31:21.302     0     0 I init    : processing action (debug.atrace.user_initiated= && persist.traced.enable=1) from (/system/etc/init/perfetto.rc:47)
04-26 20:31:21.303     0     0 I init    : starting service 'traced_probes'...
04-26 20:31:21.303     0     0 I init    : Opened file '/dev/kmsg', flags 1
04-26 20:31:21.303     0     0 I init    : processing action (persist.traced.enable=1) from (/system/etc/init/perfetto.rc:50)
04-26 20:31:21.303     0     0 I init    : starting service 'traced'...
04-26 20:31:21.304     0     0 I init    : Created socket '/dev/socket/traced_consumer', mode 666, user 0, group 0
04-26 20:31:21.304     0     0 I init    : Created socket '/dev/socket/traced_producer', mode 666, user 0, group 0
04-26 20:31:21.305     0     0 I init    : processing action (persist.traced_perf.enable= && sys.init.perf_lsm_hooks=) from (/system/etc/init/traced_perf.rc:39)
04-26 20:31:21.305     0     0 I init    : processing action (nonencrypted) from (/system/etc/init/hw/init.rc:947)
04-26 20:31:21.305     0     0 I init    : starting service 'init-wifi'...
04-26 20:31:21.306     0     0 I init    : starting service 'cameraserver'...
04-26 20:31:21.315     0     0 I init    : starting service 'drm'...
04-26 20:31:21.337     0     0 I init    : starting service 'idmap2d'...
04-26 20:31:21.350     0     0 I init    : starting service 'incidentd'...
04-26 20:31:21.352     0     0 I init    : starting service 'su_daemon'...
04-26 20:31:21.362     0     0 I init    : starting service 'installd'...
04-26 20:31:21.363     0     0 I init    : starting service 'iorapd'...
04-26 20:31:21.364     0     0 I init    : starting service 'keystore'...
04-26 20:31:21.365     0     0 I init    : starting service 'mediaextractor'...
04-26 20:31:21.366     0     0 I init    : starting service 'mediametrics'...
04-26 20:31:21.533     0     0 I init    : starting service 'media'...
04-26 20:31:21.853     0     0 I init    : starting service 'storaged'...
04-26 20:31:21.853     0     0 I init    : Could not open file '/d/mmc0/mmc0:0001/ext_csd': Failed to open file '/d/mmc0/mmc0:0001/ext_csd': No such file or directory
04-26 20:31:22.696     0     0 I init    : starting service 'wificond'...
04-26 20:31:22.702     0     0 I init    : starting service 'vendor.media.omx'...
04-26 20:31:22.723     0     0 I init    : starting service 'ril-daemon'...
04-26 20:31:22.724     0     0 E init    : Could not start service 'vendor_flash_recovery' as part of class 'main': Cannot find '/vendor/bin/install-recovery.sh': No such file or directory
04-26 20:31:22.733     0     0 I init    : starting service 'media.swcodec'...
04-26 20:31:22.734     0     0 I init    : Command 'class_start main' action=nonencrypted (/system/etc/init/hw/init.rc:948) took 1429ms and succeeded
04-26 20:31:22.735     0     0 I init    : Service 'exec 13 (/system/bin/bootstat --set_system_boot_reason)' (pid 439) exited with status 0 oneshot service took 1.433000 seconds in background
04-26 20:31:22.735     0     0 I init    : Sending signal 9 to service 'exec 13 (/system/bin/bootstat --set_system_boot_reason)' (pid 439) process group...
04-26 20:31:22.735     0     0 I libprocessgroup: Successfully killed process cgroup uid 1000 pid 439 in 0ms
04-26 20:31:22.735     0     0 I init    : Control message: Processed ctl.interface_start for 'android.hardware.camera.provider@2.4::ICameraProvider/legacy/0' from pid: 155 (/system/bin/hwservicemanager)
04-26 20:31:22.735     0     0 I init    : starting service 'gatekeeperd'...
04-26 20:31:22.736     0     0 I init    : starting service 'usbd'...
04-26 20:31:22.746     0     0 I init    : processing action (sys.usb.config=adb && sys.usb.configfs=0) from (/system/etc/init/hw/init.usb.rc:37)
04-26 20:31:22.746     0     0 I init    : starting service 'adbd'...
04-26 20:31:22.747     0     0 I init    : Created socket '/dev/socket/adbd', mode 660, user 1000, group 1000
04-26 20:31:22.781     0     0 I init    : processing action (init.svc.su_daemon=running) from (/system/etc/init/init.superuser.rc:24)
04-26 20:31:22.798     0     0 I init    : processing action (init.svc.media=*) from (/system/etc/init/mediaserver.rc:1)
04-26 20:31:22.954     0     0 I init    : Service 'usbd' (pid 528) exited with status 0 oneshot service took 0.216000 seconds in background
04-26 20:31:22.954     0     0 I init    : Sending signal 9 to service 'usbd' (pid 528) process group...
04-26 20:31:22.954     0     0 I libprocessgroup: Successfully killed process cgroup uid 0 pid 528 in 0ms
04-26 20:31:23.226     0     0 I IPv6    : ADDRCONF(NETDEV_UP): radio0-peer: link is not ready
04-26 20:31:23.298     0     0 I init    : starting service 'mdnsd'...
04-26 20:31:23.298     0     0 I init    : Created socket '/dev/socket/mdnsd', mode 660, user 1020, group 3003
04-26 20:31:23.309     0     0 I init    : Control message: Processed ctl.start for 'mdnsd' from pid: 530 (/apex/com.android.adbd/bin/adbd --root_seclabel=u:r:su:s0)
04-26 20:31:23.456     0     0 I init    : Service 'init-second-stage' (pid 244) exited with status 0 oneshot service took 4.223000 seconds in background
04-26 20:31:23.456     0     0 I init    : Sending signal 9 to service 'init-second-stage' (pid 244) process group...
04-26 20:31:23.456     0     0 I libprocessgroup: Successfully killed process cgroup uid 0 pid 244 in 0ms
04-26 20:31:23.607     0     0 D ieee80211 phy1: mac80211_hwsim_start
04-26 20:31:23.607     0     0 D ieee80211 phy1: mac80211_hwsim_add_interface (type=2 mac_addr=02:00:00:00:01:00)
04-26 20:31:23.607     0     0 D ieee80211 phy1: mac80211_hwsim_bss_info_changed(changed=0xe vif->addr=02:00:00:00:01:00)
04-26 20:31:23.607     0     0 D ieee80211 phy1: ERP_CTS_PROT: 0
04-26 20:31:23.607     0     0 D ieee80211 phy1: ERP_PREAMBLE: 0
04-26 20:31:23.607     0     0 D ieee80211 phy1: ERP_SLOT: 0
04-26 20:31:23.607     0     0 D ieee80211 phy1: mac80211_hwsim_conf_tx (queue=0 txop=0 cw_min=15 cw_max=1023 aifs=2)
04-26 20:31:23.607     0     0 D ieee80211 phy1: mac80211_hwsim_conf_tx (queue=1 txop=0 cw_min=15 cw_max=1023 aifs=2)
04-26 20:31:23.607     0     0 D ieee80211 phy1: mac80211_hwsim_conf_tx (queue=2 txop=0 cw_min=15 cw_max=1023 aifs=2)
04-26 20:31:23.607     0     0 D ieee80211 phy1: mac80211_hwsim_conf_tx (queue=3 txop=0 cw_min=15 cw_max=1023 aifs=2)
04-26 20:31:23.607     0     0 D ieee80211 phy1: mac80211_hwsim_bss_info_changed(changed=0x2000 vif->addr=02:00:00:00:01:00)
04-26 20:31:23.607     0     0 D ieee80211 phy1: mac80211_hwsim_config (freq=0 idle=1 ps=0 smps=auto)
04-26 20:31:23.607     0     0 D ieee80211 phy1: mac80211_hwsim_configure_filter
04-26 20:31:23.607     0     0 D ieee80211 phy1: mac80211_hwsim_configure_filter
04-26 20:31:23.607     0     0 I IPv6    : ADDRCONF(NETDEV_UP): wlan1: link is not ready
04-26 20:31:23.663     0     0 I IPv6    : ADDRCONF(NETDEV_CHANGE): radio0-peer: link becomes ready
04-26 20:31:23.705     0     0 I         : device eth1 entered promiscuous mode
04-26 20:31:23.705     0     0 I br0     : port 1(eth1) entered forwarding state
04-26 20:31:23.705     0     0 I br0     : port 1(eth1) entered forwarding state
04-26 20:31:23.717     0     0 I         : device radio0-peer entered promiscuous mode
04-26 20:31:23.717     0     0 I br0     : port 2(radio0-peer) entered forwarding state
04-26 20:31:23.717     0     0 I br0     : port 2(radio0-peer) entered forwarding state
04-26 20:31:23.763     0     0 I init    : starting service 'dhcpclient_radio0'...
04-26 20:31:23.860     0     0 I init    : Control message: Processed ctl.start for 'dhcpclient_radio0' from pid: 629 (setprop ctl.start dhcpclient_radio0)
04-26 20:31:23.875     0     0 I init    : starting service 'emu_hostapd'...
04-26 20:31:23.876     0     0 I init    : Control message: Processed ctl.start for 'emu_hostapd' from pid: 639 (setprop ctl.start emu_hostapd)
04-26 20:31:23.888     0     0 I init    : Service 'init-wifi' (pid 443) exited with status 0 oneshot service took 2.582000 seconds in background
04-26 20:31:23.888     0     0 I init    : Sending signal 9 to service 'init-wifi' (pid 443) process group...
04-26 20:31:23.888     0     0 I libprocessgroup: Successfully killed process cgroup uid 0 pid 443 in 0ms
04-26 20:31:23.925     0     0 D logd    : logdr: UID=0 GID=0 PID=630 b tail=0 logMask=99 pid=0 start=0ns timeout=0ns
04-26 20:31:24.118     0     0 I init    : Service 'dhcpclient_radio0' (pid 635) exited with status 0 oneshot service took 0.354000 seconds in background
04-26 20:31:24.118     0     0 I init    : Sending signal 9 to service 'dhcpclient_radio0' (pid 635) process group...
04-26 20:31:24.119     0     0 I libprocessgroup: Successfully killed process cgroup uid 0 pid 635 in 0ms
04-26 20:31:24.244     0     0 I capability: warning: `hostapd_nohidl' uses 32-bit capabilities (legacy support in use)
04-26 20:31:24.426     0     0 D ieee80211 phy1: mac80211_hwsim_configure_filter
04-26 20:31:24.426     0     0 D ieee80211 phy1: mac80211_hwsim_change_interface (old type=2, new type=3, mac_addr=02:00:00:00:01:00)
04-26 20:31:24.426     0     0 D ieee80211 phy1: mac80211_hwsim_configure_filter
04-26 20:31:24.426     0     0 D ieee80211 phy1: mac80211_hwsim_bss_info_changed(changed=0xe vif->addr=02:00:00:00:01:00)
04-26 20:31:24.426     0     0 D ieee80211 phy1: ERP_CTS_PROT: 0
04-26 20:31:24.426     0     0 D ieee80211 phy1: ERP_PREAMBLE: 0
04-26 20:31:24.426     0     0 D ieee80211 phy1: ERP_SLOT: 0
04-26 20:31:24.426     0     0 D ieee80211 phy1: mac80211_hwsim_conf_tx (queue=0 txop=47 cw_min=3 cw_max=7 aifs=2)
04-26 20:31:24.426     0     0 D ieee80211 phy1: mac80211_hwsim_conf_tx (queue=1 txop=94 cw_min=7 cw_max=15 aifs=2)
04-26 20:31:24.426     0     0 D ieee80211 phy1: mac80211_hwsim_conf_tx (queue=2 txop=0 cw_min=15 cw_max=1023 aifs=3)
04-26 20:31:24.426     0     0 D ieee80211 phy1: mac80211_hwsim_conf_tx (queue=3 txop=0 cw_min=15 cw_max=1023 aifs=7)
04-26 20:31:24.426     0     0 D ieee80211 phy1: mac80211_hwsim_bss_info_changed(changed=0x2000 vif->addr=02:00:00:00:01:00)
04-26 20:31:24.426     0     0 D ieee80211 phy1: mac80211_hwsim_configure_filter
04-26 20:31:24.427     0     0 I         : device wlan1 entered promiscuous mode
04-26 20:31:24.427     0     0 D ieee80211 phy1: mac80211_hwsim_configure_filter
04-26 20:31:24.428     0     0 D ieee80211 phy1: mac80211_hwsim_config (freq=0 idle=0 ps=0 smps=auto)
04-26 20:31:24.428     0     0 D ieee80211 phy1: add channel context control: 2447 MHz/width: 1/cfreqs:2447/0 MHz
04-26 20:31:24.428     0     0 D ieee80211 phy1: mac80211_hwsim_bss_info_changed(changed=0x40000 vif->addr=02:00:00:00:01:00)
04-26 20:31:24.428     0     0 D ieee80211 phy1: TX Power: 20 dBm
04-26 20:31:24.428     0     0 D ieee80211 phy1: mac80211_hwsim_bss_info_changed(changed=0x4000 vif->addr=02:00:00:00:01:00)
04-26 20:31:24.428     0     0 D ieee80211 phy1: change channel context control: 2447 MHz/width: 1/cfreqs:2447/0 MHz
04-26 20:31:24.428     0     0 D ieee80211 phy1: mac80211_hwsim_bss_info_changed(changed=0xc8340 vif->addr=02:00:00:00:01:00)
04-26 20:31:24.428     0     0 D ieee80211 phy1: BCN EN: 1 (BI=100)
04-26 20:31:24.428     0     0 D ieee80211 phy1: TX Power: 20 dBm
04-26 20:31:24.428     0     0 I IPv6    : ADDRCONF(NETDEV_CHANGE): wlan1: link becomes ready
04-26 20:31:24.428     0     0 I br0     : port 3(wlan1) entered forwarding state
04-26 20:31:24.428     0     0 I br0     : port 3(wlan1) entered forwarding state
04-26 20:31:24.435     0     0 D ieee80211 phy1: mac80211_hwsim_bss_info_changed(changed=0x3e vif->addr=02:00:00:00:01:00)
04-26 20:31:24.435     0     0 D ieee80211 phy1: ERP_CTS_PROT: 0
04-26 20:31:24.435     0     0 D ieee80211 phy1: ERP_PREAMBLE: 0
04-26 20:31:24.435     0     0 D ieee80211 phy1: ERP_SLOT: 1
04-26 20:31:24.435     0     0 D ieee80211 phy1: HT: op_mode=0x0
04-26 20:31:24.435     0     0 D ieee80211 phy1: BASIC_RATES: 0xf
04-26 20:31:24.435     0     0 D ieee80211 phy1: mac80211_hwsim_conf_tx (queue=0 txop=47 cw_min=3 cw_max=7 aifs=1)
04-26 20:31:24.435     0     0 D ieee80211 phy1: mac80211_hwsim_bss_info_changed(changed=0x2000 vif->addr=02:00:00:00:01:00)
04-26 20:31:24.435     0     0 D ieee80211 phy1: mac80211_hwsim_conf_tx (queue=1 txop=94 cw_min=7 cw_max=15 aifs=1)
04-26 20:31:24.435     0     0 D ieee80211 phy1: mac80211_hwsim_bss_info_changed(changed=0x2000 vif->addr=02:00:00:00:01:00)
04-26 20:31:24.435     0     0 D ieee80211 phy1: mac80211_hwsim_conf_tx (queue=2 txop=0 cw_min=15 cw_max=63 aifs=3)
04-26 20:31:24.435     0     0 D ieee80211 phy1: mac80211_hwsim_bss_info_changed(changed=0x2000 vif->addr=02:00:00:00:01:00)
04-26 20:31:24.435     0     0 D ieee80211 phy1: mac80211_hwsim_conf_tx (queue=3 txop=0 cw_min=15 cw_max=1023 aifs=7)
04-26 20:31:24.435     0     0 D ieee80211 phy1: mac80211_hwsim_bss_info_changed(changed=0x2000 vif->addr=02:00:00:00:01:00)
04-26 20:31:24.435     0     0 D ieee80211 phy1: mac80211_hwsim_configure_filter
04-26 20:31:25.466     0     0 D ieee80211 phy1: mac80211_hwsim_configure_filter
04-26 20:31:26.767     0     0 I init    : starting service 'bootanim'...
04-26 20:31:26.769     0     0 I init    : Control message: Processed ctl.start for 'bootanim' from pid: 352 (/system/bin/surfaceflinger)
04-26 20:31:38.722     0     0 I br0     : port 1(eth1) entered forwarding state
04-26 20:31:38.722     0     0 I br0     : port 2(radio0-peer) entered forwarding state
04-26 20:31:39.458     0     0 I br0     : port 3(wlan1) entered forwarding state
--------- beginning of system
04-26 20:31:39.571   456   456 W iorapd  : Reconnect to package manager service: 4 times
04-26 20:31:39.573   719   719 I chatty  : uid=1000 system_server expire 142 lines
04-26 20:31:39.614   719   734 I chatty  : uid=1000(system) Binder:719_2 expire 2 lines
04-26 20:31:39.616   719   749 I chatty  : uid=1000(system) ActivityManager expire 1 line
04-26 20:31:40.429     0     0 I init    : Control message: Processed ctl.start for 'idmap2d' from pid: 719 (system_server)
04-26 20:31:39.701   719   745 I chatty  : uid=1000 system_server expire 11 lines
04-26 20:31:39.724   719   746 I chatty  : uid=1000(system) android.bg expire 1 line
04-26 20:31:39.744   433   433 D ZygoteInitTiming_lazy: BeginPreload took to complete: 15ms
04-26 20:31:39.756   719   765 I chatty  : uid=1000 system_server expire 1 line
04-26 20:31:39.831   719   741 I chatty  : uid=1000(system) android.display expire 1 line
04-26 20:31:39.865   719   740 I chatty  : uid=1000(system) android.io expire 5 lines
04-26 20:31:40.015   719   719 I chatty  : uid=1000 system_server expire 209 lines
04-26 20:31:40.017   719   747 I chatty  : uid=1000(system) ActivityManager expire 1 line
04-26 20:31:40.031   719   786 I chatty  : uid=1000(system) NetworkWatchlis expire 1 line
04-26 20:31:40.821     0     0 I init    : starting service 'vendor.input.classifier-1-0'...
04-26 20:31:40.850     0     0 I init    : Control message: Processed ctl.interface_start for 'android.hardware.input.classifier@1.0::IInputClassifier/default' from pid: 155 (/system/bin/hwservicemanager)
04-26 20:31:40.090   719   765 I chatty  : uid=1000 system_server expire 29 lines
04-26 20:31:40.155   719   791 I chatty  : uid=1000(system) StorageManagerS expire 5 lines
04-26 20:31:40.851     0     0 I init    : Control message: Processed ctl.interface_start for 'android.hardware.input.classifier@1.0::IInputClassifier/default' from pid: 155 (/system/bin/hwservicemanager)
04-26 20:31:40.970     0     0 I init    : processing action (sys.sysctl.extra_free_kbytes=*) from (/system/etc/init/hw/init.rc:996)
04-26 20:31:40.186   165   794 D vold    : Starting trim of /cache
04-26 20:31:40.186   165   794 W vold    : Trim failed on /cache: Operation not supported on transport endpoint
04-26 20:31:40.186   165   794 D vold    : Starting trim of /data
04-26 20:31:40.191   165   794 W vold    : Trim failed on /data: Operation not supported on transport endpoint
04-26 20:31:40.648   433   433 D ZygoteInitTiming_lazy: PreloadClasses took to complete: 904ms
04-26 20:31:40.667   433   433 D ZygoteInitTiming_lazy: CacheNonBootClasspathClassLoaders took to complete: 18ms
04-26 20:31:40.690   433   433 D ZygoteInitTiming_lazy: PreloadResources took to complete: 24ms
04-26 20:31:40.726   456   456 W iorapd  : Reconnect to package manager service: 1 times
04-26 20:31:40.731   719   745 I chatty  : uid=1000 system_server expire 6 lines
04-26 20:31:40.763   816   816 D iorap.prefetcherd: Installing minijail
04-26 20:31:40.765   816   816 W iorap.prefetcherd: No seccomp filter defined for this architecture.
04-26 20:31:41.587     0     0 I init    : processing action (sys.audio.restart.hal=1) from (/system/etc/init/audioserver.rc:42)
04-26 20:31:41.587     0     0 I init    : Sending signal 9 to service 'vendor.audio-hal' (pid 311) process group...
04-26 20:31:41.593     0     0 I binder  : undelivered death notification, 0000701482198220
04-26 20:31:41.593     0     0 I libprocessgroup: Successfully killed process cgroup uid 1041 pid 311 in 6ms
04-26 20:31:41.595     0     0 I init    : Service 'vendor.audio-hal' (pid 311) received signal 9
04-26 20:31:41.596     0     0 I init    : Service 'audioserver' (pid 344) exited with status 1
04-26 20:31:41.596     0     0 I init    : Sending signal 9 to service 'audioserver' (pid 344) process group...
04-26 20:31:41.596     0     0 I libprocessgroup: Successfully killed process cgroup uid 1041 pid 344 in 0ms
04-26 20:31:41.596     0     0 I init    : starting service 'vendor.audio-hal'...
04-26 20:31:41.597     0     0 I init    : Created socket '/dev/socket/audio_out', mode 660, user 1041, group 1000
04-26 20:31:41.598     0     0 I init    : Created socket '/dev/socket/audio_in', mode 666, user 1041, group 1000
04-26 20:31:41.601     0     0 I init    : Command 'restart vendor.audio-hal-4-0-msd' action=onrestart (<Service 'audioserver' onrestart>:2) took 0ms and failed: service vendor.audio-hal-4-0-msd not found
04-26 20:31:41.601     0     0 I init    : Command 'restart vendor.audio-hal-2-0' action=onrestart (<Service 'audioserver' onrestart>:3) took 0ms and failed: service vendor.audio-hal-2-0 not found
04-26 20:31:41.601     0     0 I init    : Command 'restart audio-hal-2-0' action=onrestart (<Service 'audioserver' onrestart>:4) took 0ms and failed: service audio-hal-2-0 not found
04-26 20:31:41.602     0     0 E init    : Control message: Could not find 'android.hardware.soundtrigger@2.0::ISoundTriggerHw/default' for ctl.interface_start from pid: 155 (/system/bin/hwservicemanager)
04-26 20:31:41.606     0     0 I init    : Command 'stop vendor.audio-hal-4-0-msd' action=sys.audio.restart.hal=1 (/system/etc/init/audioserver.rc:46) took 0ms and failed: service vendor.audio-hal-4-0-msd not found
04-26 20:31:41.606     0     0 I init    : starting service 'audioserver'...
04-26 20:31:41.613     0     0 E init    : Control message: Could not find 'android.hardware.soundtrigger@2.0::ISoundTriggerHw/default' for ctl.interface_start from pid: 155 (/system/bin/hwservicemanager)
04-26 20:31:40.817   719   806 I chatty  : uid=1000(system) ConnectivitySer expire 1 line
04-26 20:31:41.625     0     0 I init    : Command 'stop vendor.audio-hal-2-0' action=sys.audio.restart.hal=1 (/system/etc/init/audioserver.rc:47) took 0ms and failed: service vendor.audio-hal-2-0 not found
04-26 20:31:41.625     0     0 I init    : Command 'stop audio-hal-2-0' action=sys.audio.restart.hal=1 (/system/etc/init/audioserver.rc:48) took 0ms and failed: service audio-hal-2-0 not found
04-26 20:31:41.625     0     0 I init    : Command 'start vendor.audio-hal-4-0-msd' action=sys.audio.restart.hal=1 (/system/etc/init/audioserver.rc:50) took 0ms and failed: service vendor.audio-hal-4-0-msd not found
04-26 20:31:41.625     0     0 I init    : Command 'start vendor.audio-hal-2-0' action=sys.audio.restart.hal=1 (/system/etc/init/audioserver.rc:51) took 0ms and failed: service vendor.audio-hal-2-0 not found
04-26 20:31:41.625     0     0 I init    : Command 'start audio-hal-2-0' action=sys.audio.restart.hal=1 (/system/etc/init/audioserver.rc:52) took 0ms and failed: service audio-hal-2-0 not found
04-26 20:31:41.626     0     0 I init    : processing action (init.svc.audioserver=running) from (/system/etc/init/audioserver.rc:35)
04-26 20:31:41.626     0     0 I init    : Command 'start vendor.audio-hal-4-0-msd' action=init.svc.audioserver=running (/system/etc/init/audioserver.rc:37) took 0ms and failed: service vendor.audio-hal-4-0-msd not found
04-26 20:31:41.626     0     0 I init    : Command 'start vendor.audio-hal-2-0' action=init.svc.audioserver=running (/system/etc/init/audioserver.rc:39) took 0ms and failed: service vendor.audio-hal-2-0 not found
04-26 20:31:41.626     0     0 I init    : Command 'start audio-hal-2-0' action=init.svc.audioserver=running (/system/etc/init/audioserver.rc:40) took 0ms and failed: service audio-hal-2-0 not found
04-26 20:31:40.854   719   719 I chatty  : uid=1000 system_server expire 246 lines
04-26 20:31:40.855   719   745 I chatty  : uid=1000 system_server expire 4 lines
04-26 20:31:40.904   719   739 I chatty  : uid=1000(system) android.ui expire 1 line
04-26 20:31:40.926   719   765 I chatty  : uid=1000 system_server expire 4 lines
04-26 20:31:40.927   719   719 I chatty  : uid=1000 system_server expire 254 lines
04-26 20:31:40.965   719   806 I chatty  : uid=1000(system) ConnectivitySer expire 2 lines
04-26 20:31:40.981   719   719 I chatty  : uid=1000 system_server expire 231 lines
04-26 20:31:40.985   719   828 I chatty  : uid=1000(system) Binder:719_4 expire 1 line
04-26 20:31:40.991   719   752 I chatty  : uid=1000(system) batterystats-wo expire 4 lines
04-26 20:31:40.992   719   756 I chatty  : uid=1000(system) PowerManagerSer expire 2 lines
04-26 20:31:41.011   719   746 I chatty  : uid=1000(system) android.bg expire 4 lines
04-26 20:31:41.019   719   747 I chatty  : uid=1000(system) ActivityManager expire 1 line
04-26 20:31:41.043   340   340 I android.hardware.wifi@1.0-service: Wifi HAL started
04-26 20:31:41.046   719   741 I chatty  : uid=1000(system) android.display expire 2 lines
04-26 20:31:41.056   719   758 I chatty  : uid=1000(system) PackageManager expire 1 line
04-26 20:31:41.056   719   745 I chatty  : uid=1000 system_server expire 2 lines
04-26 20:31:41.863     0     0 D ieee80211 phy0: mac80211_hwsim_start
04-26 20:31:41.863     0     0 D ieee80211 phy0: mac80211_hwsim_add_interface (type=2 mac_addr=52:54:00:12:34:57)
04-26 20:31:41.863     0     0 D ieee80211 phy0: mac80211_hwsim_bss_info_changed(changed=0xe vif->addr=52:54:00:12:34:57)
04-26 20:31:41.863     0     0 D ieee80211 phy0: ERP_CTS_PROT: 0
04-26 20:31:41.863     0     0 D ieee80211 phy0: ERP_PREAMBLE: 0
04-26 20:31:41.863     0     0 D ieee80211 phy0: ERP_SLOT: 0
04-26 20:31:41.863     0     0 D ieee80211 phy0: mac80211_hwsim_conf_tx (queue=0 txop=0 cw_min=15 cw_max=1023 aifs=2)
04-26 20:31:41.863     0     0 D ieee80211 phy0: mac80211_hwsim_conf_tx (queue=1 txop=0 cw_min=15 cw_max=1023 aifs=2)
04-26 20:31:41.863     0     0 D ieee80211 phy0: mac80211_hwsim_conf_tx (queue=2 txop=0 cw_min=15 cw_max=1023 aifs=2)
04-26 20:31:41.863     0     0 D ieee80211 phy0: mac80211_hwsim_conf_tx (queue=3 txop=0 cw_min=15 cw_max=1023 aifs=2)
04-26 20:31:41.863     0     0 D ieee80211 phy0: mac80211_hwsim_bss_info_changed(changed=0x2000 vif->addr=52:54:00:12:34:57)
04-26 20:31:41.863     0     0 D ieee80211 phy0: mac80211_hwsim_config (freq=0 idle=1 ps=0 smps=auto)
04-26 20:31:41.863     0     0 D ieee80211 phy0: mac80211_hwsim_configure_filter
04-26 20:31:41.863     0     0 I IPv6    : ADDRCONF(NETDEV_UP): wlan0: link is not ready
04-26 20:31:41.863     0     0 D ieee80211 phy0: mac80211_hwsim_configure_filter
04-26 20:31:41.060   340   340 I android.hardware.wifi@1.0-service: Adding interface handle for wlan0
04-26 20:31:41.060   340   340 W android.hardware.wifi@1.0-service: No active wlan interfaces in use! Using default
04-26 20:31:41.060   340   340 E android.hardware.wifi@1.0-service: Failed to register radio mode change callback
04-26 20:31:41.060   340   340 W android.hardware.wifi@1.0-service: No active wlan interfaces in use! Using default
04-26 20:31:41.060   719   765 I chatty  : uid=1000 system_server expire 108 lines
04-26 20:31:41.060   719   719 I chatty  : uid=1000 system_server expire 95 lines
04-26 20:31:41.061   719   745 I chatty  : uid=1000 system_server expire 34 lines
04-26 20:31:41.066   719   758 I chatty  : uid=1000(system) PackageManager expire 21 lines
04-26 20:31:41.072   340   340 I android.hardware.wifi@1.0-service: Configured chip in mode 0
04-26 20:31:41.073   340   340 W android.hardware.wifi@1.0-service: No active wlan interfaces in use! Using default
04-26 20:31:41.084   340   340 I android.hardware.wifi@1.0-service: Adding interface handle for wlan0
04-26 20:31:41.084   340   340 E android.hardware.wifi@1.0-service: Failed to set DFS flag; DFS channels may be unavailable.
04-26 20:31:41.097   519   519 I wificond: create scanner for interface with index: 6
04-26 20:31:41.097   519   519 I wificond: subscribe scan result for interface with index: 6
04-26 20:31:41.923     0     0 I init    : starting service 'wpa_supplicant'...
04-26 20:31:41.923     0     0 I init    : Created socket '/dev/socket/wpa_wlan0', mode 660, user 1010, group 1010
04-26 20:31:41.926     0     0 I init    : Control message: Processed ctl.interface_start for 'android.hardware.wifi.supplicant@1.0::ISupplicant/default' from pid: 155 (/system/bin/hwservicemanager)
04-26 20:31:42.178     0     0 D ieee80211 phy0: mac80211_hwsim_add_interface (type=10 mac_addr=02:00:00:00:00:00)
04-26 20:31:42.178     0     0 D ieee80211 phy0: mac80211_hwsim_conf_tx (queue=0 txop=47 cw_min=3 cw_max=7 aifs=2)
04-26 20:31:42.178     0     0 D ieee80211 phy0: mac80211_hwsim_conf_tx (queue=1 txop=94 cw_min=7 cw_max=15 aifs=2)
04-26 20:31:42.178     0     0 D ieee80211 phy0: mac80211_hwsim_conf_tx (queue=2 txop=0 cw_min=15 cw_max=1023 aifs=3)
04-26 20:31:42.178     0     0 D ieee80211 phy0: mac80211_hwsim_conf_tx (queue=3 txop=0 cw_min=15 cw_max=1023 aifs=7)
04-26 20:31:41.477   719   740 I chatty  : uid=1000(system) android.io expire 3 lines
04-26 20:31:41.478   719   719 I chatty  : uid=1000 system_server expire 221 lines
04-26 20:31:41.484   719   748 I chatty  : uid=1000(system) ActivityManager expire 16 lines
04-26 20:31:41.632   719   791 I chatty  : uid=1000(system) StorageManagerS expire 1 line
04-26 20:31:41.647   719   745 I chatty  : uid=1000 system_server expire 4 lines
04-26 20:31:41.654   719   821 I chatty  : uid=1000(system) AudioService expire 2 lines
04-26 20:31:41.708   719   765 I chatty  : uid=1000 system_server expire 7 lines
04-26 20:31:41.752   456   456 I iorapd  : iorapd (the prefetchening) readied up
04-26 20:31:41.825   719   798 I chatty  : uid=1000(system) NetworkPolicy expire 1 line
04-26 20:31:41.916   719   806 I chatty  : uid=1000(system) ConnectivitySer expire 3 lines
04-26 20:31:41.941   719   746 I chatty  : uid=1000(system) android.bg expire 1 line
04-26 20:31:41.941   719   719 I chatty  : uid=1000 system_server expire 247 lines
04-26 20:31:42.009   719   806 I chatty  : uid=1000(system) ConnectivitySer expire 2 lines
04-26 20:31:42.122   719   748 I chatty  : uid=1000(system) ActivityManager expire 6 lines
04-26 20:31:42.134   719   719 I chatty  : uid=1000 system_server expire 242 lines
04-26 20:31:42.153   719   746 I chatty  : uid=1000(system) android.bg expire 2 lines
04-26 20:31:42.171   719   734 I chatty  : uid=1000(system) Binder:719_2 expire 1 line
04-26 20:31:42.175   719   719 I chatty  : uid=1000 system_server expire 157 lines
04-26 20:31:43.267     0     0 W perfetto: enabled ftrace
04-26 20:31:42.676   719   748 I chatty  : uid=1000(system) ActivityManager expire 28 lines
04-26 20:31:42.684   719  1089 I chatty  : uid=1000(system) Binder:719_7 expire 1 line
04-26 20:31:42.687   719   741 I chatty  : uid=1000(system) android.display expire 1 line
04-26 20:31:42.695   719   828 I chatty  : uid=1000(system) Binder:719_4 expire 1 line
04-26 20:31:42.853   719  1066 I chatty  : uid=1000(system) Binder:719_6 expire 1 line
04-26 20:31:42.864   719   806 I chatty  : uid=1000(system) ConnectivitySer expire 3 lines
04-26 20:31:42.873   719   740 I chatty  : uid=1000(system) android.io expire 8 lines
04-26 20:31:42.910   719   747 I chatty  : uid=1000(system) ActivityManager expire 1 line
04-26 20:31:42.969   903   903 D SystemUIBootTiming: DependencyInjection took to complete: 0ms
04-26 20:31:43.004   903   903 D SystemUIBootTiming: StartServicescom.android.systemui.util.NotificationChannels took to complete: 23ms
04-26 20:31:43.109   245  1224 D local_opengl: Sending id 8 to host
04-26 20:31:43.160   719  1104 I chatty  : uid=1000(system) Binder:719_9 expire 2 lines
04-26 20:31:43.161   903   903 D SystemUIBootTiming: StartServicescom.android.systemui.keyguard.KeyguardViewMediator took to complete: 156ms
04-26 20:31:43.162   719   814 I chatty  : uid=1000(system) onProviders.ECP expire 2 lines
04-26 20:31:43.180   719  1233 I chatty  : uid=1000(system) BluetoothRouteM expire 1 line
04-26 20:31:43.240   245  1246 D local_opengl: Sending id 9 to host
04-26 20:31:43.319   719  1247 I chatty  : uid=1000(system) uteStateMachine expire 2 lines
04-26 20:31:43.462   903   903 D SystemUIBootTiming: StartServicescom.android.systemui.recents.Recents took to complete: 302ms
04-26 20:31:43.481   719  1258 I chatty  : uid=1000(system) CallAudioModeSt expire 1 line
04-26 20:31:45.176     0     0 D ieee80211 phy0: mac80211_hwsim_configure_filter
04-26 20:31:44.398   719   752 I chatty  : uid=1000(system) batterystats-wo expire 4 lines
04-26 20:31:44.510   719   719 I chatty  : uid=1000 system_server expire 16 lines
04-26 20:31:44.522   719   782 I chatty  : uid=1000(system) Binder:719_3 expire 5 lines
04-26 20:31:44.522   719  1065 I chatty  : uid=1000(system) Binder:719_5 expire 5 lines
04-26 20:31:44.528   903   903 D SystemUIBootTiming: StartServicescom.android.systemui.volume.VolumeUI took to complete: 1066ms
04-26 20:31:44.529   903   903 D SystemUIBootTiming: StartServicescom.android.systemui.stackdivider.Divider took to complete: 1ms
04-26 20:31:44.939   719   740 I chatty  : uid=1000(system) android.io expire 21 lines
04-26 20:31:45.090   719   741 I chatty  : uid=1000(system) android.display expire 82 lines
04-26 20:31:45.330   719   806 I chatty  : uid=1000(system) ConnectivitySer expire 8 lines
04-26 20:31:45.330   719  1089 I chatty  : uid=1000(system) Binder:719_7 expire 4 lines
04-26 20:31:45.808   719   747 I chatty  : uid=1000(system) ActivityManager expire 3 lines
04-26 20:31:45.923  1106  1332 W ActivityThread: Failed to find provider info for com.android.contacts (user not unlocked)
04-26 20:31:45.992   719   739 I chatty  : uid=1000(system) android.ui expire 1 line
04-26 20:31:46.015   880  1344 W ActivityThread: Failed to find provider info for com.android.contacts (user not unlocked)
04-26 20:31:46.186   719   828 I chatty  : uid=1000(system) Binder:719_4 expire 30 lines
04-26 20:31:46.341   719   748 I chatty  : uid=1000(system) ActivityManager expire 2 lines
04-26 20:31:46.468   719  1104 I chatty  : uid=1000(system) Binder:719_9 expire 9 lines
04-26 20:31:46.607   719   734 I chatty  : uid=1000(system) Binder:719_2 expire 7 lines
04-26 20:31:46.670   903  1203 W ActivityThread: Failed to find provider info for com.android.contacts (user not unlocked)
04-26 20:31:46.671   903   903 D SystemUIBootTiming: StartServicescom.android.systemui.statusbar.phone.StatusBar took to complete: 2142ms
04-26 20:31:46.688   903   903 D SystemUIBootTiming: StartServicescom.android.systemui.usb.StorageNotification took to complete: 16ms
04-26 20:31:46.724   903   903 D SystemUIBootTiming: StartServicescom.android.systemui.power.PowerUI took to complete: 36ms
04-26 20:31:46.725   903   903 D SystemUIBootTiming: StartServicescom.android.systemui.media.RingtonePlayer took to complete: 1ms
04-26 20:31:46.726   903   903 D SystemUIBootTiming: StartServicescom.android.systemui.keyboard.KeyboardUI took to complete: 1ms
04-26 20:31:46.726   903   903 D SystemUIBootTiming: StartServicescom.android.systemui.pip.PipUI took to complete: 0ms
04-26 20:31:46.729   903   903 D SystemUIBootTiming: StartServicescom.android.systemui.shortcut.ShortcutKeyDispatcher took to complete: 3ms
04-26 20:31:46.729   903   903 D SystemUIBootTiming: StartServicescom.android.systemui.VendorServices took to complete: 0ms
04-26 20:31:46.730   903   903 D SystemUIBootTiming: StartServicescom.android.systemui.util.leak.GarbageMonitor$Service took to complete: 1ms
04-26 20:31:46.731   903   903 D SystemUIBootTiming: StartServicescom.android.systemui.LatencyTester took to complete: 0ms
04-26 20:31:46.734   903   903 D SystemUIBootTiming: StartServicescom.android.systemui.globalactions.GlobalActionsComponent took to complete: 3ms
04-26 20:31:46.735   903   903 D SystemUIBootTiming: StartServicescom.android.systemui.ScreenDecorations took to complete: 1ms
04-26 20:31:46.736   903   903 D SystemUIBootTiming: StartServicescom.android.systemui.biometrics.AuthController took to complete: 1ms
04-26 20:31:46.737   903   903 D SystemUIBootTiming: StartServicescom.android.systemui.SliceBroadcastRelayHandler took to complete: 0ms
04-26 20:31:46.737   903   903 D SystemUIBootTiming: StartServicescom.android.systemui.SizeCompatModeActivityController took to complete: 0ms
04-26 20:31:46.741   903   903 D SystemUIBootTiming: StartServicescom.android.systemui.statusbar.notification.InstantAppNotifier took to complete: 4ms
04-26 20:31:46.744   903   903 D SystemUIBootTiming: StartServicescom.android.systemui.theme.ThemeOverlayController took to complete: 3ms
04-26 20:31:46.746   903   903 D SystemUIBootTiming: StartServicescom.android.systemui.accessibility.WindowMagnification took to complete: 2ms
04-26 20:31:46.776   903   903 D SystemUIBootTiming: StartServicescom.android.systemui.accessibility.SystemActions took to complete: 30ms
04-26 20:31:46.777   903   903 D SystemUIBootTiming: StartServicescom.android.systemui.toast.ToastUI took to complete: 0ms
04-26 20:31:46.790   903   903 D SystemUIBootTiming: StartServices took to complete: 3809ms
04-26 20:31:47.034   245  1475 D local_opengl: Sending id 10 to host
04-26 20:31:47.104   245  1476 D local_opengl: Sending id 11 to host
04-26 20:31:47.179   245  1477 D local_opengl: Sending id 12 to host
04-26 20:31:48.040     0     0 W perfetto: disabled ftrace
04-26 20:31:47.396   719   738 I chatty  : uid=1000(system) android.fg expire 4 lines
04-26 20:31:47.531   903  1298 W ActivityThread: Failed to find provider info for com.android.contacts (user not unlocked)
04-26 20:31:47.661   719   746 I chatty  : uid=1000(system) android.bg expire 1 line
04-26 20:31:47.943   719   742 I chatty  : uid=1000(system) android.anim expire 2 lines
04-26 20:31:48.245   719   733 I chatty  : uid=1000(system) Binder:719_1 expire 2 lines
04-26 20:31:49.237     0     0 I init    : Service 'bootanim' (pid 675) exited with status 0 oneshot service took 22.469000 seconds in background
04-26 20:31:49.237     0     0 I init    : Sending signal 9 to service 'bootanim' (pid 675) process group...
04-26 20:31:49.237     0     0 I libprocessgroup: Successfully killed process cgroup uid 1003 pid 675 in 0ms
04-26 20:31:48.491   719   756 I chatty  : uid=1000(system) PowerManagerSer expire 1 line
04-26 20:31:49.349     0     0 I init    : processing action (sys.boot_completed=1) from (/system/etc/init/hw/init.rc:987)
04-26 20:31:49.350     0     0 I init    : starting service 'exec 14 (/bin/rm -rf /data/per_boot)'...
04-26 20:31:49.351     0     0 I init    : SVC_EXEC service 'exec 14 (/bin/rm -rf /data/per_boot)' pid 1508 (uid 1000 gid 1000+0 context default) started; waiting...
04-26 20:31:49.366     0     0 D ieee80211 phy0: hwsim hw_scan request
04-26 20:31:49.366     0     0 D ieee80211 phy0: hw scan 2412 MHz
04-26 20:31:48.499   719   741 D ActivityManagerTiming: OnBootPhase_1000_com.android.server.integrity.AppIntegrityManagerService took to complete: 0ms
04-26 20:31:48.499   719   741 I ActivityManagerTiming: OnBootPhase_1000_com.android.server.inputmethod.InputMethodManagerService$Lifecycle
04-26 20:31:48.499   719   741 D ActivityManagerTiming: OnBootPhase_1000_com.android.server.inputmethod.InputMethodManagerService$Lifecycle took to complete: 0ms
04-26 20:31:48.499   719   741 I ActivityManagerTiming: OnBootPhase_1000_com.android.server.accessibility.AccessibilityManagerService$Lifecycle
04-26 20:31:48.499   719   741 D ActivityManagerTiming: OnBootPhase_1000_com.android.server.accessibility.AccessibilityManagerService$Lifecycle took to complete: 0ms
04-26 20:31:48.499   719   741 I ActivityManagerTiming: OnBootPhase_1000_com.android.server.StorageManagerService$Lifecycle
04-26 20:31:48.499   719   741 D StorageManagerService: FUSE flags. Settings: true. Default: true
04-26 20:31:48.499   719   741 D ActivityManagerTiming: OnBootPhase_1000_com.android.server.StorageManagerService$Lifecycle took to complete: 0ms
04-26 20:31:48.499   719   741 I ActivityManagerTiming: OnBootPhase_1000_com.android.server.usage.StorageStatsService$Lifecycle
04-26 20:31:48.499   719   741 D ActivityManagerTiming: OnBootPhase_1000_com.android.server.usage.StorageStatsService$Lifecycle took to complete: 0ms
04-26 20:31:48.499   719   741 I ActivityManagerTiming: OnBootPhase_1000_com.android.server.UiModeManagerService
04-26 20:31:48.499   719   741 D ActivityManagerTiming: OnBootPhase_1000_com.android.server.UiModeManagerService took to complete: 0ms
04-26 20:31:48.499   719   741 I ActivityManagerTiming: OnBootPhase_1000_com.android.server.locksettings.LockSettingsService$Lifecycle
04-26 20:31:48.499   719   741 D ActivityManagerTiming: OnBootPhase_1000_com.android.server.locksettings.LockSettingsService$Lifecycle took to complete: 0ms
04-26 20:31:48.499   719   741 I ActivityManagerTiming: OnBootPhase_1000_com.android.server.testharness.TestHarnessModeService
04-26 20:31:48.499   719   741 D TestHarnessModeService: Completing Test Harness Mode setup.
04-26 20:31:48.499   719   741 D TestHarnessModeService: Getting PersistentDataBlockManagerInternal from LocalServices
04-26 20:31:48.499   719   741 E TestHarnessModeService: Failed to start Test Harness Mode; no implementation of PersistentDataBlockManagerInternal was bound!
04-26 20:31:48.499   719   741 D ActivityManagerTiming: OnBootPhase_1000_com.android.server.testharness.TestHarnessModeService took to complete: 0ms
04-26 20:31:48.499   719   741 I ActivityManagerTiming: OnBootPhase_1000_com.android.server.DeviceIdleController
04-26 20:31:48.499   719   741 D ActivityManagerTiming: OnBootPhase_1000_com.android.server.DeviceIdleController took to complete: 0ms
04-26 20:31:48.499   719   741 I ActivityManagerTiming: OnBootPhase_1000_com.android.server.devicepolicy.DevicePolicyManagerService$Lifecycle
04-26 20:31:48.500   719   741 D ActivityManagerTiming: OnBootPhase_1000_com.android.server.devicepolicy.DevicePolicyManagerService$Lifecycle took to complete: 0ms
04-26 20:31:48.500   719   741 I ActivityManagerTiming: OnBootPhase_1000_com.android.server.textservices.TextServicesManagerService$Lifecycle
04-26 20:31:48.500   719   741 D ActivityManagerTiming: OnBootPhase_1000_com.android.server.textservices.TextServicesManagerService$Lifecycle took to complete: 0ms
04-26 20:31:48.501   719   741 I ActivityManagerTiming: OnBootPhase_1000_com.android.server.textclassifier.TextClassificationManagerService$Lifecycle
04-26 20:31:48.501   719   741 D ActivityManagerTiming: OnBootPhase_1000_com.android.server.textclassifier.TextClassificationManagerService$Lifecycle took to complete: 0ms
04-26 20:31:48.501   719   741 I ActivityManagerTiming: OnBootPhase_1000_com.android.server.NetworkScoreService$Lifecycle
04-26 20:31:48.501   719   741 D ActivityManagerTiming: OnBootPhase_1000_com.android.server.NetworkScoreService$Lifecycle took to complete: 0ms
04-26 20:31:48.501   719   741 I ActivityManagerTiming: OnBootPhase_1000_com.android.server.wifi.WifiService
04-26 20:31:48.501   719   777 D RollbackManager: mRollbackLifetimeDurationInMillis=1209600000
04-26 20:31:48.501   719   791 D StorageManagerService: Thinking about init, mBootCompleted=true, mDaemonConnected=true
04-26 20:31:48.501   719   791 D StorageManagerService: Thinking about reset, mBootCompleted=true, mDaemonConnected=true
04-26 20:31:48.501   719   791 I StorageSessionController: Started resetting external storage service...
04-26 20:31:48.501   719   791 I StorageSessionController: Finished resetting external storage service
04-26 20:31:48.501   719   791 I StorageManagerService: Resetting vold...
04-26 20:31:48.503   719   791 I StorageManagerService: Reset vold
04-26 20:31:48.503   165   165 I vold    : onUserAdded: 0
