04-26 20:31:48.508   719   741 D ActivityManagerTiming: OnBootPhase_1000_com.android.server.wifi.WifiService took to complete: 7ms
04-26 20:31:48.508   719   741 I ActivityManagerTiming: OnBootPhase_1000_com.android.server.wifi.scanner.WifiScanningService
04-26 20:31:48.509   719   741 D ActivityManagerTiming: OnBootPhase_1000_com.android.server.wifi.scanner.WifiScanningService took to complete: 0ms
04-26 20:31:48.509   719   741 I ActivityManagerTiming: OnBootPhase_1000_com.android.server.ethernet.EthernetService
04-26 20:31:48.509   719   741 D ActivityManagerTiming: OnBootPhase_1000_com.android.server.ethernet.EthernetService took to complete: 0ms
04-26 20:31:48.509   719   741 I ActivityManagerTiming: OnBootPhase_1000_com.android.server.notification.NotificationManagerService
04-26 20:31:48.509   719   741 D ActivityManagerTiming: OnBootPhase_1000_com.android.server.notification.NotificationManagerService took to complete: 0ms
04-26 20:31:48.509   719   741 I ActivityManagerTiming: OnBootPhase_1000_com.android.server.storage.DeviceStorageMonitorService
04-26 20:31:48.509   719   741 D ActivityManagerTiming: OnBootPhase_1000_com.android.server.storage.DeviceStorageMonitorService took to complete: 0ms
04-26 20:31:48.509   719   741 I ActivityManagerTiming: OnBootPhase_1000_com.android.server.location.LocationManagerService$Lifecycle
04-26 20:31:48.509   719   741 D ActivityManagerTiming: OnBootPhase_1000_com.android.server.location.LocationManagerService$Lifecycle took to complete: 0ms
04-26 20:31:48.509   719   741 I ActivityManagerTiming: OnBootPhase_1000_com.android.server.timedetector.TimeDetectorService$Lifecycle
04-26 20:31:48.509   719   741 D ActivityManagerTiming: OnBootPhase_1000_com.android.server.timedetector.TimeDetectorService$Lifecycle took to complete: 0ms
04-26 20:31:48.509   719   741 I ActivityManagerTiming: OnBootPhase_1000_com.android.server.timezonedetector.TimeZoneDetectorService$Lifecycle
04-26 20:31:48.509   719   741 D ActivityManagerTiming: OnBootPhase_1000_com.android.server.timezonedetector.TimeZoneDetectorService$Lifecycle took to complete: 0ms
04-26 20:31:48.509   719   741 I ActivityManagerTiming: OnBootPhase_1000_com.android.server.search.SearchManagerService$Lifecycle
04-26 20:31:48.509   719   741 D ActivityManagerTiming: OnBootPhase_1000_com.android.server.search.SearchManagerService$Lifecycle took to complete: 0ms
04-26 20:31:48.509   719   741 I ActivityManagerTiming: OnBootPhase_1000_com.android.server.wallpaper.WallpaperManagerService$Lifecycle
04-26 20:31:48.509   719   741 D ActivityManagerTiming: OnBootPhase_1000_com.android.server.wallpaper.WallpaperManagerService$Lifecycle took to complete: 0ms
04-26 20:31:48.509   719   741 I ActivityManagerTiming: OnBootPhase_1000_com.android.server.audio.AudioService$Lifecycle
04-26 20:31:48.509   719   741 D ActivityManagerTiming: OnBootPhase_1000_com.android.server.audio.AudioService$Lifecycle took to complete: 0ms
04-26 20:31:48.509   719   741 I ActivityManagerTiming: OnBootPhase_1000_com.android.server.soundtrigger_middleware.SoundTriggerMiddlewareService$Lifecycle
04-26 20:31:48.509   719   741 D ActivityManagerTiming: OnBootPhase_1000_com.android.server.soundtrigger_middleware.SoundTriggerMiddlewareService$Lifecycle took to complete: 0ms
04-26 20:31:48.509   719   741 I ActivityManagerTiming: OnBootPhase_1000_com.android.server.DockObserver
04-26 20:31:48.509   719   741 D ActivityManagerTiming: OnBootPhase_1000_com.android.server.DockObserver took to complete: 0ms
04-26 20:31:48.509   719   741 I ActivityManagerTiming: OnBootPhase_1000_com.android.server.adb.AdbService$Lifecycle
04-26 20:31:48.509   719   741 D ActivityManagerTiming: OnBootPhase_1000_com.android.server.adb.AdbService$Lifecycle took to complete: 0ms
04-26 20:31:48.509   719   741 I ActivityManagerTiming: OnBootPhase_1000_com.android.server.usb.UsbService$Lifecycle
04-26 20:31:48.509   719   741 D ActivityManagerTiming: OnBootPhase_1000_com.android.server.usb.UsbService$Lifecycle took to complete: 0ms
04-26 20:31:48.509   719   741 I ActivityManagerTiming: OnBootPhase_1000_com.android.server.twilight.TwilightService
04-26 20:31:48.512   719   733 D CompatibilityChangeReporter: Compat change id reported: 135634846; UID 10109; state: DISABLED
04-26 20:31:48.513   719   748 D CompatibilityChangeReporter: Compat change id reported: 143937733; UID 10109; state: DISABLED
04-26 20:31:48.515   719   741 D ActivityManagerTiming: OnBootPhase_1000_com.android.server.twilight.TwilightService took to complete: 6ms
04-26 20:31:48.515   719   741 I ActivityManagerTiming: OnBootPhase_1000_com.android.server.display.color.ColorDisplayService
04-26 20:31:48.515   719   741 D ActivityManagerTiming: OnBootPhase_1000_com.android.server.display.color.ColorDisplayService took to complete: 0ms
04-26 20:31:48.515   719   741 I ActivityManagerTiming: OnBootPhase_1000_com.android.server.job.JobSchedulerService
04-26 20:31:48.515   719   741 D ActivityManagerTiming: OnBootPhase_1000_com.android.server.job.JobSchedulerService took to complete: 0ms
04-26 20:31:48.515   719   741 I ActivityManagerTiming: OnBootPhase_1000_com.android.server.soundtrigger.SoundTriggerService
04-26 20:31:48.515   719   741 D SoundTriggerService: onBootPhase: 1000 : false
04-26 20:31:48.515   719   741 D ActivityManagerTiming: OnBootPhase_1000_com.android.server.soundtrigger.SoundTriggerService took to complete: 0ms
04-26 20:31:48.515   719   741 I ActivityManagerTiming: OnBootPhase_1000_com.android.server.trust.TrustManagerService
04-26 20:31:48.515   719   741 D ActivityManagerTiming: OnBootPhase_1000_com.android.server.trust.TrustManagerService took to complete: 0ms
04-26 20:31:48.515   719   741 I ActivityManagerTiming: OnBootPhase_1000_com.android.server.backup.BackupManagerService$Lifecycle
04-26 20:31:48.515   719   741 D ActivityManagerTiming: OnBootPhase_1000_com.android.server.backup.BackupManagerService$Lifecycle took to complete: 0ms
04-26 20:31:48.515   719   741 I ActivityManagerTiming: OnBootPhase_1000_com.android.server.appwidget.AppWidgetService
04-26 20:31:48.515   719   741 D ActivityManagerTiming: OnBootPhase_1000_com.android.server.appwidget.AppWidgetService took to complete: 0ms
04-26 20:31:48.515   719   741 I ActivityManagerTiming: OnBootPhase_1000_com.android.server.role.RoleManagerService
04-26 20:31:48.515   719   741 D ActivityManagerTiming: OnBootPhase_1000_com.android.server.role.RoleManagerService took to complete: 0ms
04-26 20:31:48.515   719   741 I ActivityManagerTiming: OnBootPhase_1000_com.android.server.voiceinteraction.VoiceInteractionManagerService
04-26 20:31:48.515   719   741 D ActivityManagerTiming: OnBootPhase_1000_com.android.server.voiceinteraction.VoiceInteractionManagerService took to complete: 0ms
04-26 20:31:48.516   719   741 I ActivityManagerTiming: OnBootPhase_1000_com.android.server.GestureLauncherService
04-26 20:31:48.516   719   741 D ActivityManagerTiming: OnBootPhase_1000_com.android.server.GestureLauncherService took to complete: 0ms
04-26 20:31:48.516   719   741 I ActivityManagerTiming: OnBootPhase_1000_com.android.server.SensorNotificationService
04-26 20:31:48.531   719   806 D ConnectivityService: Got NetworkProvider Messenger for WifiNetworkFactory
04-26 20:31:48.531   719   806 D ConnectivityService: Got NetworkProvider Messenger for UntrustedWifiNetworkFactory
04-26 20:31:48.540   719   748 I ActivityManager: Start proc 1500:com.android.inputmethod.latin/u0a109 for service {com.android.inputmethod.latin/com.android.inputmethod.latin.LatinIME}
04-26 20:31:48.541   719   741 D ActivityManagerTiming: OnBootPhase_1000_com.android.server.SensorNotificationService took to complete: 26ms
04-26 20:31:48.541   719   741 I ActivityManagerTiming: OnBootPhase_1000_com.android.server.emergency.EmergencyAffordanceService
04-26 20:31:48.541   719   741 D ActivityManagerTiming: OnBootPhase_1000_com.android.server.emergency.EmergencyAffordanceService took to complete: 0ms
04-26 20:31:48.541   719   741 I ActivityManagerTiming: OnBootPhase_1000_com.android.server.dreams.DreamManagerService
04-26 20:31:48.541   719   741 D ActivityManagerTiming: OnBootPhase_1000_com.android.server.dreams.DreamManagerService took to complete: 0ms
04-26 20:31:48.541   719   741 I ActivityManagerTiming: OnBootPhase_1000_com.android.server.print.PrintManagerService
04-26 20:31:48.541   719   741 D ActivityManagerTiming: OnBootPhase_1000_com.android.server.print.PrintManagerService took to complete: 0ms
04-26 20:31:48.541   719   741 I ActivityManagerTiming: OnBootPhase_1000_com.android.server.companion.CompanionDeviceManagerService
04-26 20:31:48.541   719   741 D ActivityManagerTiming: OnBootPhase_1000_com.android.server.companion.CompanionDeviceManagerService took to complete: 0ms
04-26 20:31:48.541   719   741 I ActivityManagerTiming: OnBootPhase_1000_com.android.server.restrictions.RestrictionsManagerService
04-26 20:31:48.541   719   741 D ActivityManagerTiming: OnBootPhase_1000_com.android.server.restrictions.RestrictionsManagerService took to complete: 0ms
04-26 20:31:48.541   719   741 I ActivityManagerTiming: OnBootPhase_1000_com.android.server.blob.BlobStoreManagerService
04-26 20:31:48.541   719   741 D ActivityManagerTiming: OnBootPhase_1000_com.android.server.blob.BlobStoreManagerService took to complete: 0ms
04-26 20:31:48.541   719   741 I ActivityManagerTiming: OnBootPhase_1000_com.android.server.media.MediaSessionService
04-26 20:31:48.541   719   741 D ActivityManagerTiming: OnBootPhase_1000_com.android.server.media.MediaSessionService took to complete: 0ms
04-26 20:31:48.541   719   741 I ActivityManagerTiming: OnBootPhase_1000_com.android.server.media.MediaResourceMonitorService
04-26 20:31:48.541   719   741 D ActivityManagerTiming: OnBootPhase_1000_com.android.server.media.MediaResourceMonitorService took to complete: 0ms
04-26 20:31:48.541   719   741 I ActivityManagerTiming: OnBootPhase_1000_com.android.server.biometrics.BiometricService
04-26 20:31:48.541   719   741 D ActivityManagerTiming: OnBootPhase_1000_com.android.server.biometrics.BiometricService took to complete: 0ms
04-26 20:31:48.541   719   741 I ActivityManagerTiming: OnBootPhase_1000_com.android.server.biometrics.AuthService
04-26 20:31:48.541   719   741 D ActivityManagerTiming: OnBootPhase_1000_com.android.server.biometrics.AuthService took to complete: 0ms
04-26 20:31:48.541   719   741 I ActivityManagerTiming: OnBootPhase_1000_com.android.server.pm.ShortcutService$Lifecycle
04-26 20:31:48.541   719   741 D ActivityManagerTiming: OnBootPhase_1000_com.android.server.pm.ShortcutService$Lifecycle took to complete: 0ms
04-26 20:31:48.541   719   741 I ActivityManagerTiming: OnBootPhase_1000_com.android.server.pm.LauncherAppsService
04-26 20:31:48.541   719   741 D ActivityManagerTiming: OnBootPhase_1000_com.android.server.pm.LauncherAppsService took to complete: 0ms
04-26 20:31:48.541   719   741 I ActivityManagerTiming: OnBootPhase_1000_com.android.server.pm.CrossProfileAppsService
04-26 20:31:48.541   719   741 D ActivityManagerTiming: OnBootPhase_1000_com.android.server.pm.CrossProfileAppsService took to complete: 0ms
04-26 20:31:48.541   719   741 I ActivityManagerTiming: OnBootPhase_1000_com.android.server.people.PeopleService
04-26 20:31:48.541   719   741 D ActivityManagerTiming: OnBootPhase_1000_com.android.server.people.PeopleService took to complete: 0ms
04-26 20:31:48.541   719   741 I ActivityManagerTiming: OnBootPhase_1000_com.android.server.media.projection.MediaProjectionManagerService
04-26 20:31:48.541   719   741 D ActivityManagerTiming: OnBootPhase_1000_com.android.server.media.projection.MediaProjectionManagerService took to complete: 0ms
04-26 20:31:48.541   719   741 I ActivityManagerTiming: OnBootPhase_1000_com.android.server.slice.SliceManagerService$Lifecycle
04-26 20:31:48.541   719   741 D ActivityManagerTiming: OnBootPhase_1000_com.android.server.slice.SliceManagerService$Lifecycle took to complete: 0ms
04-26 20:31:48.541   719   741 I ActivityManagerTiming: OnBootPhase_1000_com.android.server.camera.CameraServiceProxy
04-26 20:31:48.541   719   741 D ActivityManagerTiming: OnBootPhase_1000_com.android.server.camera.CameraServiceProxy took to complete: 0ms
04-26 20:31:48.541   719   741 I ActivityManagerTiming: OnBootPhase_1000_com.android.server.stats.StatsCompanion$Lifecycle
04-26 20:31:48.541   719   741 D ActivityManagerTiming: OnBootPhase_1000_com.android.server.stats.StatsCompanion$Lifecycle took to complete: 0ms
04-26 20:31:48.542   719   741 I ActivityManagerTiming: OnBootPhase_1000_com.android.server.stats.pull.StatsPullAtomService
04-26 20:31:48.542   719   741 D ActivityManagerTiming: OnBootPhase_1000_com.android.server.stats.pull.StatsPullAtomService took to complete: 0ms
04-26 20:31:48.542   719   741 I ActivityManagerTiming: OnBootPhase_1000_com.android.server.incident.IncidentCompanionService
04-26 20:31:48.542   719   741 D ActivityManagerTiming: OnBootPhase_1000_com.android.server.incident.IncidentCompanionService took to complete: 0ms
04-26 20:31:48.542   719   741 I ActivityManagerTiming: OnBootPhase_1000_com.android.server.MmsServiceBroker
04-26 20:31:48.542   719   741 D ActivityManagerTiming: OnBootPhase_1000_com.android.server.MmsServiceBroker took to complete: 0ms
04-26 20:31:48.542   719   741 I ActivityManagerTiming: OnBootPhase_1000_com.android.server.autofill.AutofillManagerService
04-26 20:31:48.542   719   741 D ActivityManagerTiming: OnBootPhase_1000_com.android.server.autofill.AutofillManagerService took to complete: 0ms
04-26 20:31:48.542   719   741 I ActivityManagerTiming: OnBootPhase_1000_com.android.server.clipboard.ClipboardService
04-26 20:31:48.542   719   741 D ActivityManagerTiming: OnBootPhase_1000_com.android.server.clipboard.ClipboardService took to complete: 0ms
04-26 20:31:48.542   719   741 I ActivityManagerTiming: OnBootPhase_1000_com.android.server.appbinding.AppBindingService$Lifecycle
04-26 20:31:48.542   719   741 D ActivityManagerTiming: OnBootPhase_1000_com.android.server.appbinding.AppBindingService$Lifecycle took to complete: 0ms
04-26 20:31:48.542   719   741 I ActivityManagerTiming: OnBootPhase_1000_com.android.server.policy.PermissionPolicyService
04-26 20:31:48.542   719   741 D ActivityManagerTiming: OnBootPhase_1000_com.android.server.policy.PermissionPolicyService took to complete: 0ms
04-26 20:31:48.542   719   741 I ActivityManagerTiming: OnBootPhase_1000_com.android.server.pm.StagingManager$Lifecycle
04-26 20:31:48.542   719   741 D ActivityManagerTiming: OnBootPhase_1000_com.android.server.pm.StagingManager$Lifecycle took to complete: 0ms
04-26 20:31:48.542   719   741 D ActivityManagerTiming: OnBootPhase_1000 took to complete: 52ms
04-26 20:31:48.542   719   741 D ActivityManagerTiming: TotalBootTime took to complete: 10089ms
04-26 20:31:48.542   719   741 D SystemServerInitThreadPool: Shutdown requested
04-26 20:31:48.542   719   741 I SystemServerTiming: WaitInitThreadPoolShutdown
04-26 20:31:48.545   719   741 D SystemServerInitThreadPool: Shutdown successful
04-26 20:31:48.545   719   741 D SystemServerTiming: WaitInitThreadPoolShutdown took to complete: 3ms
04-26 20:31:48.546   719   828 I Telecom : PhoneAccountRegistrar: Modify account: [ComponentInfo{com.android.phone/com.android.services.telephony.TelephonyConnectionService}, ***, UserHandle{0}]: TSI.rPA@ACw
04-26 20:31:48.549   719   828 I Telecom : CallsManager: handlePhoneAccountChanged: phoneAccount=[[X] PhoneAccount: ComponentInfo{com.android.phone/com.android.services.telephony.TelephonyConnectionService}, ***, UserHandle{0} Capabilities: CallProvider MultiUser PlaceEmerg SimSub  Audio Routes: BESW Schemes: tel voicemail  Extras: Bundle[{android.telecom.extra.SUPPORTS_VIDEO_CALLING_FALLBACK=true}] GroupId: ***]: TSI.rPA@ACw
04-26 20:31:48.551   719   741 I ActivityManager: User 0 state changed from BOOTING to RUNNING_LOCKED
04-26 20:31:48.551   719   741 W ActivityManager: UserLifecycleEvent 4 received without an active userJourneySession.
04-26 20:31:48.556   719   741 D StorageManagerService: unlockUserKey: 0 isFileEncryptedNativeOrEmulated: true hasToken: false hasSecret: false
04-26 20:31:48.556   165   165 D vold    : fscrypt_unlock_user_key 0 serial=0 token_present=0
04-26 20:31:48.557   165   165 D vold    : Skipping non-key ..
04-26 20:31:48.557   165   165 D vold    : Skipping non-key .
04-26 20:31:48.557   165   165 D vold    : Trying user CE key /data/misc/vold/user_keys/ce/0/current
04-26 20:31:49.387     0     0 I init    : Service 'exec 14 (/bin/rm -rf /data/per_boot)' (pid 1508) exited with status 0 waiting took 0.036000 seconds
04-26 20:31:49.387     0     0 I init    : Sending signal 9 to service 'exec 14 (/bin/rm -rf /data/per_boot)' (pid 1508) process group...
04-26 20:31:49.387     0     0 I libprocessgroup: Successfully killed process cgroup uid 1000 pid 1508 in 0ms
04-26 20:31:49.387     0     0 I init    : Encryption policy of /data/per_boot set to 792fb0f4e73726b3 v1 modes 1/4 flags 0x0
04-26 20:31:49.387     0     0 I init    : processing action (sys.boot_completed=1 && sys.bootstat.first_boot_completed=0) from (/system/etc/init/bootstat.rc:77)
04-26 20:31:49.388     0     0 I init    : starting service 'exec 15 (/system/bin/bootstat --record_boot_complete --record_boot_reason --record_time_since_factory_reset -l)'...
04-26 20:31:49.393     0     0 I init    : processing action (sys.boot_completed=1) from (/system/etc/init/flags_health_check.rc:7)
04-26 20:31:49.398     0     0 D ieee80211 phy0: hw scan 2417 MHz
04-26 20:31:48.578   165   165 I vold    : List of Keymaster HALs found:
04-26 20:31:48.578   165   165 I vold    : Keymaster HAL #1: SoftwareKeymasterDevice from Google SecurityLevel: SOFTWARE HAL: android.hardware.keymaster@3.0::IKeymasterDevice/default
04-26 20:31:48.578   165   165 I vold    : Using SoftwareKeymasterDevice from Google for encryption.  Security level: SOFTWARE, HAL: android.hardware.keymaster@3.0::IKeymasterDevice/default
04-26 20:31:48.580   165   165 D vold    : Successfully retrieved key
04-26 20:31:48.620   719   733 I Telecom : PhoneAccountRegistrar: Modify account: [ComponentInfo{com.android.phone/com.android.services.telephony.TelephonyConnectionService}, ***, UserHandle{0}]: TSI.rPA@AC4
04-26 20:31:48.621   719   733 I Telecom : CallsManager: handlePhoneAccountChanged: phoneAccount=[[X] PhoneAccount: ComponentInfo{com.android.phone/com.android.services.telephony.TelephonyConnectionService}, ***, UserHandle{0} Capabilities: CallProvider MultiUser PlaceEmerg SimSub  Audio Routes: BESW Schemes: tel voicemail  Extras: Bundle[{android.telecom.extra.SUPPORTS_VIDEO_CALLING_FALLBACK=true}] GroupId: ***]: TSI.rPA@AC4
04-26 20:31:49.434     0     0 D ieee80211 phy0: hw scan 2422 MHz
04-26 20:31:49.466     0     0 D ieee80211 phy0: hw scan 2427 MHz
04-26 20:31:49.502     0     0 D ieee80211 phy0: hw scan 2432 MHz
04-26 20:31:49.534     0     0 D ieee80211 phy0: hw scan 2437 MHz
04-26 20:31:49.566     0     0 D ieee80211 phy0: hw scan 2442 MHz
04-26 20:31:49.598     0     0 D ieee80211 phy0: hw scan 2447 MHz
04-26 20:31:49.630     0     0 D ieee80211 phy0: hw scan 2452 MHz
04-26 20:31:49.666     0     0 D ieee80211 phy0: hw scan 2457 MHz
04-26 20:31:49.698     0     0 D ieee80211 phy0: hw scan 2462 MHz
04-26 20:31:48.909   165   165 D vold    : Added key 835642814 (ext4:d94ea38e73b1024d) to keyring 706556961 in process 165
04-26 20:31:48.909   165   165 D vold    : Added key 975222423 (f2fs:d94ea38e73b1024d) to keyring 706556961 in process 165
04-26 20:31:48.909   165   165 D vold    : Added key 985652882 (fscrypt:d94ea38e73b1024d) to keyring 706556961 in process 165
04-26 20:31:48.909   165   165 D vold    : Installed ce key for user 0
04-26 20:31:49.734     0     0 D ieee80211 phy0: hw scan 2467 MHz
04-26 20:31:49.028   719   741 W ActivityManager: UserLifecycleEvent 5 received without an active userJourneySession.
04-26 20:31:49.028   719   741 D ActivityManager: Started unlocking user 0
04-26 20:31:49.028   719   741 D ActivityManager: Unlocking user 0 progress 0
04-26 20:31:49.028   719   741 D ActivityManager: Unlocking user 0 progress 5
04-26 20:31:49.028   719   741 E UserspaceRebootLogger: Userspace reboot is not supported.
04-26 20:31:49.029   165   165 D vold    : fscrypt_prepare_user_storage for volume null, user 0, serial 0, flags 2
04-26 20:31:49.029   165   165 D vold    : Preparing: /data/system_ce/0
04-26 20:31:49.029   165   165 D vold    : Preparing: /data/misc_ce/0
04-26 20:31:49.029   165   165 D vold    : Preparing: /data/vendor_ce/0
04-26 20:31:49.029   719   741 D ActivityManagerTiming: FinishBooting took to complete: 543ms
04-26 20:31:49.830     0     0 I init    : Command 'setprop persist.device_config.attempted_boot_count 0' action=sys.boot_completed=1 (/system/etc/init/flags_health_check.rc:8) took 436ms and succeeded
04-26 20:31:49.830     0     0 I init    : processing action (sys.boot_completed=1) from (/system/etc/init/logd.rc:33)
04-26 20:31:49.830     0     0 I init    : starting service 'logd-auditctl'...
04-26 20:31:49.029   165   165 D vold    : Preparing: /data/media/0
04-26 20:31:49.029   165   165 D vold    : Preparing: /data/data
04-26 20:31:49.029   165   165 I vold    : Verified that /data/system_ce/0 has the encryption policy d94ea38e73b1024d v1 modes 1/4 flags 0x0
04-26 20:31:49.030   165   165 I vold    : Verified that /data/misc_ce/0 has the encryption policy d94ea38e73b1024d v1 modes 1/4 flags 0x0
04-26 20:31:49.031   165   165 I vold    : Verified that /data/vendor_ce/0 has the encryption policy d94ea38e73b1024d v1 modes 1/4 flags 0x0
04-26 20:31:49.031   165   165 I vold    : Verified that /data/media/0 has the encryption policy d94ea38e73b1024d v1 modes 1/4 flags 0x0
04-26 20:31:49.031   165   165 I vold    : Verified that /data/data has the encryption policy d94ea38e73b1024d v1 modes 1/4 flags 0x0
04-26 20:31:49.031   165   165 D vold    : Starting restorecon of /data/system_ce/0
04-26 20:31:49.035   719   741 D ColorDisplayService: setUp: currentUser=0
04-26 20:31:49.836     0     0 I init    : Service 'exec 15 (/system/bin/bootstat --record_boot_complete --record_boot_reason --record_time_since_factory_reset -l)' (pid 1509) exited with status 0 oneshot service took 0.447000 seconds in background
04-26 20:31:49.836     0     0 I init    : Sending signal 9 to service 'exec 15 (/system/bin/bootstat --record_boot_complete --record_boot_reason --record_time_since_factory_reset -l)' (pid 1509) process group...
04-26 20:31:49.836     0     0 I libprocessgroup: Successfully killed process cgroup uid 1000 pid 1509 in 0ms
04-26 20:31:49.837     0     0 I init    : processing action (sys.boot_completed=1 && sys.wifitracing.started=0) from (/system/etc/init/wifi.rc:28)
04-26 20:31:49.039   719   747 I DropBoxManagerService: add tag=system_server_wtf isTagEnabled=true flags=0x2
04-26 20:31:49.854     0     0 D ieee80211 phy0: hw scan 2472 MHz
04-26 20:31:49.865     0     0 I selinux : SELinux: Skipping restorecon on directory(/data/system_ce/0)
04-26 20:31:49.866     0     0 I selinux :  
04-26 20:31:49.062   165   165 D vold    : Finished restorecon of /data/system_ce/0
04-26 20:31:49.062   165   165 D vold    : Starting restorecon of /data/vendor_ce/0
04-26 20:31:49.070   165   165 D vold    : Finished restorecon of /data/vendor_ce/0
04-26 20:31:49.070   165   165 D vold    : Starting restorecon of /data/misc_ce/0
04-26 20:31:49.873     0     0 I selinux : SELinux: Skipping restorecon on directory(/data/vendor_ce/0)
04-26 20:31:49.873     0     0 I selinux :  
04-26 20:31:49.876     0     0 I selinux : SELinux: Skipping restorecon on directory(/data/misc_ce/0)
04-26 20:31:49.876     0     0 I selinux :  
04-26 20:31:49.079   719   747 D CompatibilityChangeReporter: Compat change id reported: 135634846; UID 10101; state: DISABLED
04-26 20:31:49.080   719   748 D CompatibilityChangeReporter: Compat change id reported: 143937733; UID 10101; state: DISABLED
04-26 20:31:49.082   165   165 D vold    : Finished restorecon of /data/misc_ce/0
04-26 20:31:49.082   165   165 D vold    : /system/bin/vold_prepare_subdirs
04-26 20:31:49.082   165   165 D vold    :     prepare
04-26 20:31:49.082   165   165 D vold    :     
04-26 20:31:49.082   165   165 D vold    :     0
04-26 20:31:49.082   165   165 D vold    :     2
04-26 20:31:49.089   719   748 I ActivityManager: Start proc 1529:com.android.dialer/u0a101 for broadcast {com.android.dialer/com.android.dialer.app.voicemail.LegacyVoicemailNotificationReceiver}
04-26 20:31:49.974     0     0 D ieee80211 phy0: hw scan 2484 MHz
04-26 20:31:49.123   719   746 D AppStandbyController: Loading headless system app cache. appIdleEnabled=false
04-26 20:31:50.017     0     0 I init    : Command 'mkdir /sys/kernel/debug/tracing/instances/wifi 711' action=sys.boot_completed=1 && sys.wifitracing.started=0 (/system/etc/init/wifi.rc:30) took 179ms and succeeded
04-26 20:31:50.017     0     0 I init    : Service 'logd-auditctl' (pid 1523) exited with status 0 oneshot service took 0.185000 seconds in background
04-26 20:31:50.017     0     0 I init    : Sending signal 9 to service 'logd-auditctl' (pid 1523) process group...
04-26 20:31:50.017     0     0 I libprocessgroup: Successfully killed process cgroup uid 1036 pid 1523 in 0ms
04-26 20:31:49.218   719   738 V UserDataPreparer: Found /data/user/0 with serial number 0
04-26 20:31:49.218   719   738 V UserDataPreparer: Found /data/system_ce/0 with serial number 0
04-26 20:31:49.218   719   738 D UserDataPreparer: Setting property: sys.user.0.ce_available=true
04-26 20:31:49.219   719   738 V PackageManager: reconcileAppsData for null u0 0x2 migrateAppData=false
04-26 20:31:49.222   719   740 W BluetoothManagerService: Unable to bind with intent: Intent { act=android.bluetooth.IBluetoothHeadset cmp=com.android.bluetooth/.hfp.HeadsetService }
04-26 20:31:50.092     0     0 I init    : processing action (sys.user.0.ce_available=true) from (/system/etc/init/wifi.rc:21)
04-26 20:31:50.093     0     0 I selinux : SELinux: Skipping restorecon on directory(/data/misc_ce/0/apexdata/com.android.wifi)
04-26 20:31:50.093     0     0 I selinux :  
04-26 20:31:50.093     0     0 I init    : processing action (sys.boot_completed=1 && sys.wifitracing.started=1 && wifi.interface=*) from (/system/etc/init/wifi.rc:98)
04-26 20:31:50.096     0     0 D ieee80211 phy0: hw scan complete
04-26 20:31:50.096     0     0 D ieee80211 phy0: hwsim hw_scan request
04-26 20:31:50.096     0     0 D ieee80211 phy0: hw scan 5180 MHz
04-26 20:31:49.304   719  1089 I Telecom : PhoneAccountRegistrar: Modify account: [ComponentInfo{com.android.phone/com.android.services.telephony.TelephonyConnectionService}, ***, UserHandle{0}]: TSI.rPA@ADQ
04-26 20:31:49.305   719  1089 I Telecom : CallsManager: handlePhoneAccountChanged: phoneAccount=[[X] PhoneAccount: ComponentInfo{com.android.phone/com.android.services.telephony.TelephonyConnectionService}, ***, UserHandle{0} Capabilities: CallProvider MultiUser PlaceEmerg SimSub  Audio Routes: BESW Schemes: tel voicemail  Extras: Bundle[{android.telecom.extra.SUPPORTS_VIDEO_CALLING_FALLBACK=true}] GroupId: ***]: TSI.rPA@ADQ
04-26 20:31:49.326   719   719 I Telecom : PhoneAccountRegistrar: getSimCallManager: SimCallManager for subId 1 queried, returning: null: TSI.gSCMFU@ADU
04-26 20:31:49.327   719   719 D CompatibilityChangeReporter: Compat change id reported: 135634846; UID 10060; state: DISABLED
04-26 20:31:49.328   719   748 D CompatibilityChangeReporter: Compat change id reported: 143937733; UID 10060; state: ENABLED
04-26 20:31:50.214     0     0 D ieee80211 phy0: hw scan 5200 MHz
04-26 20:31:49.363   719   748 I ActivityManager: Start proc 1567:android.process.acore/u0a60 for content provider {com.android.providers.blockednumber/com.android.providers.blockednumber.BlockedNumberProvider}
04-26 20:31:50.334     0     0 D ieee80211 phy0: hw scan 5220 MHz
04-26 20:31:49.564  1500  1595 W ActivityThread: Failed to find provider info for user_dictionary (user not unlocked)
04-26 20:31:50.460     0     0 D ieee80211 phy0: hw scan 5240 MHz
04-26 20:31:49.687   719   733 W ActivityManager: Unable to start service Intent { act=com.google.android.chimera.BoundService.START dat=chimera-action:com.google.android.gms.phenotype.service.START cmp=com.google.android.gms/.chimera.PersistentApiService } U=0: not found
04-26 20:31:49.688   719   733 W ActivityManager: Unbind failed: could not find connection for android.os.BinderProxy@ff3c94
04-26 20:31:49.701   719   719 W Looper  : Slow dispatch took 375ms main h=android.app.ActivityThread$H c=android.app.-$$Lambda$LoadedApk$ReceiverDispatcher$Args$_BumDX2UKsnxLVrE6UJsJZkotuA@f9a133d m=0
04-26 20:31:49.701   719   719 W Looper  : Slow delivery took 358ms main h=android.app.ActivityThread$H c=android.app.-$$Lambda$LoadedApk$ReceiverDispatcher$Args$_BumDX2UKsnxLVrE6UJsJZkotuA@4a4f732 m=0
04-26 20:31:49.701   719   719 W Looper  : Drained
04-26 20:31:49.720   719   782 W ActivityTaskManager: Current config: {1.0 310mcc270mnc [en_US] ldltr sw360dp w360dp h568dp 640dpi nrml port finger qwerty/v/v -nav/h winConfig={ mBounds=Rect(0, 0 - 1440, 2560) mAppBounds=Rect(0, 0 - 1440, 2368) mWindowingMode=fullscreen mDisplayWindowingMode=fullscreen mActivityType=undefined mAlwaysOnTop=undefined mRotation=ROTATION_0} s.8} unchanged for IME proc com.android.inputmethod.latin
04-26 20:31:49.720   719   782 W ActivityTaskManager: Current config: {1.0 310mcc270mnc [en_US] ldltr sw360dp w360dp h568dp 640dpi nrml port finger qwerty/v/v -nav/h winConfig={ mBounds=Rect(0, 0 - 1440, 2560) mAppBounds=Rect(0, 0 - 1440, 2368) mWindowingMode=fullscreen mDisplayWindowingMode=fullscreen mActivityType=undefined mAlwaysOnTop=undefined mRotation=ROTATION_0} s.8} unchanged for IME proc com.android.inputmethod.latin
04-26 20:31:49.747   719  1065 D CompatibilityChangeReporter: Compat change id reported: 135634846; UID 10123; state: DISABLED
04-26 20:31:49.747   719   748 D CompatibilityChangeReporter: Compat change id reported: 143937733; UID 10123; state: ENABLED
04-26 20:31:49.756   719   748 I ActivityManager: Start proc 1618:com.android.cellbroadcastreceiver.module/u0a123 for broadcast {com.android.cellbroadcastreceiver.module/com.android.cellbroadcastreceiver.CellBroadcastReceiver}
04-26 20:31:50.578     0     0 D ieee80211 phy0: hw scan 5260 MHz
04-26 20:31:50.698     0     0 D ieee80211 phy0: hw scan 5280 MHz
04-26 20:31:50.818     0     0 D ieee80211 phy0: hw scan 5300 MHz
04-26 20:31:50.023   880  1658 W ActivityThread: Failed to find provider info for com.android.contacts (user not unlocked)
04-26 20:31:50.083   719  1104 D ConnectivityService: registerNetworkAgent NetworkAgentInfo{ ni{[type: MOBILE[], state: UNKNOWN/IDLE, reason: (unspecified), extra: fast.t-mobile.com, failover: false, available: true, roaming: false]}  network{100}  nethandle{432902426637}  lp{{InterfaceName: radio0 LinkAddresses: [ 10.0.3.15/24 ] DnsAddresses: [ /10.0.3.3 ] Domains: null MTU: 1500 TcpBufferSizes: 524288,1048576,2097152,262144,524288,1048576 Routes: [ 0.0.0.0/0 -> 10.0.3.2 radio0 mtu 1500,10.0.3.0/24 -> 0.0.0.0 radio0 mtu 0 ]}}  nc{[ Transports: CELLULAR Capabilities: MMS&SUPL&IA&INTERNET&NOT_RESTRICTED&TRUSTED&NOT_VPN&NOT_ROAMING&FOREGROUND&NOT_CONGESTED&NOT_SUSPENDED LinkUpBandwidth>=15000Kbps LinkDnBandwidth>=30000Kbps Specifier: <TelephonyNetworkSpecifier [mSubId = 1]> AdministratorUids: [] RequestorUid: -1 RequestorPackageName: null]}  Score{10}  everValidated{false}  lastValidated{false}  created{false} lingering{false} explicitlySelected{false} acceptUnvalidated{false} everCaptivePortalDetected{false} lastCaptivePortalDetected{false} partialConnectivity{false} acceptPartialConnectivity{false} clat{mBaseIface: null, mIface: null, mState: IDLE} }
04-26 20:31:50.938     0     0 D ieee80211 phy0: hw scan 5320 MHz
04-26 20:31:50.145   719   738 V PackageManager: reconcileAppsData finished 189 packages
04-26 20:31:50.145   719   738 I ActivityManager: User 0 state changed from RUNNING_LOCKED to RUNNING_UNLOCKING
04-26 20:31:50.145   719   738 D ActivityManager: Unlocking user 0 progress 20
04-26 20:31:50.145   719   738 W Looper  : Slow dispatch took 1117ms android.fg h=android.os.Handler c=com.android.server.am.-$$Lambda$UserController$stQk1028ON105v_u-VMykVjcxLk@b1ac9fe m=0
04-26 20:31:50.146   719   738 W Looper  : Slow delivery took 1117ms android.fg h=android.os.Handler c=com.android.server.am.-$$Lambda$UserController$G0WJmqt4X_QG30fRlvXobn18mrE@c67955f m=0
04-26 20:31:50.146   719   747 I SystemServerTimingAsync: ssm.UnlockingUser-0
04-26 20:31:50.146   719   747 I SystemServiceManager: Calling onUnlockingUser 0
04-26 20:31:50.146   719   747 I SystemServerTimingAsync: ssm.onUnlockingUser-0_com.android.server.security.FileIntegrityService
04-26 20:31:50.146   719   747 D SystemServerTimingAsync: ssm.onUnlockingUser-0_com.android.server.security.FileIntegrityService took to complete: 0ms
04-26 20:31:50.146   719   747 I SystemServerTimingAsync: ssm.onUnlockingUser-0_com.android.server.pm.Installer
04-26 20:31:50.146   719   747 D SystemServerTimingAsync: ssm.onUnlockingUser-0_com.android.server.pm.Installer took to complete: 0ms
04-26 20:31:50.146   719   747 I SystemServerTimingAsync: ssm.onUnlockingUser-0_com.android.server.os.DeviceIdentifiersPolicyService
04-26 20:31:50.146   719   747 D SystemServerTimingAsync: ssm.onUnlockingUser-0_com.android.server.os.DeviceIdentifiersPolicyService took to complete: 0ms
04-26 20:31:50.146   719   747 I SystemServerTimingAsync: ssm.onUnlockingUser-0_com.android.server.uri.UriGrantsManagerService$Lifecycle
04-26 20:31:50.146   719   747 D SystemServerTimingAsync: ssm.onUnlockingUser-0_com.android.server.uri.UriGrantsManagerService$Lifecycle took to complete: 0ms
04-26 20:31:50.146   719   747 I SystemServerTimingAsync: ssm.onUnlockingUser-0_com.android.server.wm.ActivityTaskManagerService$Lifecycle
04-26 20:31:50.146   719   747 I LaunchParamsPersister: Didn't find launch param folder for user 0
04-26 20:31:50.147   719   747 D SystemServerTimingAsync: ssm.onUnlockingUser-0_com.android.server.wm.ActivityTaskManagerService$Lifecycle took to complete: 0ms
04-26 20:31:50.147   719   747 I SystemServerTimingAsync: ssm.onUnlockingUser-0_com.android.server.am.ActivityManagerService$Lifecycle
04-26 20:31:50.147   719   747 D SystemServerTimingAsync: ssm.onUnlockingUser-0_com.android.server.am.ActivityManagerService$Lifecycle took to complete: 0ms
04-26 20:31:50.147   719   747 I SystemServerTimingAsync: ssm.onUnlockingUser-0_com.android.server.pm.DataLoaderManagerService
04-26 20:31:50.147   719   747 D SystemServerTimingAsync: ssm.onUnlockingUser-0_com.android.server.pm.DataLoaderManagerService took to complete: 0ms
04-26 20:31:50.147   719   747 I SystemServerTimingAsync: ssm.onUnlockingUser-0_com.android.server.power.PowerManagerService
04-26 20:31:50.147   719   747 D SystemServerTimingAsync: ssm.onUnlockingUser-0_com.android.server.power.PowerManagerService took to complete: 0ms
04-26 20:31:50.147   719   747 I SystemServerTimingAsync: ssm.onUnlockingUser-0_com.android.server.power.ThermalManagerService
04-26 20:31:50.147   719   747 D SystemServerTimingAsync: ssm.onUnlockingUser-0_com.android.server.power.ThermalManagerService took to complete: 0ms
04-26 20:31:50.147   719   747 I SystemServerTimingAsync: ssm.onUnlockingUser-0_com.android.server.recoverysystem.RecoverySystemService$Lifecycle
04-26 20:31:50.147   719   747 D SystemServerTimingAsync: ssm.onUnlockingUser-0_com.android.server.recoverysystem.RecoverySystemService$Lifecycle took to complete: 0ms
04-26 20:31:50.147   719   747 I SystemServerTimingAsync: ssm.onUnlockingUser-0_com.android.server.lights.LightsService
04-26 20:31:50.147   719   747 D SystemServerTimingAsync: ssm.onUnlockingUser-0_com.android.server.lights.LightsService took to complete: 0ms
04-26 20:31:50.147   719   747 I SystemServerTimingAsync: ssm.onUnlockingUser-0_com.android.server.display.DisplayManagerService
04-26 20:31:50.147   719   747 D SystemServerTimingAsync: ssm.onUnlockingUser-0_com.android.server.display.DisplayManagerService took to complete: 0ms
04-26 20:31:50.147   719   747 I SystemServerTimingAsync: ssm.onUnlockingUser-0_com.android.server.pm.UserManagerService$LifeCycle
04-26 20:31:50.147   719   747 D SystemServerTimingAsync: ssm.onUnlockingUser-0_com.android.server.pm.UserManagerService$LifeCycle took to complete: 0ms
04-26 20:31:50.147   719   747 I SystemServerTimingAsync: ssm.onUnlockingUser-0_com.android.server.om.OverlayManagerService
04-26 20:31:50.147   719   747 D SystemServerTimingAsync: ssm.onUnlockingUser-0_com.android.server.om.OverlayManagerService took to complete: 0ms
04-26 20:31:50.147   719   747 I SystemServerTimingAsync: ssm.onUnlockingUser-0_com.android.server.SensorPrivacyService
04-26 20:31:50.147   719   747 D SystemServerTimingAsync: ssm.onUnlockingUser-0_com.android.server.SensorPrivacyService took to complete: 0ms
04-26 20:31:50.147   719   747 I SystemServerTimingAsync: ssm.onUnlockingUser-0_com.android.server.SystemConfigService
04-26 20:31:50.147   719   747 D SystemServerTimingAsync: ssm.onUnlockingUser-0_com.android.server.SystemConfigService took to complete: 0ms
04-26 20:31:50.147   719   747 I SystemServerTimingAsync: ssm.onUnlockingUser-0_com.android.server.BatteryService
04-26 20:31:50.147   719   747 D SystemServerTimingAsync: ssm.onUnlockingUser-0_com.android.server.BatteryService took to complete: 0ms
04-26 20:31:50.147   719   747 I SystemServerTimingAsync: ssm.onUnlockingUser-0_com.android.server.usage.UsageStatsService
04-26 20:31:50.147   719   747 D SystemServerTimingAsync: ssm.onUnlockingUser-0_com.android.server.usage.UsageStatsService took to complete: 0ms
04-26 20:31:50.147   719   747 I SystemServerTimingAsync: ssm.onUnlockingUser-0_com.android.server.webkit.WebViewUpdateService
04-26 20:31:50.147   719   747 D SystemServerTimingAsync: ssm.onUnlockingUser-0_com.android.server.webkit.WebViewUpdateService took to complete: 0ms
04-26 20:31:50.147   719   747 I SystemServerTimingAsync: ssm.onUnlockingUser-0_com.android.server.CachedDeviceStateService
04-26 20:31:50.147   719   747 D SystemServerTimingAsync: ssm.onUnlockingUser-0_com.android.server.CachedDeviceStateService took to complete: 0ms
04-26 20:31:50.147   719   747 I SystemServerTimingAsync: ssm.onUnlockingUser-0_com.android.server.BinderCallsStatsService$LifeCycle
04-26 20:31:50.147   719   747 D SystemServerTimingAsync: ssm.onUnlockingUser-0_com.android.server.BinderCallsStatsService$LifeCycle took to complete: 0ms
04-26 20:31:50.147   719   747 I SystemServerTimingAsync: ssm.onUnlockingUser-0_com.android.server.LooperStatsService$Lifecycle
04-26 20:31:50.147   719   747 D SystemServerTimingAsync: ssm.onUnlockingUser-0_com.android.server.LooperStatsService$Lifecycle took to complete: 0ms
04-26 20:31:50.147   719   747 I SystemServerTimingAsync: ssm.onUnlockingUser-0_com.android.server.rollback.RollbackManagerService
04-26 20:31:50.148   719   747 D SystemServerTimingAsync: ssm.onUnlockingUser-0_com.android.server.rollback.RollbackManagerService took to complete: 1ms
04-26 20:31:50.148   719   747 I SystemServerTimingAsync: ssm.onUnlockingUser-0_com.android.server.os.BugreportManagerService
04-26 20:31:50.148   719   747 D SystemServerTimingAsync: ssm.onUnlockingUser-0_com.android.server.os.BugreportManagerService took to complete: 0ms
04-26 20:31:50.148   719   747 I SystemServerTimingAsync: ssm.onUnlockingUser-0_com.android.server.gpu.GpuService
04-26 20:31:50.148   719   747 D SystemServerTimingAsync: ssm.onUnlockingUser-0_com.android.server.gpu.GpuService took to complete: 0ms
04-26 20:31:50.148   719   747 I SystemServerTimingAsync: ssm.onUnlockingUser-0_com.android.server.security.KeyChainSystemService
04-26 20:31:50.148   719   747 D SystemServerTimingAsync: ssm.onUnlockingUser-0_com.android.server.security.KeyChainSystemService took to complete: 0ms
04-26 20:31:50.148   719   747 I SystemServerTimingAsync: ssm.onUnlockingUser-0_com.android.server.telecom.TelecomLoaderService
04-26 20:31:50.148   719   747 D SystemServerTimingAsync: ssm.onUnlockingUser-0_com.android.server.telecom.TelecomLoaderService took to complete: 0ms
04-26 20:31:50.148   719   747 I SystemServerTimingAsync: ssm.onUnlockingUser-0_com.android.server.accounts.AccountManagerService$Lifecycle
04-26 20:31:50.148   719   747 D SystemServerTimingAsync: ssm.onUnlockingUser-0_com.android.server.accounts.AccountManagerService$Lifecycle took to complete: 0ms
04-26 20:31:50.148   719   747 I SystemServerTimingAsync: ssm.onUnlockingUser-0_com.android.server.content.ContentService$Lifecycle
04-26 20:31:50.148   719   747 D SystemServerTimingAsync: ssm.onUnlockingUser-0_com.android.server.content.ContentService$Lifecycle took to complete: 0ms
04-26 20:31:50.149   719   747 I SystemServerTimingAsync: ssm.onUnlockingUser-0_com.android.server.DropBoxManagerService
04-26 20:31:50.149   719   747 D SystemServerTimingAsync: ssm.onUnlockingUser-0_com.android.server.DropBoxManagerService took to complete: 0ms
04-26 20:31:50.149   719   747 I SystemServerTimingAsync: ssm.onUnlockingUser-0_com.android.server.AlarmManagerService
04-26 20:31:50.149   719   747 D SystemServerTimingAsync: ssm.onUnlockingUser-0_com.android.server.AlarmManagerService took to complete: 0ms
04-26 20:31:50.149   719   747 I SystemServerTimingAsync: ssm.onUnlockingUser-0_com.android.server.BluetoothService
04-26 20:31:50.149   719   747 D BluetoothManagerService: User 0 unlocked
04-26 20:31:50.149   719   747 D SystemServerTimingAsync: ssm.onUnlockingUser-0_com.android.server.BluetoothService took to complete: 1ms
04-26 20:31:50.149   719   747 I SystemServerTimingAsync: ssm.onUnlockingUser-0_com.android.server.connectivity.IpConnectivityMetrics
04-26 20:31:50.149   719   747 D SystemServerTimingAsync: ssm.onUnlockingUser-0_com.android.server.connectivity.IpConnectivityMetrics took to complete: 0ms
04-26 20:31:50.149   719   747 I SystemServerTimingAsync: ssm.onUnlockingUser-0_com.android.server.net.watchlist.NetworkWatchlistService$Lifecycle
04-26 20:31:50.149   719   747 D SystemServerTimingAsync: ssm.onUnlockingUser-0_com.android.server.net.watchlist.NetworkWatchlistService$Lifecycle took to complete: 0ms
04-26 20:31:50.149   719   747 I SystemServerTimingAsync: ssm.onUnlockingUser-0_com.android.server.PinnerService
04-26 20:31:50.149   719   747 D SystemServerTimingAsync: ssm.onUnlockingUser-0_com.android.server.PinnerService took to complete: 0ms
04-26 20:31:50.149   719   747 I SystemServerTimingAsync: ssm.onUnlockingUser-0_com.google.android.startop.iorap.IorapForwardingService
04-26 20:31:50.149   719   747 D SystemServerTimingAsync: ssm.onUnlockingUser-0_com.google.android.startop.iorap.IorapForwardingService took to complete: 0ms
04-26 20:31:50.149   719   747 I SystemServerTimingAsync: ssm.onUnlockingUser-0_com.android.server.integrity.AppIntegrityManagerService
04-26 20:31:50.149   719   747 D SystemServerTimingAsync: ssm.onUnlockingUser-0_com.android.server.integrity.AppIntegrityManagerService took to complete: 0ms
04-26 20:31:50.149   719   747 I SystemServerTimingAsync: ssm.onUnlockingUser-0_com.android.server.inputmethod.InputMethodManagerService$Lifecycle
04-26 20:31:50.149   719   747 D SystemServerTimingAsync: ssm.onUnlockingUser-0_com.android.server.inputmethod.InputMethodManagerService$Lifecycle took to complete: 0ms
04-26 20:31:50.149   719   747 I SystemServerTimingAsync: ssm.onUnlockingUser-0_com.android.server.accessibility.AccessibilityManagerService$Lifecycle
04-26 20:31:50.149   719   747 D SystemServerTimingAsync: ssm.onUnlockingUser-0_com.android.server.accessibility.AccessibilityManagerService$Lifecycle took to complete: 0ms
04-26 20:31:50.149   719   747 I SystemServerTimingAsync: ssm.onUnlockingUser-0_com.android.server.StorageManagerService$Lifecycle
04-26 20:31:50.149   719   747 D StorageManagerService: onUnlockUser 0
04-26 20:31:50.149   719   747 I StorageSessionController: On user unlock 0
04-26 20:31:50.149   719   740 D BluetoothManagerService: MESSAGE_USER_UNLOCKED
04-26 20:31:50.149   719   747 I StorageSessionController: Initialialising...
04-26 20:31:50.165   165   165 I vold    : onUserStarted: 0
04-26 20:31:50.169   719  1104 V StorageManagerService: Found primary storage at VolumeInfo{emulated;0}:
04-26 20:31:50.169   719  1104 V StorageManagerService:     type=EMULATED diskId=null partGuid= mountFlags=0 mountUserId=0 
04-26 20:31:50.169   719  1104 V StorageManagerService:     state=UNMOUNTED 
04-26 20:31:50.169   719  1104 V StorageManagerService:     fsType=null fsUuid=null fsLabel=null 
04-26 20:31:50.169   719  1104 V StorageManagerService:     path=null internalPath=null 
04-26 20:31:50.169   719   791 I StorageManagerService: Mounting volume VolumeInfo{emulated;0}:
04-26 20:31:50.169   719   791 I StorageManagerService:     type=EMULATED diskId=null partGuid= mountFlags=PRIMARY|VISIBLE 
04-26 20:31:50.169   719   791 I StorageManagerService:     mountUserId=0 state=UNMOUNTED 
04-26 20:31:50.169   719   791 I StorageManagerService:     fsType=null fsUuid=null fsLabel=null 
04-26 20:31:50.169   719   791 I StorageManagerService:     path=null internalPath=null 
04-26 20:31:50.169   165   165 I vold    : Executing sdcardfs
04-26 20:31:50.170   165   165 D vold    : Waiting for sdcardfs to spin up...
04-26 20:31:50.180   719   747 D SystemServerTimingAsync: ssm.onUnlockingUser-0_com.android.server.StorageManagerService$Lifecycle took to complete: 31ms
04-26 20:31:50.188   719   806 D ConnectivityService: [100 CELLULAR] EVENT_NETWORK_INFO_CHANGED, going from UNKNOWN to UNKNOWN
04-26 20:31:50.188   719   747 I SystemServerTimingAsync: ssm.onUnlockingUser-0_com.android.server.usage.StorageStatsService$Lifecycle
04-26 20:31:50.188   719   747 D SystemServerTimingAsync: ssm.onUnlockingUser-0_com.android.server.usage.StorageStatsService$Lifecycle took to complete: 0ms
04-26 20:31:50.188   719   747 I SystemServerTimingAsync: ssm.onUnlockingUser-0_com.android.server.UiModeManagerService
04-26 20:31:50.188   719   747 D SystemServerTimingAsync: ssm.onUnlockingUser-0_com.android.server.UiModeManagerService took to complete: 0ms
04-26 20:31:50.188   719   747 I SystemServerTimingAsync: ssm.onUnlockingUser-0_com.android.server.locksettings.LockSettingsService$Lifecycle
04-26 20:31:50.189   719   747 D SystemServerTimingAsync: ssm.onUnlockingUser-0_com.android.server.locksettings.LockSettingsService$Lifecycle took to complete: 0ms
04-26 20:31:50.189   719   747 I SystemServerTimingAsync: ssm.onUnlockingUser-0_com.android.server.testharness.TestHarnessModeService
04-26 20:31:50.189   719   747 D SystemServerTimingAsync: ssm.onUnlockingUser-0_com.android.server.testharness.TestHarnessModeService took to complete: 0ms
04-26 20:31:50.189   719   747 I SystemServerTimingAsync: ssm.onUnlockingUser-0_com.android.server.DeviceIdleController
04-26 20:31:50.189   719   747 D SystemServerTimingAsync: ssm.onUnlockingUser-0_com.android.server.DeviceIdleController took to complete: 0ms
04-26 20:31:50.189   719   747 I SystemServerTimingAsync: ssm.onUnlockingUser-0_com.android.server.devicepolicy.DevicePolicyManagerService$Lifecycle
04-26 20:31:50.189   719   747 D SystemServerTimingAsync: ssm.onUnlockingUser-0_com.android.server.devicepolicy.DevicePolicyManagerService$Lifecycle took to complete: 0ms
04-26 20:31:50.189   719   747 I SystemServerTimingAsync: ssm.onUnlockingUser-0_com.android.server.textservices.TextServicesManagerService$Lifecycle
04-26 20:31:50.197   719   806 D ConnectivityService: [100 CELLULAR] EVENT_NETWORK_INFO_CHANGED, going from UNKNOWN to CONNECTED
04-26 20:31:50.199   719   747 D SystemServerTimingAsync: ssm.onUnlockingUser-0_com.android.server.textservices.TextServicesManagerService$Lifecycle took to complete: 11ms
04-26 20:31:50.199   719   747 I SystemServerTimingAsync: ssm.onUnlockingUser-0_com.android.server.textclassifier.TextClassificationManagerService$Lifecycle
04-26 20:31:50.199   719   747 D SystemServerTimingAsync: ssm.onUnlockingUser-0_com.android.server.textclassifier.TextClassificationManagerService$Lifecycle took to complete: 0ms
04-26 20:31:50.199   719   747 I SystemServerTimingAsync: ssm.onUnlockingUser-0_com.android.server.NetworkScoreService$Lifecycle
04-26 20:31:50.199   719   747 D SystemServerTimingAsync: ssm.onUnlockingUser-0_com.android.server.NetworkScoreService$Lifecycle took to complete: 0ms
04-26 20:31:50.199   719   747 I SystemServerTimingAsync: ssm.onUnlockingUser-0_com.android.server.wifi.WifiService
04-26 20:31:50.199   719   747 D SystemServerTimingAsync: ssm.onUnlockingUser-0_com.android.server.wifi.WifiService took to complete: 0ms
04-26 20:31:50.204   719   747 I SystemServerTimingAsync: ssm.onUnlockingUser-0_com.android.server.wifi.scanner.WifiScanningService
04-26 20:31:50.204   719   747 D SystemServerTimingAsync: ssm.onUnlockingUser-0_com.android.server.wifi.scanner.WifiScanningService took to complete: 0ms
04-26 20:31:50.204   719   747 I SystemServerTimingAsync: ssm.onUnlockingUser-0_com.android.server.ethernet.EthernetService
04-26 20:31:50.204   719   747 D SystemServerTimingAsync: ssm.onUnlockingUser-0_com.android.server.ethernet.EthernetService took to complete: 0ms
04-26 20:31:50.204   719   747 I SystemServerTimingAsync: ssm.onUnlockingUser-0_com.android.server.notification.NotificationManagerService
04-26 20:31:50.204   719   747 D SystemServerTimingAsync: ssm.onUnlockingUser-0_com.android.server.notification.NotificationManagerService took to complete: 0ms
04-26 20:31:50.204   719   747 I SystemServerTimingAsync: ssm.onUnlockingUser-0_com.android.server.storage.DeviceStorageMonitorService
04-26 20:31:50.204   719   747 D SystemServerTimingAsync: ssm.onUnlockingUser-0_com.android.server.storage.DeviceStorageMonitorService took to complete: 0ms
