04-26 20:32:00.784   719   748 D CompatibilityChangeReporter: Compat change id reported: 143937733; UID 10134; state: ENABLED
04-26 20:32:00.826   719   748 I ActivityManager: Start proc 2937:com.google.android.onetimeinitializer/u0a134 for broadcast {com.google.android.onetimeinitializer/com.google.android.onetimeinitializer.OneTimeInitializerReceiver}
04-26 20:32:01.062   719  2189 D CompatibilityChangeReporter: Compat change id reported: 135634846; UID 10133; state: DISABLED
04-26 20:32:01.062   719  2189 I ActivityManager: Killing 1618:com.android.cellbroadcastreceiver.module/u0a123 (adj 985): empty #17
04-26 20:32:01.063   719   748 D CompatibilityChangeReporter: Compat change id reported: 143937733; UID 10133; state: ENABLED
04-26 20:32:01.198   719  1089 D ConnectivityService: requestNetwork for uid/pid:10130/2781 NetworkRequest [ TRACK_DEFAULT id=29, [ Capabilities: INTERNET&NOT_RESTRICTED&TRUSTED Uid: 10130 AdministratorUids: [] RequestorUid: 10130 RequestorPackageName: com.google.android.gms] ]
04-26 20:32:01.198   719   806 D ConnectivityService: NetReassign [29 : null → 101]
04-26 20:32:01.210   719   806 D ConnectivityService: NetReassign [no changes]
04-26 20:32:01.226   719   748 W ActivityManager: Slow operation: 165ms so far, now at startProcess: returned from zygote!
04-26 20:32:01.226   719   748 W ActivityManager: Slow operation: 165ms so far, now at startProcess: done updating battery stats
04-26 20:32:01.226   719   748 W ActivityManager: Slow operation: 165ms so far, now at startProcess: building log message
04-26 20:32:01.226   719   748 I ActivityManager: Start proc 2971:com.google.android.partnersetup/u0a133 for broadcast {com.google.android.partnersetup/com.google.android.partnersetup.BootReceiver}
04-26 20:32:01.226   719   748 W ActivityManager: Slow operation: 165ms so far, now at startProcess: starting to update pids map
04-26 20:32:01.227   719   748 W ActivityManager: Slow operation: 165ms so far, now at startProcess: done updating pids map
04-26 20:32:01.904   719   748 D CompatibilityChangeReporter: Compat change id reported: 143937733; UID 10139; state: ENABLED
04-26 20:32:01.907   719  2753 I ActivityManager: Killing 2435:com.android.calendar/u0a111 (adj 985): empty #17
04-26 20:32:01.985   719   748 W ActivityManager: Slow operation: 80ms so far, now at startProcess: returned from zygote!
04-26 20:32:01.985   719   748 W ActivityManager: Slow operation: 81ms so far, now at startProcess: done updating battery stats
04-26 20:32:01.985   719   748 W ActivityManager: Slow operation: 81ms so far, now at startProcess: building log message
04-26 20:32:01.985   719   748 I ActivityManager: Start proc 3010:com.google.android.projection.gearhead:shared/u0a139 for broadcast {com.google.android.projection.gearhead/com.google.android.apps.auto.components.permission.impl.RecordPermissionsReceiver}
04-26 20:32:01.985   719   748 W ActivityManager: Slow operation: 81ms so far, now at startProcess: starting to update pids map
04-26 20:32:01.985   719   748 W ActivityManager: Slow operation: 81ms so far, now at startProcess: done updating pids map
04-26 20:31:53.682     0     0 I chatty  : uid=0(root) logd identical 1 line
04-26 20:31:54.484     0     0 D ieee80211 phy0: mac80211_hwsim_configure_filter
04-26 20:32:02.870     0     0 D ieee80211 phy0: hwsim hw_scan request
04-26 20:32:02.870     0     0 D ieee80211 phy0: hw scan 2412 MHz
04-26 20:32:02.904     0     0 D ieee80211 phy0: hw scan 2417 MHz
04-26 20:32:02.946     0     0 D ieee80211 phy0: hw scan 2422 MHz
04-26 20:32:02.974     0     0 D ieee80211 phy0: hw scan 2427 MHz
04-26 20:32:02.061   719  2753 W ActivityManager: Slow operation: 52ms so far, now at attachApplicationLocked: after sendPendingBroadcastsLocked
04-26 20:32:03.011     0     0 D ieee80211 phy0: hw scan 2432 MHz
04-26 20:32:03.052     0     0 D ieee80211 phy0: hw scan 2437 MHz
04-26 20:32:03.082     0     0 D ieee80211 phy0: hw scan 2442 MHz
04-26 20:32:03.118     0     0 D ieee80211 phy0: hw scan 2447 MHz
04-26 20:32:03.147     0     0 D ieee80211 phy0: hw scan 2452 MHz
04-26 20:32:03.185     0     0 D ieee80211 phy0: hw scan 2457 MHz
04-26 20:32:03.214     0     0 D ieee80211 phy0: hw scan 2462 MHz
04-26 20:32:03.251     0     0 D ieee80211 phy0: hw scan 2467 MHz
04-26 20:32:03.371     0     0 D ieee80211 phy0: hw scan 2472 MHz
04-26 20:32:03.491     0     0 D ieee80211 phy0: hw scan 2484 MHz
04-26 20:32:02.694   719  2753 I ActivityManager: Killing 2471:com.android.contacts/u0a100 (adj 985): empty #17
04-26 20:32:02.702   719   748 D CompatibilityChangeReporter: Compat change id reported: 143937733; UID 10139; state: ENABLED
04-26 20:32:02.720   719   748 I ActivityManager: Start proc 3044:com.google.android.projection.gearhead:car/u0a139 for broadcast {com.google.android.projection.gearhead/com.google.android.apps.auto.carservice.frx.FrxReceiver}
04-26 20:32:03.611     0     0 D ieee80211 phy0: hw scan complete
04-26 20:32:03.611     0     0 D ieee80211 phy0: hwsim hw_scan request
04-26 20:32:03.611     0     0 D ieee80211 phy0: hw scan 5180 MHz
04-26 20:32:03.733     0     0 D ieee80211 phy0: hw scan 5200 MHz
04-26 20:32:03.850     0     0 D ieee80211 phy0: hw scan 5220 MHz
04-26 20:32:03.970     0     0 D ieee80211 phy0: hw scan 5240 MHz
04-26 20:32:03.252   719   782 I ActivityManager: Killing 1985:com.android.deskclock/u0a104 (adj 985): empty #17
04-26 20:32:04.099     0     0 D ieee80211 phy0: hw scan 5260 MHz
04-26 20:32:03.359   719  1719 D ConnectivityService: requestNetwork for uid/pid:10141/2153 NetworkRequest [ TRACK_DEFAULT id=31, [ Capabilities: INTERNET&NOT_RESTRICTED&TRUSTED Uid: 10141 AdministratorUids: [] RequestorUid: 10141 RequestorPackageName: com.google.android.syncadapters.calendar] ]
04-26 20:32:03.359   719   806 D ConnectivityService: NetReassign [31 : null → 101]
04-26 20:32:03.361   719   806 D ConnectivityService: NetReassign [no changes]
04-26 20:32:04.218     0     0 D ieee80211 phy0: hw scan 5280 MHz
04-26 20:32:04.342     0     0 D ieee80211 phy0: hw scan 5300 MHz
04-26 20:32:04.474     0     0 D ieee80211 phy0: hw scan 5320 MHz
04-26 20:32:04.510     0     0 W audit_log_lost: 66 callbacks suppressed
04-26 20:32:04.510     0     0 W audit   : audit_lost=23 audit_rate_limit=5 audit_backlog_limit=64
04-26 20:32:04.510     0     0 E audit   : rate limit exceeded
04-26 20:32:04.594     0     0 D ieee80211 phy0: hw scan 5500 MHz
04-26 20:32:03.856   719  1719 D CompatibilityChangeReporter: Compat change id reported: 149924527; UID 10130; state: ENABLED
04-26 20:32:03.857   719  1719 D CompatibilityChangeReporter: Compat change id reported: 132649864; UID 10130; state: DISABLED
04-26 20:32:04.722     0     0 D ieee80211 phy0: hw scan 5520 MHz
04-26 20:32:04.938     0     0 D ieee80211 phy0: hw scan 5540 MHz
04-26 20:32:05.054     0     0 D ieee80211 phy0: hw scan 5560 MHz
04-26 20:32:05.057     0     0 I sdcardfs: the sbi->obbpath is not available
04-26 20:32:05.057     0     0 I sdcardfs: base obbpath is not available
04-26 20:32:05.174     0     0 D ieee80211 phy0: hw scan 5580 MHz
04-26 20:32:04.491   245  3101 D local_opengl: Sending id 20 to host
04-26 20:32:05.295     0     0 D ieee80211 phy0: hw scan 5600 MHz
04-26 20:32:05.423     0     0 D ieee80211 phy0: hw scan 5620 MHz
04-26 20:32:05.546     0     0 D ieee80211 phy0: hw scan 5640 MHz
04-26 20:32:04.813   719   806 D ConnectivityService: NetReassign [no changes]
04-26 20:32:04.851   719   810 D NsdService: mdnssd [start-service]
04-26 20:32:04.852   719   810 E NsdService: Failed to execute mdnssd [start-service]
04-26 20:32:04.852   719   810 E NsdService: com.android.server.NativeDaemonConnector$NativeDaemonFailureException: command '1 mdnssd start-service' failed with '402 1 Service already running'
04-26 20:32:04.852   719   810 E NsdService: 	at com.android.server.NativeDaemonConnector.executeForList(NativeDaemonConnector.java:516)
04-26 20:32:04.852   719   810 E NsdService: 	at com.android.server.NativeDaemonConnector.execute(NativeDaemonConnector.java:412)
04-26 20:32:04.852   719   810 E NsdService: 	at com.android.server.NativeDaemonConnector.execute(NativeDaemonConnector.java:407)
04-26 20:32:04.852   719   810 E NsdService: 	at com.android.server.NsdService$DaemonConnection.execute(NsdService.java:695)
04-26 20:32:04.852   719   810 E NsdService: 	at com.android.server.NsdService$DaemonConnection.start(NsdService.java:704)
04-26 20:32:04.852   719   810 E NsdService: 	at com.android.server.NsdService$NsdStateMachine$EnabledState.processMessage(NsdService.java:257)
04-26 20:32:04.852   719   810 E NsdService: 	at com.android.internal.util.StateMachine$SmHandler.processMsg(StateMachine.java:992)
04-26 20:32:04.852   719   810 E NsdService: 	at com.android.internal.util.StateMachine$SmHandler.handleMessage(StateMachine.java:809)
04-26 20:32:04.852   719   810 E NsdService: 	at android.os.Handler.dispatchMessage(Handler.java:106)
04-26 20:32:04.852   719   810 E NsdService: 	at android.os.Looper.loop(Looper.java:223)
04-26 20:32:04.852   719   810 E NsdService: 	at android.os.HandlerThread.run(HandlerThread.java:67)
04-26 20:32:04.853   719   810 D NsdService: New client listening to asynchronous messages
04-26 20:32:04.853   719   810 D NsdService: New client, channel: com.android.internal.util.AsyncChannel@fa6d240 messenger: android.os.Messenger@b973579
04-26 20:32:05.670     0     0 D ieee80211 phy0: hw scan 5660 MHz
04-26 20:32:05.790     0     0 D ieee80211 phy0: hw scan 5680 MHz
04-26 20:32:05.815     0     0 I sdcardfs: the sbi->obbpath is not available
04-26 20:32:05.815     0     0 I sdcardfs: base obbpath is not available
04-26 20:32:05.062   245  3106 D local_opengl: Sending id 21 to host
04-26 20:32:05.910     0     0 D ieee80211 phy0: hw scan 5700 MHz
04-26 20:32:05.124   719   806 D ConnectivityService: NetReassign [no changes]
04-26 20:32:05.191   719   810 D NsdService: New client listening to asynchronous messages
04-26 20:32:05.191   719   810 D NsdService: New client, channel: com.android.internal.util.AsyncChannel@1b761b messenger: android.os.Messenger@d8fb3b8
04-26 20:32:06.030     0     0 D ieee80211 phy0: hw scan 5745 MHz
04-26 20:32:06.150     0     0 D ieee80211 phy0: hw scan 5765 MHz
04-26 20:32:06.270     0     0 D ieee80211 phy0: hw scan 5785 MHz
04-26 20:32:06.390     0     0 D ieee80211 phy0: hw scan 5805 MHz
04-26 20:32:06.510     0     0 D ieee80211 phy0: hw scan 5825 MHz
04-26 20:32:05.758   719   828 I ActivityTaskManager: START u0 {act=android.intent.action.MAIN cat=[android.intent.category.LAUNCHER] flg=0x10200000 cmp=com.example.chat/.MainActivity bnds=[853,408][1119,758]} from uid 10118
04-26 20:32:06.582     0     0 W perfetto: enabled ftrace
04-26 20:32:06.630     0     0 D ieee80211 phy0: hw scan complete
04-26 20:32:06.630     0     0 D ieee80211 phy0: mac80211_hwsim_get_survey (idx=0)
04-26 20:32:06.630     0     0 D ieee80211 phy0: mac80211_hwsim_get_survey (idx=1)
04-26 20:32:06.490   719  2300 D CompatibilityChangeReporter: Compat change id reported: 149924527; UID 10138; state: ENABLED
04-26 20:32:06.491   719  2300 D CompatibilityChangeReporter: Compat change id reported: 132649864; UID 10138; state: DISABLED
04-26 20:32:07.516     0     0 I sdcardfs: the sbi->obbpath is not available
04-26 20:32:07.516     0     0 I sdcardfs: base obbpath is not available
04-26 20:32:06.765   719  2753 W ActivityManager: Slow operation: 617ms so far, now at getContentProviderImpl: after updateLruProcess
04-26 20:32:06.765   719  2753 W ActivityManager: Slow operation: 617ms so far, now at getContentProviderImpl: before updateOomAdj
04-26 20:32:06.765   719  2753 W ActivityManager: Slow operation: 617ms so far, now at getContentProviderImpl: after updateOomAdj
04-26 20:32:06.765   719  2753 W ActivityManager: Slow operation: 617ms so far, now at getContentProviderImpl: done!
04-26 20:32:06.780   719   741 D CompatibilityChangeReporter: Compat change id reported: 135634846; UID 10152; state: DISABLED
04-26 20:32:06.821   719   748 D CompatibilityChangeReporter: Compat change id reported: 143937733; UID 10152; state: ENABLED
04-26 20:32:06.860   719   748 W ActivityManager: Slow operation: 81ms so far, now at startProcess: returned from zygote!
04-26 20:32:06.860   719   748 W ActivityManager: Slow operation: 81ms so far, now at startProcess: done updating battery stats
04-26 20:32:06.860   719   748 W ActivityManager: Slow operation: 81ms so far, now at startProcess: building log message
04-26 20:32:06.860   719   748 I ActivityManager: Start proc 3124:com.example.chat/u0a152 for pre-top-activity {com.example.chat/com.example.chat.MainActivity}
04-26 20:32:06.860   719   748 W ActivityManager: Slow operation: 81ms so far, now at startProcess: starting to update pids map
04-26 20:32:06.861   719   748 W ActivityManager: Slow operation: 82ms so far, now at startProcess: done updating pids map
04-26 20:32:06.883   245  3130 D local_opengl: Sending id 22 to host
04-26 20:32:09.732   719  2188 D CompatibilityChangeReporter: Compat change id reported: 135634846; UID 10144; state: DISABLED
04-26 20:32:09.733   719  2188 I ActivityManager: Killing 2520:com.android.managedprovisioning/u0a63 (adj 985): empty #17
04-26 20:32:09.733   719  2188 I ActivityManager: Killing 2495:com.android.dynsystem/1000 (adj 995): empty #18
04-26 20:32:09.734   719   748 D CompatibilityChangeReporter: Compat change id reported: 143937733; UID 10144; state: DISABLED
04-26 20:32:09.747   719   748 I ActivityManager: Start proc 3207:com.google.android.syncadapters.contacts/u0a144 for broadcast {com.google.android.syncadapters.contacts/com.google.android.syncadapters.contacts.ContactsSyncAdapterBroadcastReceiver}
04-26 20:32:09.917   719  2188 D CompatibilityChangeReporter: Compat change id reported: 135634846; UID 10138; state: DISABLED
04-26 20:32:09.917   719   748 D CompatibilityChangeReporter: Compat change id reported: 143937733; UID 10138; state: ENABLED
04-26 20:32:09.929  1938  3165 W ActivityThread: ClassLoader.getResources: The class loader returned by Thread.getContextClassLoader() may fail for processes that host multiple applications. You should explicitly specify a context class loader. For example: Thread.setContextClassLoader(getClass().getClassLoader());
04-26 20:32:09.935   719   748 I ActivityManager: Start proc 3233:com.android.vending:background/u0a138 for service {com.android.vending/com.google.frameworks.client.data.android.server.play.BackgroundProcessEndpointService}
04-26 20:32:09.952   719  2188 D CompatibilityChangeReporter: Compat change id reported: 136219221; UID 10138; state: ENABLED
04-26 20:32:10.113   719  2300 D CompatibilityChangeReporter: Compat change id reported: 135634846; UID 10142; state: DISABLED
04-26 20:32:10.113   719   748 D CompatibilityChangeReporter: Compat change id reported: 143937733; UID 10142; state: ENABLED
04-26 20:32:10.128   719   748 I ActivityManager: Start proc 3260:com.google.android.tts/u0a142 for broadcast {com.google.android.tts/androidx.work.impl.background.systemalarm.RescheduleReceiver}
04-26 20:32:10.219   719  2300 I ActivityManager: Killing 2588:com.android.onetimeinitializer/u0a98 (adj 985): empty #17
04-26 20:32:10.361   719   719 W Looper  : Slow dispatch took 139ms main h=com.android.server.job.JobSchedulerService$JobHandler c=null m=4
04-26 20:32:10.555   719  1371 E IntervalStats: Unable to parse usage stats package 155
04-26 20:32:10.555   719  1371 E IntervalStats: Unable to parse usage stats package 157
04-26 20:32:10.555   719  1371 E IntervalStats: Unable to parse usage stats package 158
04-26 20:32:10.555   719  1371 E IntervalStats: Unable to parse usage stats package 161
04-26 20:32:10.577   719  2300 D ConnectivityService: requestNetwork for uid/pid:10138/3233 NetworkRequest [ TRACK_DEFAULT id=35, [ Capabilities: INTERNET&NOT_RESTRICTED&TRUSTED Uid: 10138 AdministratorUids: [] RequestorUid: 10138 RequestorPackageName: com.android.vending] ]
04-26 20:32:10.578   719   806 D ConnectivityService: NetReassign [35 : null → 101]
04-26 20:32:10.724   719  2377 D ConnectivityService: requestNetwork for uid/pid:10130/1938 NetworkRequest [ TRACK_DEFAULT id=36, [ Capabilities: INTERNET&NOT_RESTRICTED&TRUSTED Uid: 10130 AdministratorUids: [] RequestorUid: 10130 RequestorPackageName: com.google.android.gms] ]
04-26 20:32:10.724   719   806 D ConnectivityService: NetReassign [36 : null → 101]
04-26 20:32:10.727   719   806 D ConnectivityService: NetReassign [no changes]
04-26 20:32:11.568     0     0 W perfetto: disabled ftrace
04-26 20:32:11.051   719  2377 D ConnectivityService: requestNetwork for uid/pid:10138/3233 NetworkRequest [ TRACK_DEFAULT id=38, [ Capabilities: INTERNET&NOT_RESTRICTED&TRUSTED Uid: 10138 AdministratorUids: [] RequestorUid: 10138 RequestorPackageName: com.android.vending] ]
04-26 20:32:11.051   719   806 D ConnectivityService: NetReassign [38 : null → 101]
04-26 20:32:11.054   719   806 D ConnectivityService: NetReassign [no changes]
04-26 20:32:11.165   719  1102 D AutofillManagerServiceImpl: Reset component for user 0:
04-26 20:32:11.165   719   739 D AutofillUI: destroySaveUiUiThread(): already destroyed
04-26 20:32:11.390   245  3377 D local_opengl: Sending id 23 to host
04-26 20:32:12.317     0     0 W audit   : audit_lost=28 audit_rate_limit=5 audit_backlog_limit=64
04-26 20:32:12.317     0     0 E audit   : rate limit exceeded
04-26 20:32:11.520   245  3383 D local_opengl: Sending id 24 to host
04-26 20:32:12.553     0     0 I sdcardfs: the sbi->obbpath is not available
04-26 20:32:12.553     0     0 I sdcardfs: base obbpath is not available
04-26 20:32:11.871   719  2189 D CompatibilityChangeReporter: Compat change id reported: 135634846; UID 10146; state: DISABLED
04-26 20:32:11.871   719   748 D CompatibilityChangeReporter: Compat change id reported: 143937733; UID 10146; state: ENABLED
04-26 20:32:11.883   719  2189 I ActivityManager: Killing 2615:com.google.android.packageinstaller/u0a67 (adj 985): empty #17
04-26 20:32:11.894   719   748 I ActivityManager: Start proc 3388:in.mohalla.friends/u0a146 for broadcast {in.mohalla.friends/in.mohalla.androidcommon.truetime.BootCompletedBroadcastReceiver}
04-26 20:32:11.998   245  3407 D local_opengl: Sending id 25 to host
04-26 20:32:12.816     0     0 D ieee80211 phy0: hwsim hw_scan request
04-26 20:32:12.818     0     0 D ieee80211 phy0: hw scan 2412 MHz
04-26 20:32:12.846     0     0 D ieee80211 phy0: hw scan 2417 MHz
04-26 20:32:12.361   719  2188 D CompatibilityChangeReporter: Compat change id reported: 136274596; UID 10152; state: ENABLED
04-26 20:32:12.395   456  3110 I iorapd  : Perfetto TraceBuffer saved to file: /data/misc/iorapd/com.example.chat/1/com.example.chat.MainActivity/raw_traces/1777215732352040221.perfetto_trace.pb
04-26 20:32:12.882     0     0 D ieee80211 phy0: hw scan 2422 MHz
04-26 20:32:12.932     0     0 D ieee80211 phy0: hw scan 2427 MHz
04-26 20:32:12.962     0     0 D ieee80211 phy0: hw scan 2432 MHz
04-26 20:32:12.994     0     0 D ieee80211 phy0: hw scan 2437 MHz
04-26 20:32:13.035     0     0 D ieee80211 phy0: hw scan 2442 MHz
04-26 20:32:13.094     0     0 D ieee80211 phy0: hw scan 2447 MHz
04-26 20:32:13.122     0     0 D ieee80211 phy0: hw scan 2452 MHz
04-26 20:32:13.154     0     0 D ieee80211 phy0: hw scan 2457 MHz
04-26 20:32:13.226     0     0 D ieee80211 phy0: hw scan 2462 MHz
04-26 20:32:13.254     0     0 D ieee80211 phy0: hw scan 2467 MHz
04-26 20:32:13.375     0     0 D ieee80211 phy0: hw scan 2472 MHz
04-26 20:32:13.494     0     0 D ieee80211 phy0: hw scan 2484 MHz
04-26 20:32:13.614     0     0 D ieee80211 phy0: hw scan complete
04-26 20:32:13.614     0     0 D ieee80211 phy0: hwsim hw_scan request
04-26 20:32:13.614     0     0 D ieee80211 phy0: hw scan 5180 MHz
04-26 20:32:12.893   719  2300 D BackupTransportManager: Transport com.google.android.gms/.backup.BackupTransportService updated its attributes
04-26 20:32:13.734     0     0 D ieee80211 phy0: hw scan 5200 MHz
04-26 20:32:13.854     0     0 D ieee80211 phy0: hw scan 5220 MHz
04-26 20:32:13.974     0     0 D ieee80211 phy0: hw scan 5240 MHz
04-26 20:32:14.095     0     0 D ieee80211 phy0: hw scan 5260 MHz
04-26 20:32:14.137     0     0 E binder_alloc: 2781: binder_alloc_buf size 1056768 failed, no address space
04-26 20:32:14.138     0     0 E binder_alloc: allocated: 400 (num: 5 largest: 336), free: 1039984 (num: 3 largest: 1033672)
04-26 20:32:14.139     0     0 I binder  : 1938:3175 transaction failed 29201/-28, size 1056768-0 line 3137
04-26 20:32:14.215     0     0 D ieee80211 phy0: hw scan 5280 MHz
04-26 20:32:14.334     0     0 D ieee80211 phy0: hw scan 5300 MHz
04-26 20:32:14.454     0     0 D ieee80211 phy0: hw scan 5320 MHz
04-26 20:32:14.574     0     0 D ieee80211 phy0: hw scan 5500 MHz
04-26 20:32:14.694     0     0 D ieee80211 phy0: hw scan 5520 MHz
04-26 20:32:14.867     0     0 D ieee80211 phy0: hw scan 5540 MHz
04-26 20:32:14.157   719  3460 D BiometricService: canAuthenticate: User=0, Caller=0, Authenticators=255
04-26 20:32:14.157   719  3460 D AuthService: canAuthenticate, userId: 0, callingUserId: 0, authenticators: 255, result: 12
04-26 20:32:14.986     0     0 D ieee80211 phy0: hw scan 5560 MHz
04-26 20:32:15.106     0     0 D ieee80211 phy0: hw scan 5580 MHz
04-26 20:32:15.231     0     0 D ieee80211 phy0: hw scan 5600 MHz
04-26 20:32:14.475   719  2127 D BiometricService: canAuthenticate: User=0, Caller=0, Authenticators=255
04-26 20:32:14.475   719  2127 D AuthService: canAuthenticate, userId: 0, callingUserId: 0, authenticators: 255, result: 12
04-26 20:32:15.350     0     0 D ieee80211 phy0: hw scan 5620 MHz
04-26 20:32:15.470     0     0 D ieee80211 phy0: hw scan 5640 MHz
04-26 20:32:14.660   719  2377 I ActivityManager: Finished processing BOOT_COMPLETED for u0
04-26 20:32:14.660   719  2377 W BroadcastQueue: Background execution not allowed: receiving Intent { act=android.intent.action.DROPBOX_ENTRY_ADDED flg=0x10 (has extras) } to com.google.android.gms/.stats.service.DropBoxEntryAddedReceiver
04-26 20:32:14.661   719  2377 I ActivityManager: Killing 2066:com.android.printspooler/u0a89 (adj 985): empty #17
04-26 20:32:14.661   719   747 W BroadcastQueue: Background execution not allowed: receiving Intent { act=android.intent.action.DROPBOX_ENTRY_ADDED flg=0x10 (has extras) } to com.google.android.gms/.stats.service.DropBoxEntryAddedReceiver
04-26 20:32:14.662   719   747 I chatty  : uid=1000(system) ActivityManager identical 1 line
04-26 20:32:14.662   719   747 W BroadcastQueue: Background execution not allowed: receiving Intent { act=android.intent.action.DROPBOX_ENTRY_ADDED flg=0x10 (has extras) } to com.google.android.gms/.stats.service.DropBoxEntryAddedReceiver
04-26 20:32:14.662   719   747 D CompatibilityChangeReporter: Compat change id reported: 135634846; UID 10065; state: DISABLED
04-26 20:32:14.663   719   748 D CompatibilityChangeReporter: Compat change id reported: 143937733; UID 10065; state: ENABLED
04-26 20:32:14.677   719   748 I ActivityManager: Start proc 3572:com.android.externalstorage/u0a65 for broadcast {com.android.externalstorage/com.android.externalstorage.MountReceiver}
04-26 20:32:14.709   719  2377 D ConnectivityService: requestNetwork for uid/pid:10146/3388 NetworkRequest [ TRACK_DEFAULT id=40, [ Capabilities: INTERNET&NOT_RESTRICTED&TRUSTED Uid: 10146 AdministratorUids: [] RequestorUid: 10146 RequestorPackageName: in.mohalla.friends] ]
04-26 20:32:14.709   719   806 D ConnectivityService: NetReassign [40 : null → 101]
04-26 20:32:14.769   719  2753 I ActivityManager: Killing 2642:com.android.permissioncontroller/u0a124 (adj 985): empty #17
04-26 20:32:15.590     0     0 D ieee80211 phy0: hw scan 5660 MHz
04-26 20:32:14.839   719  1102 W BroadcastQueue: Background execution not allowed: receiving Intent { act=android.intent.action.DROPBOX_ENTRY_ADDED flg=0x10 (has extras) } to com.google.android.gms/.stats.service.DropBoxEntryAddedReceiver
04-26 20:32:15.710     0     0 D ieee80211 phy0: hw scan 5680 MHz
04-26 20:32:14.960   719  1102 W BackupManagerService: [UserID:0] dataChanged but no participant pkg='com.google.android.syncadapters.calendar' uid=10141
04-26 20:32:15.830     0     0 D ieee80211 phy0: hw scan 5700 MHz
04-26 20:32:15.952     0     0 D ieee80211 phy0: hw scan 5745 MHz
04-26 20:32:16.072     0     0 D ieee80211 phy0: hw scan 5765 MHz
04-26 20:32:16.192     0     0 D ieee80211 phy0: hw scan 5785 MHz
04-26 20:32:16.372     0     0 D ieee80211 phy0: hw scan 5805 MHz
04-26 20:32:16.490     0     0 D ieee80211 phy0: hw scan 5825 MHz
04-26 20:32:16.674     0     0 D ieee80211 phy0: hw scan complete
04-26 20:32:16.675     0     0 D ieee80211 phy0: mac80211_hwsim_get_survey (idx=0)
04-26 20:32:16.675     0     0 D ieee80211 phy0: mac80211_hwsim_get_survey (idx=1)
04-26 20:32:14.961   719  1102 W BackupManagerService: [UserID:0] dataChanged but no participant pkg='com.google.android.syncadapters.calendar' uid=10141
04-26 20:32:15.959   719  2188 I ActivityManager: Killing 1133:com.android.settings/1000 (adj 985): empty #17
04-26 20:32:16.082   719   797 W NetworkStats: problem registering for global alert: java.lang.IllegalStateException: android.os.ServiceSpecificException: No such file or directory (code 2)
04-26 20:32:16.122   719   747 I DropBoxManagerService: add tag=system_server_wtf isTagEnabled=true flags=0x2
04-26 20:32:16.172   719   747 I DropBoxManagerService: add tag=system_server_wtf isTagEnabled=true flags=0x2
04-26 20:32:16.277   719   741 W ActivityManager: setHasOverlayUi called on unknown pid: 1133
04-26 20:32:17.122     0     0 W audit   : audit_lost=29 audit_rate_limit=5 audit_backlog_limit=64
04-26 20:32:17.122     0     0 E audit   : rate limit exceeded
04-26 20:32:16.532   719  2300 D CompatibilityChangeReporter: Compat change id reported: 135634846; UID 10149; state: DISABLED
04-26 20:32:16.533   719   748 D CompatibilityChangeReporter: Compat change id reported: 143937733; UID 10149; state: ENABLED
04-26 20:32:16.579   719   748 I ActivityManager: Start proc 3669:com.jiyo.chat/u0a149 for broadcast {com.jiyo.chat/com.google.firebase.iid.FirebaseInstanceIdReceiver}
04-26 20:32:16.778   719   719 W NotificationHistory: Attempted to add notif for locked/gone/disabled user 0
04-26 20:32:17.353  3669  3669 I PackageParsing: com.jiyo.chat: compat added android.permission.WRITE_EXTERNAL_STORAGE android.permission.READ_PHONE_STATE
04-26 20:32:17.960   719   719 W Looper  : Slow dispatch took 179ms main h=com.android.server.job.JobSchedulerService$JobHandler c=null m=4
04-26 20:32:17.963   719   806 D ConnectivityService: NetReassign [no changes]
04-26 20:32:19.116   719   806 D ConnectivityService: releasing NetworkRequest [ TRACK_DEFAULT id=40, [ Capabilities: INTERNET&NOT_RESTRICTED&TRUSTED Uid: 10146 AdministratorUids: [] RequestorUid: 10146 RequestorPackageName: in.mohalla.friends] ] (release request)
04-26 20:32:19.244   719   806 D ConnectivityService: NetReassign [no changes]
04-26 20:32:20.457     0     0 W audit   : audit_lost=30 audit_rate_limit=5 audit_backlog_limit=64
04-26 20:32:20.457     0     0 E audit   : rate limit exceeded
04-26 20:32:19.353   719   806 D ConnectivityService: NetReassign [no changes]
04-26 20:32:19.697   245  3799 D local_opengl: Sending id 26 to host
04-26 20:32:19.882   719  2300 D ConnectivityService: requestNetwork for uid/pid:10130/1938 NetworkRequest [ TRACK_DEFAULT id=44, [ Capabilities: INTERNET&NOT_RESTRICTED&TRUSTED Uid: 10130 AdministratorUids: [] RequestorUid: 10130 RequestorPackageName: com.google.android.gms] ]
04-26 20:32:19.882   719   806 D ConnectivityService: NetReassign [44 : null → 101]
04-26 20:32:20.991   719   738 D AutofillManagerService: Close system dialogs
04-26 20:32:20.994   719   739 I ActivityTaskManager: START u0 {act=android.intent.action.MAIN cat=[android.intent.category.HOME] flg=0x10000100 cmp=com.android.launcher3/.uioverrides.QuickstepLauncher (has extras)} from uid 0
04-26 20:32:21.099   719   738 D AutofillManagerService: Close system dialogs
04-26 20:32:21.103   719  3460 D CompatibilityChangeReporter: Compat change id reported: 135634846; UID 10149; state: DISABLED
04-26 20:32:21.103   719   748 D CompatibilityChangeReporter: Compat change id reported: 143937733; UID 10149; state: ENABLED
04-26 20:32:21.197   719   748 W ActivityManager: Slow operation: 95ms so far, now at startProcess: returned from zygote!
04-26 20:32:21.197   719   748 W ActivityManager: Slow operation: 95ms so far, now at startProcess: done updating battery stats
04-26 20:32:21.197   719   748 W ActivityManager: Slow operation: 95ms so far, now at startProcess: building log message
04-26 20:32:21.197   719   748 I ActivityManager: Start proc 3892:com.jiyo.chat:ipc/u0a149 for service {com.jiyo.chat/io.rong.imlib.ipc.RongService}
04-26 20:32:21.197   719   748 W ActivityManager: Slow operation: 95ms so far, now at startProcess: starting to update pids map
04-26 20:32:21.197   719   748 W ActivityManager: Slow operation: 95ms so far, now at startProcess: done updating pids map
04-26 20:32:21.421   719  2300 W ActivityManager: Slow operation: 172ms so far, now at getContentProviderImpl: after updateLruProcess
04-26 20:32:21.421   719  2300 W ActivityManager: Slow operation: 172ms so far, now at getContentProviderImpl: before updateOomAdj
04-26 20:32:21.424   719  2300 W ActivityManager: Slow operation: 174ms so far, now at getContentProviderImpl: after updateOomAdj
04-26 20:32:21.424   719  2300 W ActivityManager: Slow operation: 174ms so far, now at getContentProviderImpl: done!
04-26 20:32:21.498   719   741 W ActivityTaskManager: Activity top resumed state loss timeout for ActivityRecord{3c45173 u0 com.example.chat/.MainActivity t6}
04-26 20:32:21.740   719   733 D CompatibilityChangeReporter: Compat change id reported: 135634846; UID 10113; state: DISABLED
04-26 20:32:21.740   719   748 D CompatibilityChangeReporter: Compat change id reported: 143937733; UID 10113; state: ENABLED
04-26 20:32:21.888   719   748 W ActivityManager: Slow operation: 160ms so far, now at startProcess: returned from zygote!
04-26 20:32:21.888   719   748 W ActivityManager: Slow operation: 170ms so far, now at startProcess: done updating battery stats
04-26 20:32:21.888   719   748 W ActivityManager: Slow operation: 170ms so far, now at startProcess: building log message
04-26 20:32:21.888   719   748 I ActivityManager: Start proc 3934:com.android.webview:webview_service/u0a113 for service {com.android.webview/org.chromium.android_webview.services.VariationsSeedServer}
04-26 20:32:21.888   719   748 W ActivityManager: Slow operation: 170ms so far, now at startProcess: starting to update pids map
04-26 20:32:21.888   719   748 W ActivityManager: Slow operation: 170ms so far, now at startProcess: done updating pids map
04-26 20:32:22.009   719  2300 W ActivityManager: Slow operation: 81ms so far, now at attachApplicationLocked: immediately after bindApplication
04-26 20:32:22.009   719  2300 W ActivityManager: Slow operation: 81ms so far, now at attachApplicationLocked: after updateLruProcessLocked
04-26 20:32:22.022   719  2300 W ActivityManager: Slow operation: 93ms so far, now at attachApplicationLocked: after mServices.attachApplicationLocked
04-26 20:32:22.114  3892  3892 I PackageParsing: com.jiyo.chat: compat added android.permission.WRITE_EXTERNAL_STORAGE android.permission.READ_PHONE_STATE
04-26 20:32:22.540   719   733 D CompatibilityChangeReporter: Compat change id reported: 135634846; UID 10149; state: DISABLED
04-26 20:32:22.541   719   748 D CompatibilityChangeReporter: Compat change id reported: 143937733; UID 10149; state: ENABLED
04-26 20:32:22.542   719   738 D AutofillManagerService: Close system dialogs
04-26 20:32:22.606   719   748 W ActivityManager: Slow operation: 66ms so far, now at startProcess: returned from zygote!
04-26 20:32:22.606   719   748 W ActivityManager: Slow operation: 67ms so far, now at startProcess: done updating battery stats
04-26 20:32:22.606   719   748 W ActivityManager: Slow operation: 67ms so far, now at startProcess: building log message
04-26 20:32:22.606   719   748 I ActivityManager: Start proc 3963:com.android.webview:sandboxed_process0:org.chromium.content.app.SandboxedProcessService0:0/u0ai9000 for  {com.jiyo.chat/org.chromium.content.app.SandboxedProcessService0:0}
04-26 20:32:22.606   719   748 W ActivityManager: Slow operation: 67ms so far, now at startProcess: starting to update pids map
04-26 20:32:22.606   719   748 W ActivityManager: Slow operation: 67ms so far, now at startProcess: done updating pids map
04-26 20:32:22.608   245  3964 D local_opengl: Sending id 27 to host
04-26 20:32:23.218   719   740 I DropBoxManagerService: add tag=system_app_strictmode isTagEnabled=true flags=0x2
04-26 20:32:23.223   719   741 I ActivityManager: Killing 3124:com.example.chat/u0a152 (adj 905): remove task
04-26 20:32:23.422   719  3460 I ActivityManager: Killing 2693:com.android.traceur/u0a84 (adj 985): empty #17
04-26 20:32:23.422   719  3460 I ActivityManager: Killing 2672:com.android.shell/2000 (adj 985): empty #18
04-26 20:32:23.689   719  3460 D ConnectivityService: requestNetwork for uid/pid:10138/3233 NetworkRequest [ TRACK_DEFAULT id=45, [ Capabilities: INTERNET&NOT_RESTRICTED&TRUSTED Uid: 10138 AdministratorUids: [] RequestorUid: 10138 RequestorPackageName: com.android.vending] ]
04-26 20:32:23.689   719   806 D ConnectivityService: NetReassign [45 : null → 101]
04-26 20:32:23.873   719   806 D ConnectivityService: handleLingerComplete for [100 CELLULAR]
04-26 20:32:24.219   719   806 D ConnectivityService: NetReassign [no changes]
04-26 20:32:24.329   719  1713 W BroadcastQueue: Background execution not allowed: receiving Intent { act=android.intent.action.DROPBOX_ENTRY_ADDED flg=0x10 (has extras) } to com.google.android.gms/.stats.service.DropBoxEntryAddedReceiver
04-26 20:32:25.355   719  2300 W BroadcastQueue: Background execution not allowed: receiving Intent { act=android.intent.action.DROPBOX_ENTRY_ADDED flg=0x10 (has extras) } to com.google.android.gms/.stats.service.DropBoxEntryAddedReceiver
04-26 20:32:26.635     0     0 I binder  : undelivered transaction 90516, process died.
04-26 20:32:25.831   306   428 E FrameworkListener: read() failed (Connection reset by peer)
04-26 20:32:25.834   719  2188 I WindowManager: WIN DEATH: Window{70d8a8e u0 com.example.chat/com.example.chat.MainActivity}
04-26 20:32:25.855   719   741 W ActivityManager: setHasOverlayUi called on unknown pid: 3124
04-26 20:32:26.127   719  1713 W ActivityManager: Unable to start service Intent { act=com.google.android.gms.lockbox.service.START pkg=com.google.android.gms } U=0: not found
04-26 20:32:26.174   719  3460 W ActivityManager: Unbind failed: could not find connection for android.os.BinderProxy@b07cd39
04-26 20:32:26.651   719  4075 D CompatibilityChangeReporter: Compat change id reported: 135634846; UID 10138; state: DISABLED
04-26 20:32:26.653   719   748 D CompatibilityChangeReporter: Compat change id reported: 143937733; UID 10138; state: ENABLED
04-26 20:32:26.675   719   748 I ActivityManager: Start proc 4091:com.android.vending:quick_launch/u0a138 for service {com.android.vending/com.google.frameworks.client.data.android.server.play.QuickLaunchProcessEndpointService}
04-26 20:32:26.748   719  4075 D CompatibilityChangeReporter: Compat change id reported: 136219221; UID 10138; state: ENABLED
04-26 20:32:28.574   719  2377 I ActivityManager: Killing 2549:com.android.messaging/u0a105 (adj 975): empty #17
04-26 20:32:28.660   719   747 W BroadcastQueue: Permission Denial: broadcasting Intent { act=android.net.conn.CONNECTIVITY_CHANGE flg=0x4200010 (has extras) } from null (pid=-1, uid=-1) requires com.jiyo.chat.permission.RONG_ACCESS_RECEIVER due to registered receiver BroadcastFilter{8dca998 10149/u0 ReceiverList{a0d177b 3892 com.jiyo.chat:ipc/10149/u0 remote:a12d30a}}
04-26 20:32:29.349   719   747 W BroadcastQueue: Permission Denial: broadcasting Intent { act=android.net.conn.CONNECTIVITY_CHANGE flg=0x4200010 (has extras) } from null (pid=-1, uid=-1) requires com.jiyo.chat.permission.RONG_ACCESS_RECEIVER due to registered receiver BroadcastFilter{9ecd3f8 10149/u0 ReceiverList{bb3ef5b 3669 com.jiyo.chat/10149/u0 remote:9f09e6a}}
04-26 20:32:29.834   719  2377 E IntervalStats: Unable to parse usage stats package 155
04-26 20:32:29.834   719  2377 E IntervalStats: Unable to parse usage stats package 157
04-26 20:32:29.834   719  2377 E IntervalStats: Unable to parse usage stats package 158
04-26 20:32:29.834   719  2377 E IntervalStats: Unable to parse usage stats package 161
04-26 20:32:30.167   719  2377 E IntervalStats: Unable to parse usage stats package 155
04-26 20:32:30.167   719  2377 E IntervalStats: Unable to parse usage stats package 157
04-26 20:32:30.167   719  2377 E IntervalStats: Unable to parse usage stats package 158
04-26 20:32:30.167   719  2377 E IntervalStats: Unable to parse usage stats package 161
04-26 20:32:31.051   245  4217 D local_opengl: Sending id 28 to host
04-26 20:32:32.090   719   719 W Looper  : Slow dispatch took 109ms main h=com.android.server.job.JobSchedulerService$JobHandler c=null m=1
04-26 20:32:34.063   719   719 W Looper  : Slow dispatch took 172ms main h=com.android.server.job.JobSchedulerService$JobHandler c=null m=3
04-26 20:32:35.107     0     0 D ieee80211 phy0: hwsim hw_scan request
04-26 20:32:35.107     0     0 D ieee80211 phy0: hw scan 2447 MHz
04-26 20:32:35.140     0     0 D ieee80211 phy0: hw scan complete
04-26 20:32:35.141     0     0 D ieee80211 phy0: mac80211_hwsim_get_survey (idx=0)
04-26 20:32:35.141     0     0 D ieee80211 phy0: mac80211_hwsim_get_survey (idx=1)
04-26 20:32:36.274   719  1719 D CompatibilityChangeReporter: Compat change id reported: 149924527; UID 10125; state: ENABLED
04-26 20:32:36.275   719  1719 D CompatibilityChangeReporter: Compat change id reported: 132649864; UID 10125; state: DISABLED
04-26 20:32:36.722   719   719 I Telecom : DefaultDialerCache: Refreshing default dialer for user 0: now com.android.dialer: DDC.oR@AFo
04-26 20:32:36.739   719   738 D CompatibilityChangeReporter: Compat change id reported: 135634846; UID 10124; state: DISABLED
04-26 20:32:36.739   719   748 D CompatibilityChangeReporter: Compat change id reported: 143937733; UID 10124; state: DISABLED
04-26 20:32:36.801   719   748 W ActivityManager: Slow operation: 63ms so far, now at startProcess: done updating battery stats
04-26 20:32:36.801   719   748 W ActivityManager: Slow operation: 63ms so far, now at startProcess: building log message
04-26 20:32:36.801   719   748 I ActivityManager: Start proc 4313:com.android.permissioncontroller/u0a124 for service {com.android.permissioncontroller/com.android.permissioncontroller.permission.service.PermissionControllerServiceImpl}
04-26 20:32:36.801   719   748 W ActivityManager: Slow operation: 63ms so far, now at startProcess: starting to update pids map
04-26 20:32:36.803   719   748 W ActivityManager: Slow operation: 64ms so far, now at startProcess: done updating pids map
04-26 20:32:36.938   719   719 W Looper  : Slow dispatch took 216ms main h=android.app.ActivityThread$H c=android.app.LoadedApk$ServiceDispatcher$RunConnection@7c2a062 m=0
04-26 20:32:36.938   719   719 W Looper  : Slow delivery took 353ms main h=android.app.ActivityThread$H c=android.app.LoadedApk$ServiceDispatcher$RunConnection@92ed2b0 m=0
04-26 20:32:36.939   719   719 W Looper  : Drained
04-26 20:32:37.577   719   740 I DropBoxManagerService: add tag=system_app_strictmode isTagEnabled=true flags=0x2
04-26 20:32:37.581   719   719 W Looper  : Slow dispatch took 124ms main h=android.os.Handler c=android.app.AlarmManager$ListenerWrapper@a0e69a3 m=0
04-26 20:32:37.605   719   748 D CompatibilityChangeReporter: Compat change id reported: 143937733; UID 10139; state: ENABLED
04-26 20:32:37.625   719   748 I ActivityManager: Start proc 4352:com.google.android.projection.gearhead:provider/u0a139 for content provider {com.google.android.projection.gearhead/com.google.android.apps.auto.components.projectionstate.ProjectionStateProvider}
04-26 20:32:38.302   719   746 W Looper  : Slow dispatch took 18345ms android.bg h=com.android.server.am.ActivityManagerService$5 c=null m=1
04-26 20:32:38.361   719   746 W VoiceInteractionManager: no available voice interaction services found for user 0
04-26 20:32:39.585   719   747 W BroadcastQueue: Background execution not allowed: receiving Intent { act=android.intent.action.DROPBOX_ENTRY_ADDED flg=0x10 (has extras) } to com.google.android.gms/.stats.service.DropBoxEntryAddedReceiver
04-26 20:32:40.982   719   719 W Looper  : Slow dispatch took 149ms main h=com.android.server.job.JobSchedulerService$JobHandler c=null m=1
04-26 20:32:41.075   719   733 I ActivityManager: Killing 2839:com.genymotion.superuser/1000 (adj 975): empty #17
04-26 20:32:42.028     0     0 I sdcardfs: the sbi->obbpath is not available
04-26 20:32:42.028     0     0 I sdcardfs: base obbpath is not available
--------- beginning of main
04-26 20:32:41.405   719  4397 I system_server: The ClassLoaderContext is a special shared library.
04-26 20:32:41.412   719  4397 I system_server: The ClassLoaderContext is a special shared library.
04-26 20:32:41.419   719   730 W JavaBinder: BinderProxy is being destroyed but the application did not call unlinkToDeath to unlink all of its death recipients beforehand.  Releasing leaked death recipient: com.android.server.AlarmManagerService$2
04-26 20:32:41.419   719   730 I BpBinder: onLastStrongRef automatically unlinking death recipients: <uncached descriptor>
04-26 20:32:41.419   719   730 W JavaBinder: BinderProxy is being destroyed but the application did not call unlinkToDeath to unlink all of its death recipients beforehand.  Releasing leaked death recipient: com.android.server.AlarmManagerService$2
04-26 20:32:41.419   719   730 I BpBinder: onLastStrongRef automatically unlinking death recipients: <uncached descriptor>
04-26 20:32:41.424   719  4397 I system_server: The ClassLoaderContext is a special shared library.
04-26 20:32:41.471   880   880 D BluetoothPbapService:  onChange on contact uri 
04-26 20:32:41.474   719  4397 I system_server: The ClassLoaderContext is a special shared library.
04-26 20:32:41.478   458   612 E Utils   : did not find channel-count and/or sample-rate
04-26 20:32:41.480   458   612 E Utils   : did not find channel-count and/or sample-rate
04-26 20:32:41.512   719  4397 I system_server: The ClassLoaderContext is a special shared library.
04-26 20:32:41.614   719  4397 I system_server: The ClassLoaderContext is a special shared library.
04-26 20:32:41.628   458  1249 E Utils   : did not find channel-count and/or sample-rate
04-26 20:32:41.629   458   612 E Utils   : did not find channel-count and/or sample-rate
04-26 20:32:41.631   719  4397 I system_server: The ClassLoaderContext is a special shared library.
04-26 20:32:41.678   719  4397 I system_server: The ClassLoaderContext is a special shared library.
04-26 20:32:41.733  1374  2463 I chatty  : uid=10130(com.google.android.gms) netscheduler-qu expire 4 lines
04-26 20:32:41.747   719  4397 I system_server: The ClassLoaderContext is a special shared library.
04-26 20:32:41.749   719  4397 I system_server: The ClassLoaderContext is a special shared library.
04-26 20:32:41.756   719   879 W SyncManager: failed sync operation JobId=109283 ***/com.google u0 [com.android.calendar] PERIODIC ExpectedIn=0s Reason=Periodic Retries=1, SyncResult: syncAlreadyInProgress: true stats []
04-26 20:32:41.769   719  4397 I system_server: The ClassLoaderContext is a special shared library.
04-26 20:32:41.770   719  4397 I system_server: The ClassLoaderContext is a special shared library.
04-26 20:32:41.773  4091  4140 I chatty  : uid=10138 com.android.vending:quick_launch expire 1 line
04-26 20:32:41.776   719  4397 I system_server: The ClassLoaderContext is a special shared library.
04-26 20:32:41.843   719   719 D CompatibilityChangeReporter: Compat change id reported: 135634846; UID 10149; state: DISABLED
04-26 20:32:41.847   719   748 D CompatibilityChangeReporter: Compat change id reported: 143937733; UID 10149; state: ENABLED
04-26 20:32:41.824   719  4397 I system_server: The ClassLoaderContext is a special shared library.
04-26 20:32:41.853   433   433 D Zygote  : Forked child process 4409
04-26 20:32:41.856   719  4397 I system_server: The ClassLoaderContext is a special shared library.
04-26 20:32:41.870  4409  4409 I Zygote  : seccomp disabled by setenforce 0
04-26 20:32:41.878  4409  4409 W io.rong.push: Unexpected CPU variant for X86 using defaults: x86
04-26 20:32:41.879  4409  4409 D houdini : [4409] Initialize library(version: 11.0.1b_y.38765.m RELEASE)... successfully.
04-26 20:32:41.883   719   748 I ActivityManager: Start proc 4409:io.rong.push/u0a149 for service {com.jiyo.chat/io.rong.push.rongpush.PushService}
04-26 20:32:41.887   530   590 I adbd    : jdwp connection from 4409
04-26 20:32:41.917  4409  4409 I io.rong.push: The ClassLoaderContext is a special shared library.
04-26 20:32:41.927  4409  4409 W io.rong.push: JIT profile information will not be recorded: profile file does not exist.
04-26 20:32:41.927  4409  4409 W io.rong.push: JIT profile information will not be recorded: profile file does not exist.
04-26 20:32:41.932  4409  4409 D NetworkSecurityConfig: Using Network Security Config from resource network_security_config debugBuild: false
04-26 20:32:41.933  4409  4409 D NetworkSecurityConfig: Using Network Security Config from resource network_security_config debugBuild: false
04-26 20:32:41.960  4409  4409 I PackageParsing: com.jiyo.chat: compat added android.permission.WRITE_EXTERNAL_STORAGE android.permission.READ_PHONE_STATE
04-26 20:32:41.964  4409  4409 I WebViewResourceHelper: already added null
04-26 20:32:41.964  4409  4409 E WebViewResourceHelper: webView added error
04-26 20:32:41.966  4409  4409 I CrashEventHandler: CrashEventHandler has been initialized.
04-26 20:32:41.966  4409  4409 I App     : application onCreate
04-26 20:32:41.967  4409  4409 I MMKV    : Disable checkProcessMode()
04-26 20:32:41.969   719   879 W SyncManager: failed sync operation JobId=100322 ***/com.google u0 [com.android.calendar] OTHER ExpectedIn=-1s Reason=10141, SyncResult: syncAlreadyInProgress: true stats []
04-26 20:32:42.007  4409  4409 I MMKV    : current API level = 30, libc++_shared=0
04-26 20:32:42.008  4409  4409 I MMKV    : <MMKV.cpp:166::initialize> version v1.3.14, page size 4096, arch armeabi-v7a/NEON
04-26 20:32:42.009  4409  4409 I MMKV    : <MMKV.cpp:225::initializeMMKV> root dir: /data/user/0/com.jiyo.chat/files/mmkv
04-26 20:32:42.014  4409  4409 I MMKV    : <MemoryFile.cpp:98::open> open fd[0x31], /data/user/0/com.jiyo.chat/files/mmkv/file_device_common_store
04-26 20:32:42.014  4409  4409 I MMKV    : <MemoryFile.cpp:203::mmap> mmap to address [0xe59b7000], oldPtr [0x0], [/data/user/0/com.jiyo.chat/files/mmkv/file_device_common_store]
04-26 20:32:42.014  4409  4409 I MMKV    : <MemoryFile.cpp:98::open> open fd[0x32], /data/user/0/com.jiyo.chat/files/mmkv/file_device_common_store.crc
04-26 20:32:42.015  4409  4409 I MMKV    : <MemoryFile.cpp:203::mmap> mmap to address [0xe57e6000], oldPtr [0x0], [/data/user/0/com.jiyo.chat/files/mmkv/file_device_common_store.crc]
04-26 20:32:42.015  4409  4409 I MMKV    : <MMKV_IO.cpp:214::loadMetaInfoAndCheck> meta file [file_device_common_store] has flag [0]
04-26 20:32:42.015  4409  4409 I MMKV    : <MMKV_IO.cpp:84::loadFromFile> loading [file_device_common_store] with 1103 actual size, file size 4096, InterProcess 1, meta info version:4
04-26 20:32:42.016  4409  4409 I MMKV    : <MMKV_IO.cpp:89::loadFromFile> loading [file_device_common_store] with crc 2406174975 sequence 1 version 4
04-26 20:32:42.016  4409  4409 I MMKV    : <MMKV_IO.cpp:133::loadFromFile> loaded [file_device_common_store] with 4 key-values
04-26 20:32:42.020   719  1066 W system_server: Long monitor contention with owner Binder:719_1 (733) at void com.android.server.accounts.AccountManagerService.setUserdataInternal(com.android.server.accounts.AccountManagerService$UserAccounts, android.accounts.Account, java.lang.String, java.lang.String)(AccountManagerService.java:2725) waiters=0 in void com.android.server.accounts.AccountManagerService.invalidateAuthToken(java.lang.String, java.lang.String) for 621ms
04-26 20:32:42.024  4409  4409 I MMKV    : <MemoryFile.cpp:98::open> open fd[0x33], /data/user/0/com.jiyo.chat/files/mmkv/file_user_store
04-26 20:32:42.024  4409  4409 I MMKV    : <MemoryFile.cpp:203::mmap> mmap to address [0xe56fa000], oldPtr [0x0], [/data/user/0/com.jiyo.chat/files/mmkv/file_user_store]
04-26 20:32:42.024  4409  4409 I MMKV    : <MemoryFile.cpp:98::open> open fd[0x34], /data/user/0/com.jiyo.chat/files/mmkv/file_user_store.crc
04-26 20:32:42.025  4409  4409 I MMKV    : <MemoryFile.cpp:203::mmap> mmap to address [0xe4c45000], oldPtr [0x0], [/data/user/0/com.jiyo.chat/files/mmkv/file_user_store.crc]
04-26 20:32:42.025  4409  4409 I MMKV    : <MMKV_IO.cpp:214::loadMetaInfoAndCheck> meta file [file_user_store] has flag [0]
04-26 20:32:42.025  4409  4409 I MMKV    : <MMKV_IO.cpp:84::loadFromFile> loading [file_user_store] with 2533 actual size, file size 4096, InterProcess 1, meta info version:4
04-26 20:32:42.025  4409  4409 I MMKV    : <MMKV_IO.cpp:89::loadFromFile> loading [file_user_store] with crc 2981363891 sequence 6 version 4
04-26 20:32:42.026  4409  4409 I MMKV    : <MMKV_IO.cpp:133::loadFromFile> loaded [file_user_store] with 14 key-values
04-26 20:32:42.031   880  4405 D BluetoothPbapUtils: primaryVersionCounter = 392, secondaryVersionCounter=100
04-26 20:32:42.059  4409  4409 I TetheringManager: registerTetheringEventCallback:com.jiyo.chat
04-26 20:32:42.066   719   806 D ConnectivityService: NetReassign [no changes]
