04-26 20:33:15.649  2718  3169 I Finsky  : [310] [SDP] Processing cached entries for 0 game packages
04-26 20:33:15.649  2718  3169 W Finsky  : [310] [SDP] Skipping cached log for account analystcodehub@gmail.com with opt-in status 1
04-26 20:33:15.649  2718  3169 W Finsky  : [310] [SDP] Skipping cached log for account analystcodehub@gmail.com with opt-in status 1
04-26 20:33:15.649  2718  3170 I Finsky  : [311] [GSDM] totalPlayedTimeFromCache: 0: from 2026-04-17T18:30:00Z to 2026-04-18T18:30:00Z
04-26 20:33:15.651  2718  3169 I Finsky  : [310] [SARC]: Device game play time today is less than threshold.
04-26 20:33:15.651  2718  3170 I Finsky  : [311] [SDP] Game usage data processing hygiene job completed.
04-26 20:33:15.651  2718  3170 I Finsky  : [311] SCH: jobFinished: 10-170. TimeElapsed: 7190ms.
04-26 20:33:15.651  2718  3170 I Finsky  : [311] WM::SCH: Logging work end for 10-170
04-26 20:33:15.652  2718  3169 I Finsky  : [310] [SARC] No accounts eligible for immediate notification.
04-26 20:33:15.654  2718  3169 I Finsky  : [310] SCH: jobFinished: 10-186. TimeElapsed: 6252ms.
04-26 20:33:15.654  2718  3169 I Finsky  : [310] WM::SCH: Logging work end for 10-186
04-26 20:33:15.685  1374  3803 I chatty  : uid=10130 com.google.android.gms.persistent expire 7 lines
04-26 20:33:15.750  2718  2778 I Finsky  : [269] SCH: Satisfied jobs for 9688 are: 34-121
04-26 20:33:15.751  2718  2831 I Finsky  : [280] SCH: Job 34-121 starting
04-26 20:33:15.751  2718  2718 I Finsky  : [2] WM::SCH: Logging work start for 34-121
04-26 20:33:15.754  2718  2778 I Finsky  : [269] SCH: Satisfied jobs for 9874 are: 12-1, 19-9999, 34-121
04-26 20:33:15.755  2718  2831 I Finsky  : [280] SCH: Job 12-1 starting
04-26 20:33:15.755  2718  2718 I Finsky  : [2] WM::SCH: Logging work start for 12-1
04-26 20:33:15.756  2718  2831 I Finsky  : [280] SCH: Job 19-9999 starting
04-26 20:33:15.756  2718  2718 I Finsky  : [2] [ContentSync] job started
04-26 20:33:15.756  2718  2718 I Finsky  : [2] WM::SCH: Logging work start for 19-9999
04-26 20:33:15.766  2718  4968 I Finsky  : [406] SCH: jobFinished: 19-9999. TimeElapsed: 10ms.
04-26 20:33:15.766  2718  4968 I Finsky  : [406] WM::SCH: Logging work end for 19-9999
04-26 20:33:16.133  3233  3246 W ding:backgroun: Suspending all threads took: 6.214ms
04-26 20:33:16.504  1374  4971 I chatty  : uid=10130(com.google.android.gms) Binder:1374_F expire 6 lines
04-26 20:33:16.505  1938  3463 I chatty  : uid=10130(com.google.android.gms) Binder:1938_B expire 2 lines
04-26 20:33:16.592  2718  2718 I Finsky  : [2] App states replicator found 2 unowned apps
04-26 20:33:16.610  2718  2773 I Finsky  : [264] Completed 0 account content syncs with 0 successful.
04-26 20:33:16.610  2718  2718 I Finsky  : [2] [ContentSync] Installation state replication succeeded.
04-26 20:33:16.610  2718  2718 I Finsky  : [2] SCH: jobFinished: 12-1. TimeElapsed: 855ms.
04-26 20:33:16.611  2718  2718 I Finsky  : [2] WM::SCH: Logging work end for 12-1
04-26 20:33:17.502  2718  2904 I cn_CronetUrlRequestContext: destroyNativeStreamLocked org.chromium.net.impl.CronetBidirectionalStream@78b6f2c
04-26 20:33:17.621  1938  4977 I chatty  : uid=10130(com.google.android.gms) expire 2 lines
04-26 20:33:17.633   719  2300 W ActivityManager: Unable to start service Intent { act=com.google.android.gms.lockbox.service.START pkg=com.google.android.gms } U=0: not found
04-26 20:33:17.636   719  2300 W ActivityManager: Unbind failed: could not find connection for android.os.BinderProxy@b8f91bb
04-26 20:33:17.654  2718  2760 I Finsky  : [252] SCH: Received scheduling request: Id: 34-122, Constraints: [{ L: 0, D: 1296000000, C: CHARGING_NONE, I: IDLE_NONE, N: NET_ANY, B: BATTERY_ANY }]
04-26 20:33:17.736  2718  2765 I Finsky  : [257] WM::SCH: Logging work initialize for 34-122
04-26 20:33:17.779  2718  2775 I Finsky  : [266] SCH: Scheduling phonesky job Id: 34-122, CT: 1777215797654, Constraints: [{ L: 0, D: 1296000000, C: CHARGING_NONE, I: IDLE_NONE, N: NET_ANY, B: BATTERY_ANY }, { L: 0, D: 0, C: CHARGING_NONE, I: IDLE_NONE, N: NET_NONE, B: BATTERY_ANY }]
04-26 20:33:17.793  2718  2772 I Finsky  : [263] SCH: Scheduling 0 system job(s)
04-26 20:33:17.797  2718  2718 I Finsky  : [2] SCH: jobFinished: 34-121. TimeElapsed: 2045ms.
04-26 20:33:17.797  2718  2718 I Finsky  : [2] WM::SCH: Logging work end for 34-121
04-26 20:33:17.858  2718  2772 E AbstractLogEventBuilder: The provided ProductIdOrigin 3 is not one of the process-level expected values: 1 or 2
04-26 20:33:17.859  2718  2778 I Finsky  : [269] SCH: Attempting to reschedule job: Id: 34-121, Constraints: [{ L: 79199721, D: 1375199721, C: CHARGING_NONE, I: IDLE_NONE, N: NET_ANY, B: BATTERY_ANY }]
04-26 20:33:17.861  2718  2778 I Finsky  : [269] SCH: Satisfied jobs for 9688 are: 34-122
04-26 20:33:17.861  2718  2778 I Finsky  : [269] SCH: Satisfied jobs for 9874 are: 34-122
04-26 20:33:17.862  2718  2831 I Finsky  : [280] SCH: Job 34-122 starting
04-26 20:33:17.862  2718  2718 I Finsky  : [2] WM::SCH: Logging work start for 34-122
04-26 20:33:17.899   719  2188 I chatty  : uid=1000(system) Binder:719_F expire 4 lines
04-26 20:33:18.715     0     0 D ieee80211 phy0: hwsim hw_scan request
04-26 20:33:18.716     0     0 D ieee80211 phy0: hw scan 2412 MHz
04-26 20:33:17.934  2718  2764 I Finsky  : [256] WM::SCH: Logging work initialize for 34-121
04-26 20:33:18.747     0     0 D ieee80211 phy0: hw scan 2417 MHz
04-26 20:33:18.778     0     0 D ieee80211 phy0: hw scan 2422 MHz
04-26 20:33:17.993  2718  2775 I Finsky  : [266] SCH: Scheduling phonesky job Id: 34-121, CT: 1777215797859, Constraints: [{ L: 79199721, D: 1375199721, C: CHARGING_NONE, I: IDLE_NONE, N: NET_ANY, B: BATTERY_ANY }]
04-26 20:33:18.000  2718  2773 I Finsky  : [264] SCH: Scheduling 0 system job(s)
04-26 20:33:18.813     0     0 D ieee80211 phy0: hw scan 2427 MHz
04-26 20:33:18.847     0     0 D ieee80211 phy0: hw scan 2432 MHz
04-26 20:33:18.881     0     0 D ieee80211 phy0: hw scan 2437 MHz
04-26 20:33:18.086  1374  1708 I chatty  : uid=10130(com.google.android.gms) Binder:1374_5 expire 7 lines
04-26 20:33:18.916     0     0 D ieee80211 phy0: hw scan 2442 MHz
04-26 20:33:18.946     0     0 D ieee80211 phy0: hw scan 2447 MHz
04-26 20:33:18.978     0     0 D ieee80211 phy0: hw scan 2452 MHz
04-26 20:33:18.187  2718  2761 I PlayCommon: [253] https://play-lh.googleusercontent.com/Ne_u4pR-ne_7SybN_M65os8lXmEKHnUvgQqWo_1WRF3UCwRpcpWEqYZuS10MMfUtWk5FiOyhpQc=rw-h598-v1-e15 is not cached
04-26 20:33:19.013     0     0 D ieee80211 phy0: hw scan 2457 MHz
04-26 20:33:18.223  1374  2160 I chatty  : uid=10130 com.google.android.gms.persistent expire 12 lines
04-26 20:33:19.042     0     0 D ieee80211 phy0: hw scan 2462 MHz
04-26 20:33:19.079     0     0 D ieee80211 phy0: hw scan 2467 MHz
04-26 20:33:19.200     0     0 D ieee80211 phy0: hw scan 2472 MHz
04-26 20:33:18.436  3233  3729 I PlayCommon: [344] Preparing logs for uploading
04-26 20:33:18.440  3233  3729 I PlayCommon: [344] Connecting to server: https://play.googleapis.com/play/log?format=raw&proto_v2=true
04-26 20:33:18.468  2718  2761 I PlayCommon: [253] https://play-lh.googleusercontent.com/6WIHhVw1KL9f7FGqC98R8TBH-Rhwvv8j2jlnAmjJM6slbi0foVg--pBpMLBDNJj3JlXMiivWF4Ol-o0jAZ8n1Q=rw-h598-v1-e15 is not cached
04-26 20:33:19.319     0     0 D ieee80211 phy0: hw scan 2484 MHz
04-26 20:33:18.574  2718  2761 I PlayCommon: [253] https://play-lh.googleusercontent.com/bp4jknyVZ8yDKhER9thIS1p9MBeU2LABqBX-sO8uaL1h5_keqlgMUmXv-CjfRWaqKw=rw-h244-v1-e15 is not cached
04-26 20:33:19.439     0     0 D ieee80211 phy0: hw scan complete
04-26 20:33:19.439     0     0 D ieee80211 phy0: hwsim hw_scan request
04-26 20:33:19.439     0     0 D ieee80211 phy0: hw scan 5180 MHz
04-26 20:33:18.641  2718  2761 W Finsky  : [253] Clipping MinimumLatency to PT168H from PT359H59M59.547S
04-26 20:33:18.641  2718  2718 I Finsky  : [2] SCH: jobFinished: 34-122. TimeElapsed: 780ms.
04-26 20:33:18.641  2718  2718 I Finsky  : [2] WM::SCH: Logging work end for 34-122
04-26 20:33:18.695  2718  2778 I Finsky  : [269] SCH: Attempting to reschedule job: Id: 34-122, Constraints: [{ L: 604800000, D: 2591999547, C: CHARGING_NONE, I: IDLE_NONE, N: NET_ANY, B: BATTERY_ANY }]
04-26 20:33:18.718  2718  2772 I Finsky  : [263] SCH: Scheduling phonesky job Id: 26-1414141414, CT: 1777215751180, Constraints: [{ L: 43200000, D: 44100000, C: CHARGING_NONE, I: IDLE_NONE, N: NET_NONE, B: BATTERY_ANY }]
04-26 20:33:18.748  2718  2776 I Finsky  : [267] SCH: Scheduling 1 system job(s)
04-26 20:33:18.748  2718  2776 I Finsky  : [267] SCH: Scheduling system job Id: 9255, L: 43152432, D: 44052432, C: false, I: false, N: 0
04-26 20:33:19.559     0     0 D ieee80211 phy0: hw scan 5200 MHz
04-26 20:33:18.762  2718  2773 I Finsky  : [264] SCH: Scheduling phonesky job Id: 1-1337, CT: 1777215748321, Constraints: [{ L: 14399998, D: 51337284, C: CHARGING_NONE, I: IDLE_NONE, N: NET_ANY, B: BATTERY_ANY }]
04-26 20:33:18.763  2718  2773 I Finsky  : [264] SCH: Scheduling phonesky job Id: 10-4, CT: 1777215746837, Constraints: [{ L: 1200000, D: 86400000, C: CHARGING_NONE, I: IDLE_NONE, N: NET_ANY, B: BATTERY_ANY }]
04-26 20:33:18.769  2718  2773 I Finsky  : [264] SCH: Scheduling phonesky job Id: 10-11, CT: 1777215746837, Constraints: [{ L: 600000, D: 86400000, C: CHARGING_NONE, I: IDLE_NONE, N: NET_ANY, B: BATTERY_ANY }]
04-26 20:33:18.769  2718  2773 I Finsky  : [264] SCH: Scheduling phonesky job Id: 10-26, CT: 1777215746838, Constraints: [{ L: 600000, D: 86400000, C: CHARGING_NONE, I: IDLE_NONE, N: NET_ANY, B: BATTERY_ANY }]
04-26 20:33:18.769  2718  2773 I Finsky  : [264] SCH: Scheduling phonesky job Id: 10-93, CT: 1777215746847, Constraints: [{ L: 300000, D: 86400000, C: CHARGING_NONE, I: IDLE_NONE, N: NET_ANY, B: BATTERY_ANY }]
04-26 20:33:18.769  2718  2773 I Finsky  : [264] SCH: Scheduling phonesky job Id: 10-101, CT: 1777215746847, Constraints: [{ L: 60000, D: 86400000, C: CHARGING_NONE, I: IDLE_NONE, N: NET_ANY, B: BATTERY_ANY }]
04-26 20:33:18.769  2718  2773 I Finsky  : [264] SCH: Scheduling phonesky job Id: 10-123, CT: 1777215746848, Constraints: [{ L: 600000, D: 86400000, C: CHARGING_NONE, I: IDLE_NONE, N: NET_ANY, B: BATTERY_ANY }]
04-26 20:33:18.770  2718  2831 I Finsky  : [280] SCH: job service finished with id 9688.
04-26 20:33:18.770  2718  2773 I Finsky  : [264] SCH: Scheduling phonesky job Id: 34-121, CT: 1777215797859, Constraints: [{ L: 79199721, D: 1375199721, C: CHARGING_NONE, I: IDLE_NONE, N: NET_ANY, B: BATTERY_ANY }]
04-26 20:33:18.776  3233  3729 I PlayCommon: [344] Successfully uploaded logs.
04-26 20:33:18.814  2718  2764 I Finsky  : [256] WM::SCH: Logging work initialize for 34-122
04-26 20:33:18.825  2718  2775 I Finsky  : [266] SCH: Scheduling 1 system job(s)
04-26 20:33:18.826  2718  2775 I Finsky  : [266] SCH: Scheduling system job Id: 9256, L: 8022, D: 51286780, C: false, I: false, N: 1
04-26 20:33:18.867  2718  2831 I Finsky  : [280] SCH: job service finished with id 9874.
04-26 20:33:19.679     0     0 D ieee80211 phy0: hw scan 5220 MHz
04-26 20:33:18.883  2718  2776 I Finsky  : [267] SCH: Scheduling phonesky job Id: 34-122, CT: 1777215798695, Constraints: [{ L: 604800000, D: 2591999547, C: CHARGING_NONE, I: IDLE_NONE, N: NET_ANY, B: BATTERY_ANY }]
04-26 20:33:18.920  2718  2773 I Finsky  : [264] SCH: Scheduling 0 system job(s)
04-26 20:33:19.800     0     0 D ieee80211 phy0: hw scan 5240 MHz
04-26 20:33:19.920     0     0 D ieee80211 phy0: hw scan 5260 MHz
04-26 20:33:20.038     0     0 D ieee80211 phy0: hw scan 5280 MHz
04-26 20:33:20.158     0     0 D ieee80211 phy0: hw scan 5300 MHz
04-26 20:33:20.278     0     0 D ieee80211 phy0: hw scan 5320 MHz
04-26 20:33:20.398     0     0 D ieee80211 phy0: hw scan 5500 MHz
04-26 20:33:20.518     0     0 D ieee80211 phy0: hw scan 5520 MHz
04-26 20:33:20.638     0     0 D ieee80211 phy0: hw scan 5540 MHz
04-26 20:33:20.759     0     0 D ieee80211 phy0: hw scan 5560 MHz
04-26 20:33:19.970  1938  4978 I chatty  : uid=10130(com.google.android.gms) expire 2 lines
04-26 20:33:20.878     0     0 D ieee80211 phy0: hw scan 5580 MHz
04-26 20:33:21.004     0     0 D ieee80211 phy0: hw scan 5600 MHz
04-26 20:33:20.242  1938  2465 I chatty  : uid=10130(com.google.android.gms) expire 12 lines
04-26 20:33:21.125     0     0 D ieee80211 phy0: hw scan 5620 MHz
04-26 20:33:21.244     0     0 D ieee80211 phy0: hw scan 5640 MHz
04-26 20:33:21.364     0     0 D ieee80211 phy0: hw scan 5660 MHz
04-26 20:33:21.485     0     0 D ieee80211 phy0: hw scan 5680 MHz
04-26 20:33:20.748  1938  3456 I chatty  : uid=10130(com.google.android.gms) expire 19 lines
04-26 20:33:21.604     0     0 D ieee80211 phy0: hw scan 5700 MHz
04-26 20:33:20.925  1938  1953 I chatty  : uid=10130(com.google.android.gms) FinalizerDaemon expire 10 lines
04-26 20:33:21.724     0     0 D ieee80211 phy0: hw scan 5745 MHz
04-26 20:33:21.845     0     0 D ieee80211 phy0: hw scan 5765 MHz
04-26 20:33:21.968     0     0 D ieee80211 phy0: hw scan 5785 MHz
04-26 20:33:22.088     0     0 D ieee80211 phy0: hw scan 5805 MHz
04-26 20:33:22.208     0     0 D ieee80211 phy0: hw scan 5825 MHz
04-26 20:33:21.525   719  1102 I chatty  : uid=1000(system) Binder:719_8 expire 7 lines
04-26 20:33:22.328     0     0 D ieee80211 phy0: hw scan complete
04-26 20:33:22.328     0     0 D ieee80211 phy0: mac80211_hwsim_get_survey (idx=0)
04-26 20:33:22.328     0     0 D ieee80211 phy0: mac80211_hwsim_get_survey (idx=1)
04-26 20:33:21.740  1374  4615 I chatty  : uid=10130 com.google.android.gms.persistent expire 15 lines
04-26 20:33:22.505  4987  4987 I abb     : StartCommandInProcess(73657474696e67730067657400656e61 settings.get.ena [truncated])
04-26 20:33:22.519  4987  4991 I abb     : oneway function results will be dropped but finished with status OK and parcel size 4
04-26 20:33:22.536  4987  4987 I abb     : StartCommandInProcess(7061636b61676500696e7374616c6c00 package.install. [truncated])
04-26 20:33:23.738  1374  1374 I chatty  : uid=10130 com.google.android.gms.persistent expire 12 lines
04-26 20:33:23.917  1374  1640 I chatty  : uid=10130(com.google.android.gms) highpool[1] expire 4 lines
04-26 20:33:24.144  1374  4997 I chatty  : uid=10130(com.google.android.gms) OkHttpClientTra expire 20 lines
04-26 20:33:26.591   877   877 I wpa_supplicant: wlan0: CTRL-EVENT-BEACON-LOSS 
04-26 20:33:26.595  1938  1938 I chatty  : uid=10130(com.google.android.gms) expire 11 lines
04-26 20:33:26.604   719   756 V DisplayPowerController: Brightness [0.05] reason changing to: 'manual [ dim ]', previous reason: 'manual'.
04-26 20:33:26.627   328   536 W EmuHWC2 : TODO: setDisplayBrightness() is not implemented yet: brightness=0.059801
04-26 20:33:26.627   328   536 W EmuHWC2 : TODO: setDisplayBrightness() is not implemented yet: brightness=0.050000
04-26 20:33:26.925  2718  2718 I Finsky  : [2] SCH: job service start with id 9256.
04-26 20:33:27.180  4091  4115 I Finsky:quick_launch: [316] Stats for Executor: bgExecutor vid@3acf5c5[Running, pool size = 4, active threads = 0, queued tasks = 0, completed tasks = 22]
04-26 20:33:27.180  4091  4115 I Finsky:quick_launch: [316] Stats for Executor: LightweightExecutor vid@ee4db1a[Running, pool size = 2, active threads = 0, queued tasks = 0, completed tasks = 10]
04-26 20:33:27.299   719   739 W Looper  : Slow dispatch took 100ms android.ui h=com.android.server.am.ActivityManagerService$UiHandler c=null m=31
04-26 20:33:27.367  4091  4115 I Finsky:quick_launch: [316] Stats for Executor: BlockingExecutor vid@24f664b[Running, pool size = 1, active threads = 0, queued tasks = 0, completed tasks = 1]
04-26 20:33:28.161     0     0 D ieee80211 phy0: hwsim hw_scan request
04-26 20:33:28.161     0     0 D ieee80211 phy0: hw scan 2447 MHz
04-26 20:33:27.395   719  4746 I chatty  : uid=1000(system) Binder:719_19 expire 3 lines
04-26 20:33:28.198     0     0 D ieee80211 phy0: hw scan complete
04-26 20:33:28.198     0     0 D ieee80211 phy0: mac80211_hwsim_get_survey (idx=0)
04-26 20:33:28.198     0     0 D ieee80211 phy0: mac80211_hwsim_get_survey (idx=1)
04-26 20:33:30.183   877   877 I wpa_supplicant: wlan0: CTRL-EVENT-BEACON-LOSS 
04-26 20:33:30.194   719   719 W Looper  : Slow delivery took 646ms main h=android.database.sqlite.SQLiteConnectionPool$IdleConnectionHandler c=null m=1
04-26 20:33:30.195   719   719 W Looper  : Drained
04-26 20:33:30.197   719  1711 I chatty  : uid=1000(system) Binder:719_B expire 1 line
04-26 20:33:31.023     0     0 D ieee80211 phy0: hwsim hw_scan request
04-26 20:33:31.023     0     0 D ieee80211 phy0: hw scan 2412 MHz
04-26 20:33:31.058     0     0 D ieee80211 phy0: hw scan 2417 MHz
04-26 20:33:31.099     0     0 D ieee80211 phy0: hw scan 2422 MHz
04-26 20:33:31.587     0     0 D ieee80211 phy0: hw scan 2427 MHz
04-26 20:33:31.618     0     0 D ieee80211 phy0: hw scan 2432 MHz
04-26 20:33:31.655     0     0 D ieee80211 phy0: hw scan 2437 MHz
04-26 20:33:31.688     0     0 D ieee80211 phy0: hw scan 2442 MHz
04-26 20:33:31.718     0     0 D ieee80211 phy0: hw scan 2447 MHz
04-26 20:33:31.755     0     0 D ieee80211 phy0: hw scan 2452 MHz
04-26 20:33:31.786     0     0 D ieee80211 phy0: hw scan 2457 MHz
04-26 20:33:31.820     0     0 D ieee80211 phy0: hw scan 2462 MHz
04-26 20:33:31.054  2718  2778 I Finsky  : [269] SCH: Satisfied jobs for 9256 are: 10-101
04-26 20:33:31.855     0     0 D ieee80211 phy0: hw scan 2467 MHz
04-26 20:33:31.057  2718  2831 I Finsky  : [280] SCH: Job 10-101 starting
04-26 20:33:31.058  2718  2718 I Finsky  : [2] WM::SCH: Logging work start for 10-101
04-26 20:33:31.059  2718  2718 I Finsky  : [2] AIM: AppInfoManager-Perf > getLocalApps > called: USE_CACHE
04-26 20:33:31.061  2718  2718 I Finsky  : [2] AIM: getLocalApps returned 189 cached apps
04-26 20:33:31.077  2718  2775 I Finsky  : [266] SCH: jobFinished: 10-101. TimeElapsed: 18ms.
04-26 20:33:31.077  2718  2775 I Finsky  : [266] WM::SCH: Logging work end for 10-101
04-26 20:33:31.078  2718  2766 I Finsky  : [258] AU2: current managed auto update config: AUTO_UPDATE_POLICY_UNSPECIFIED
04-26 20:33:31.079  2718  2766 I Finsky  : [258] AU2: current managed auto update config: AUTO_UPDATE_POLICY_UNSPECIFIED
04-26 20:33:31.981     0     0 D ieee80211 phy0: hw scan 2472 MHz
04-26 20:33:32.099     0     0 D ieee80211 phy0: hw scan 2484 MHz
04-26 20:33:31.356  2718  2776 I Finsky  : [267] SCH: Scheduling phonesky job Id: 1-1337, CT: 1777215748321, Constraints: [{ L: 14399998, D: 51337284, C: CHARGING_NONE, I: IDLE_NONE, N: NET_ANY, B: BATTERY_ANY }]
04-26 20:33:31.357  2718  2776 I Finsky  : [267] SCH: Scheduling phonesky job Id: 10-4, CT: 1777215746837, Constraints: [{ L: 1200000, D: 86400000, C: CHARGING_NONE, I: IDLE_NONE, N: NET_ANY, B: BATTERY_ANY }]
04-26 20:33:31.357  2718  2776 I Finsky  : [267] SCH: Scheduling phonesky job Id: 10-11, CT: 1777215746837, Constraints: [{ L: 600000, D: 86400000, C: CHARGING_NONE, I: IDLE_NONE, N: NET_ANY, B: BATTERY_ANY }]
04-26 20:33:31.357  2718  2776 I Finsky  : [267] SCH: Scheduling phonesky job Id: 10-26, CT: 1777215746838, Constraints: [{ L: 600000, D: 86400000, C: CHARGING_NONE, I: IDLE_NONE, N: NET_ANY, B: BATTERY_ANY }]
04-26 20:33:31.358  2718  2776 I Finsky  : [267] SCH: Scheduling phonesky job Id: 10-93, CT: 1777215746847, Constraints: [{ L: 300000, D: 86400000, C: CHARGING_NONE, I: IDLE_NONE, N: NET_ANY, B: BATTERY_ANY }]
04-26 20:33:31.358  2718  2776 I Finsky  : [267] SCH: Scheduling phonesky job Id: 10-123, CT: 1777215746848, Constraints: [{ L: 600000, D: 86400000, C: CHARGING_NONE, I: IDLE_NONE, N: NET_ANY, B: BATTERY_ANY }]
04-26 20:33:31.358  2718  2776 I Finsky  : [267] SCH: Scheduling phonesky job Id: 34-121, CT: 1777215797859, Constraints: [{ L: 79199721, D: 1375199721, C: CHARGING_NONE, I: IDLE_NONE, N: NET_ANY, B: BATTERY_ANY }]
04-26 20:33:31.358  2718  2776 I Finsky  : [267] SCH: Scheduling phonesky job Id: 34-122, CT: 1777215798695, Constraints: [{ L: 604800000, D: 2591999547, C: CHARGING_NONE, I: IDLE_NONE, N: NET_ANY, B: BATTERY_ANY }]
04-26 20:33:31.409  2718  2773 I Finsky  : [264] SCH: Scheduling 1 system job(s)
04-26 20:33:32.219     0     0 D ieee80211 phy0: hw scan complete
04-26 20:33:32.219     0     0 D ieee80211 phy0: hwsim hw_scan request
04-26 20:33:32.219     0     0 D ieee80211 phy0: hw scan 5180 MHz
04-26 20:33:31.440  2718  2773 I Finsky  : [264] SCH: Scheduling system job Id: 9265, L: 235438, D: 51274196, C: false, I: false, N: 1
04-26 20:33:31.503  1938  5012 I chatty  : uid=10130(com.google.android.gms) expire 22 lines
04-26 20:33:32.339     0     0 D ieee80211 phy0: hw scan 5200 MHz
04-26 20:33:31.543  2718  2831 I Finsky  : [280] SCH: job service finished with id 9256.
04-26 20:33:31.594  1374  4733 I chatty  : uid=10130(com.google.android.gms) lowpool[25] expire 12 lines
04-26 20:33:32.460     0     0 D ieee80211 phy0: hw scan 5220 MHz
04-26 20:33:32.579     0     0 D ieee80211 phy0: hw scan 5240 MHz
04-26 20:33:31.885  1938  5013 I chatty  : uid=10130(com.google.android.gms) expire 2 lines
04-26 20:33:32.699     0     0 D ieee80211 phy0: hw scan 5260 MHz
04-26 20:33:32.819     0     0 D ieee80211 phy0: hw scan 5280 MHz
04-26 20:33:32.024   339   376 D Sensors : batch handle 1, but there is no batch sensor in genymotion
04-26 20:33:32.027   339   376 D Sensors : batch handle 3, but there is no batch sensor in genymotion
04-26 20:33:32.031   339   376 D Sensors : batch handle 2, but there is no batch sensor in genymotion
04-26 20:33:32.939     0     0 D ieee80211 phy0: hw scan 5300 MHz
04-26 20:33:32.175   339   339 D Sensors : batch handle 1, but there is no batch sensor in genymotion
04-26 20:33:32.176   339   339 D Sensors : batch handle 3, but there is no batch sensor in genymotion
04-26 20:33:32.176   339   339 D Sensors : batch handle 1, but there is no batch sensor in genymotion
04-26 20:33:33.058     0     0 D ieee80211 phy0: hw scan 5320 MHz
04-26 20:33:33.178     0     0 D ieee80211 phy0: hw scan 5500 MHz
04-26 20:33:33.298     0     0 D ieee80211 phy0: hw scan 5520 MHz
04-26 20:33:32.540  1938  2338 I chatty  : uid=10130(com.google.android.gms) OkHttpClientTra expire 7 lines
04-26 20:33:32.571  1938  3456 I chatty  : uid=10130(com.google.android.gms) expire 13 lines
04-26 20:33:33.418     0     0 D ieee80211 phy0: hw scan 5540 MHz
04-26 20:33:33.542     0     0 D ieee80211 phy0: hw scan 5560 MHz
04-26 20:33:33.666     0     0 D ieee80211 phy0: hw scan 5580 MHz
04-26 20:33:32.978   880   880 D BluetoothPbapService:  onChange on contact uri 
04-26 20:33:33.786     0     0 D ieee80211 phy0: hw scan 5600 MHz
04-26 20:33:33.910     0     0 D ieee80211 phy0: hw scan 5620 MHz
04-26 20:33:34.030     0     0 D ieee80211 phy0: hw scan 5640 MHz
04-26 20:33:33.282  1938  5022 I chatty  : uid=10130(com.google.android.gms) expire 2 lines
04-26 20:33:34.155     0     0 D ieee80211 phy0: hw scan 5660 MHz
04-26 20:33:34.274     0     0 D ieee80211 phy0: hw scan 5680 MHz
04-26 20:33:34.395     0     0 D ieee80211 phy0: hw scan 5700 MHz
04-26 20:33:33.638   880   880 D BluetoothPbapService:  onChange on contact uri 
04-26 20:33:34.514     0     0 D ieee80211 phy0: hw scan 5745 MHz
04-26 20:33:34.634     0     0 D ieee80211 phy0: hw scan 5765 MHz
04-26 20:33:34.754     0     0 D ieee80211 phy0: hw scan 5785 MHz
04-26 20:33:34.040   880  5021 D BluetoothPbapUtils: primaryVersionCounter = 882, secondaryVersionCounter=100
04-26 20:33:34.874     0     0 D ieee80211 phy0: hw scan 5805 MHz
04-26 20:33:34.998     0     0 D ieee80211 phy0: hw scan 5825 MHz
04-26 20:33:34.315   719  2300 I chatty  : uid=1000(system) Binder:719_11 expire 3 lines
04-26 20:33:35.118     0     0 D ieee80211 phy0: hw scan complete
04-26 20:33:35.119     0     0 D ieee80211 phy0: mac80211_hwsim_get_survey (idx=0)
04-26 20:33:35.119     0     0 D ieee80211 phy0: mac80211_hwsim_get_survey (idx=1)
04-26 20:33:37.681   719   879 I chatty  : uid=1000(system) SyncManager expire 4 lines
04-26 20:33:37.860  4867  4867 I SetupWizard: [ate] Pausing wifi scanner.
04-26 20:33:39.993  2718  2718 I Finsky  : [2] VerifyApps: Install-time verification requested for package com.example.chating, PackageManager id = 0, Verifier id = 9602ac35-9590-46db-b4b8-a8200b311143
04-26 20:33:40.001  2718  2761 I Finsky  : [253] RECEIVER_PACKAGE_VERIFICATION#logWorkEndAndFinishGoAsync: SUCCESS
04-26 20:33:40.003   719   790 W RuleEvaluation: Integrity rule files are not available.
04-26 20:33:40.006   719   760 I PackageManager: Integrity check passed for file:///data/app/vmdl782060877.tmp
04-26 20:33:41.398  1938  5024 I chatty  : uid=10130(com.google.android.gms) expire 1 line
04-26 20:33:41.402  1938  5025 I chatty  : uid=10130(com.google.android.gms) expire 3 lines
04-26 20:33:41.536  2718  2736 I android.vendin: oneway function results will be dropped but finished with status UNKNOWN_TRANSACTION and parcel size 0
04-26 20:33:41.743  1374  4997 I chatty  : uid=10130(com.google.android.gms) OkHttpClientTra expire 16 lines
04-26 20:33:41.758  1938  5026 I chatty  : uid=10130(com.google.android.gms) expire 2 lines
04-26 20:33:42.418  2718  3168 I Finsky  : [309] VerifyApps: Anti-malware verification task started for package=com.example.chating
04-26 20:33:42.419  2718  3168 E AbstractLogEventBuilder: The provided ProductIdOrigin 3 is not one of the process-level expected values: 1 or 2
04-26 20:33:42.423  2718  3168 I Finsky  : [309] Single user settings service is not running, bind it now
04-26 20:33:42.434  2718  2718 I Finsky  : [2] Single user settings service is connected
04-26 20:33:42.447  2718  3168 W Settings: Setting install_non_market_apps has moved from android.provider.Settings.Global to android.provider.Settings.Secure, returning read-only value.
04-26 20:33:43.152  2153  5044 W DynamiteModule: Local module descriptor class for com.google.android.gms.providerinstaller.dynamite not found.
04-26 20:33:43.154  1374  4931 I chatty  : uid=10130(com.google.android.gms) Binder:1374_E expire 1 line
04-26 20:33:43.155  2153  5044 I DynamiteModule: Considering local module com.google.android.gms.providerinstaller.dynamite:0 and remote module com.google.android.gms.providerinstaller.dynamite:0
04-26 20:33:43.155  2153  5044 W ProviderInstaller: Failed to load providerinstaller module: No acceptable module found. Local version is 0 and remote version is 0.
04-26 20:33:43.155  2153  5044 W ProviderInstaller: Failed to report request stats: com.google.android.gms.common.security.ProviderInstallerImpl.reportRequestStats [class android.content.Context, long, long]
04-26 20:33:43.156  2153  5044 W AbstractGoogleClient: Application name is not set. Call Builder#setApplicationName.
04-26 20:33:44.800  2153  5044 W DynamiteModule: Local module descriptor class for com.google.android.gms.providerinstaller.dynamite not found.
04-26 20:33:44.811  2153  5044 I DynamiteModule: Considering local module com.google.android.gms.providerinstaller.dynamite:0 and remote module com.google.android.gms.providerinstaller.dynamite:0
04-26 20:33:44.811  2153  5044 W ProviderInstaller: Failed to load providerinstaller module: No acceptable module found. Local version is 0 and remote version is 0.
04-26 20:33:44.813  2153  5044 W ProviderInstaller: Failed to report request stats: com.google.android.gms.common.security.ProviderInstallerImpl.reportRequestStats [class android.content.Context, long, long]
04-26 20:33:45.092   719  1089 D BiometricService: canAuthenticate: User=0, Caller=0, Authenticators=255
04-26 20:33:45.092   719  1089 D AuthService: canAuthenticate, userId: 0, callingUserId: 0, authenticators: 255, result: 12
04-26 20:33:45.217   339   339 D Sensors : batch handle 1, but there is no batch sensor in genymotion
04-26 20:33:45.225   339   339 D Sensors : batch handle 3, but there is no batch sensor in genymotion
04-26 20:33:45.227   339   339 D Sensors : batch handle 2, but there is no batch sensor in genymotion
04-26 20:33:45.371  3388  3570 W mohalla.friend: Long monitor contention with owner RxCachedThreadScheduler-8 (3538) at long[] in.mohalla.androidcommon.truetime.b.a(java.lang.String)(SourceFile:321) waiters=6 in long[] in.mohalla.androidcommon.truetime.b.a(java.lang.String) for 90.718s
04-26 20:33:45.424   339   339 D Sensors : batch handle 1, but there is no batch sensor in genymotion
04-26 20:33:45.425   339   339 D Sensors : batch handle 3, but there is no batch sensor in genymotion
04-26 20:33:45.425   339   339 D Sensors : batch handle 1, but there is no batch sensor in genymotion
04-26 20:33:45.546  2153  3085 I cn_CronetUrlRequestContext: destroyNativeStreamLocked org.chromium.net.impl.CronetBidirectionalStream@2d6b321
04-26 20:33:45.555   719  1089 W BackupManagerService: [UserID:0] dataChanged but no participant pkg='com.google.android.syncadapters.calendar' uid=10141
04-26 20:33:45.891  1938  5040 I chatty  : uid=10130(com.google.android.gms) expire 2 lines
04-26 20:33:45.985   339   376 D Sensors : batch handle 1, but there is no batch sensor in genymotion
04-26 20:33:45.985   339   376 D Sensors : batch handle 3, but there is no batch sensor in genymotion
04-26 20:33:45.986   339   376 D Sensors : batch handle 2, but there is no batch sensor in genymotion
04-26 20:33:46.171   339   376 D Sensors : batch handle 1, but there is no batch sensor in genymotion
04-26 20:33:46.171   339   376 D Sensors : batch handle 3, but there is no batch sensor in genymotion
04-26 20:33:46.172   339   376 D Sensors : batch handle 1, but there is no batch sensor in genymotion
04-26 20:33:46.488  2718  2776 E AbstractLogEventBuilder: The provided ProductIdOrigin 3 is not one of the process-level expected values: 1 or 2
04-26 20:33:46.489  2718  3168 I Finsky  : [309] Task 7 requested foreground
04-26 20:33:46.490  2718  3168 I Finsky  : [309] Not entering foreground
04-26 20:33:46.498  2718  3168 I Finsky  : [309] VerifyApps: chooseScanResult for package=com.example.chating with timeout=15000ms
04-26 20:33:46.498  2718  2775 I Finsky  : [266] VerifyApps: Starting APK Analysis scan for com.example.chating.
04-26 20:33:46.501  2718  2775 I Finsky  : [266] Scanning package com.example.chating contents with client side protections. File: [6rkeky4LohTVUuNBfdM5LISgJw9lGnk8NV9VKpwlLsU]
04-26 20:33:46.501  2718  2775 I Finsky  : [266] VerifyApps: APK Analysis scan finished for com.example.chating. Verdict: SAFE
04-26 20:33:46.503  2718  2829 I Finsky  : [278] Apk Analysis scan verification duration=PT0.006S 
04-26 20:33:46.576  3233  3313 I Finsky:background: [315] RF::PP-Verify: starting to verify for com.android.vending[iid:22] [isid:fSF-RoccTeeG3c_X9jCw2A] [tid: 1000000022].
04-26 20:33:46.583  3233  3298 I Finsky:background: [310] RF::PP-Verify: starting to verify for com.android.vending[iid:22] [isid:fSF-RoccTeeG3c_X9jCw2A] [tid: 1000000022].
04-26 20:33:46.583  3233  3298 I Finsky:background: [310] RF::PP-Verify: starting to verify for com.android.vending[iid:22] [isid:fSF-RoccTeeG3c_X9jCw2A] [tid: 1000000022].
04-26 20:33:46.584  3233  3301 I Finsky:background: [312] RF::PP-Verify: starting to verify for com.android.vending[iid:22] [isid:fSF-RoccTeeG3c_X9jCw2A] [tid: 1000000022].
04-26 20:33:45.556   719  1089 W BackupManagerService: [UserID:0] dataChanged but no participant pkg='com.google.android.syncadapters.calendar' uid=10141
04-26 20:33:46.720   719  4948 W BackupManagerService: [UserID:0] dataChanged but no participant pkg='com.google.android.syncadapters.calendar' uid=10141
04-26 20:33:46.584  3233  3301 I Finsky:background: [312] RF::PP-Verify: starting to verify for com.android.vending[iid:22] [isid:fSF-RoccTeeG3c_X9jCw2A] [tid: 1000000022].
04-26 20:33:46.769  1938  3456 I chatty  : uid=10130(com.google.android.gms) expire 4 lines
04-26 20:33:46.817  2718  2718 E AbstractLogEventBuilder: The provided ProductIdOrigin 3 is not one of the process-level expected values: 1 or 2
04-26 20:33:46.817  2718  2829 I Finsky  : [278] VerifyApps: Verification package=com.example.chating, id=0, response=0, upload_requested=false, enable_ecm=false
04-26 20:33:46.830  2718  2829 I Finsky  : [278] VerifyApps: PAM result saving to datastore delayed for package: com.example.chating
04-26 20:33:46.832  2718  3168 I Finsky  : [309] VerifyApps: ScanResultPicker returned for package=com.example.chating: SAFE
04-26 20:33:46.832  2718  3168 I Finsky  : [309] VerifyApps: chooseScanResult returning verdict SAFE for package=com.example.chating
04-26 20:33:46.833  2718  3168 E AbstractLogEventBuilder: The provided ProductIdOrigin 3 is not one of the process-level expected values: 1 or 2
04-26 20:33:46.841  2718  3168 I Finsky  : [309] VerifyApps: Starting required split types check for com.example.chating.
04-26 20:33:46.844  2718  3168 I Finsky  : [309] VerifyApps: Required split types check successful for com.example.chating.
04-26 20:33:46.844  2718  3168 I Finsky  : [309] VerifyApps AdvancedProtection: Verify AP install started
04-26 20:33:46.844  2718  3168 I Finsky  : [309] VerifyApps AdvancedProtection: Allowing install because there are no Advanced Protection users
04-26 20:33:46.844  2718  2718 I Finsky  : [2] VerifyApps AdvancedProtection: Reported Advanced Protection verification result: ALLOW
04-26 20:33:46.853  2718  3168 I Finsky  : [309] Installation attempt by package source uid 0 requires logging
04-26 20:33:46.867  3233  3300 I Finsky:background: [311] RF::TC: Skipping intermediate file cleanup due to sufficient space on device
04-26 20:33:46.878  2718  3168 I Finsky  : [309] VerifyApps: Returning package verification result id=0, result=ALLOW
04-26 20:33:46.880  2718  2718 I Finsky  : [2] VerifyApps: Install-time verification complete: id=0, package_name=com.example.chating
04-26 20:33:46.992  2153  5070 W DynamiteModule: Local module descriptor class for com.google.android.gms.providerinstaller.dynamite not found.
04-26 20:33:47.002  2153  5070 I DynamiteModule: Considering local module com.google.android.gms.providerinstaller.dynamite:0 and remote module com.google.android.gms.providerinstaller.dynamite:0
04-26 20:33:47.003  2153  5070 W ProviderInstaller: Failed to load providerinstaller module: No acceptable module found. Local version is 0 and remote version is 0.
04-26 20:33:47.003  2153  5070 W ProviderInstaller: Failed to report request stats: com.google.android.gms.common.security.ProviderInstallerImpl.reportRequestStats [class android.content.Context, long, long]
04-26 20:33:47.004  2153  5070 W AbstractGoogleClient: Application name is not set. Call Builder#setApplicationName.
04-26 20:33:46.722   719  4948 W BackupManagerService: [UserID:0] dataChanged but no participant pkg='com.google.android.syncadapters.calendar' uid=10141
04-26 20:33:47.090   719   760 I PackageParser2: Parse times for '/data/app/vmdl782060877.tmp': parse=197ms, update_cache=0 ms
04-26 20:33:47.138   719   760 D CompatibilityChangeReporter: Compat change id reported: 135549675; UID 10150; state: ENABLED
04-26 20:33:47.150   719   760 I PackageManager: Permission ownership changed. Updating all permissions.
04-26 20:33:47.270  3233  3309 I Finsky:background: [313] RF::TC: Skipping intermediate file cleanup due to sufficient space on device
04-26 20:33:47.653  1938  5058 I chatty  : uid=10130(com.google.android.gms) expire 3 lines
04-26 20:33:47.712   719  4948 I chatty  : uid=1000(system) Binder:719_1C expire 1 line
04-26 20:33:47.712   719  2189 I chatty  : uid=1000(system) Binder:719_10 expire 1 line
04-26 20:33:47.723  3233  3300 I Finsky:background: [311] RF::TC: Skipping intermediate file cleanup due to sufficient space on device
04-26 20:33:47.725   719  1089 W ActivityManager: Slow operation: 63ms so far, now at getContentProviderImpl: before checkContentProviderPermission
04-26 20:33:47.725   719  1089 W ActivityManager: Slow operation: 63ms so far, now at getContentProviderImpl: after checkContentProviderPermission
04-26 20:33:47.725   719  1089 W ActivityManager: Slow operation: 63ms so far, now at getContentProviderImpl: incProviderCountLocked
04-26 20:33:47.725   719  1089 W ActivityManager: Slow operation: 63ms so far, now at getContentProviderImpl: before updateLruProcess
04-26 20:33:47.725   719  1089 W ActivityManager: Slow operation: 63ms so far, now at getContentProviderImpl: after updateLruProcess
04-26 20:33:47.725   719  1089 W ActivityManager: Slow operation: 63ms so far, now at getContentProviderImpl: before updateOomAdj
04-26 20:33:47.726   719  1089 W ActivityManager: Slow operation: 64ms so far, now at getContentProviderImpl: after updateOomAdj
04-26 20:33:47.726   719  1089 W ActivityManager: Slow operation: 64ms so far, now at getContentProviderImpl: done!
04-26 20:33:47.735   719   719 W Looper  : Slow dispatch took 124ms main h=android.os.Handler c=android.app.AlarmManager$ListenerWrapper@a0e69a3 m=0
04-26 20:33:47.787   719   760 V BackupManagerService: [UserID:0] restoreAtInstall pkg=com.example.chating token=1 restoreSet=0
04-26 20:33:47.795   719   760 V BackupManagerService: [UserID:0] Finishing install immediately
04-26 20:33:47.796   719   760 I AppsFilter: interaction: PackageSetting{598b9a2 com.example.chat/10152} -> PackageSetting{fe29633 com.example.chating/10150} BLOCKED
04-26 20:33:47.808  3233  3309 I Finsky:background: [313] RF::TC: Skipping intermediate file cleanup due to sufficient space on device
04-26 20:33:47.822   455  1659 E installd: Couldn't opendir /data/app/vmdl782060877.tmp: No such file or directory
04-26 20:33:47.822   455  1659 E installd: Failed to delete /data/app/vmdl782060877.tmp: No such file or directory
04-26 20:33:47.823  4987  4992 I abb     : oneway function results will be dropped but finished with status OK and parcel size 4
04-26 20:33:47.824  4313  5074 E BackupHelper: Could not parse delayed permissions
04-26 20:33:47.824  4313  5074 E BackupHelper: java.io.FileNotFoundException: /data/user_de/0/com.android.permissioncontroller/files/delayed_restore_permissions.xml: open failed: ENOENT (No such file or directory)
04-26 20:33:47.824  4313  5074 E BackupHelper: 	at libcore.io.IoBridge.open(IoBridge.java:492)
04-26 20:33:47.824  4313  5074 E BackupHelper: 	at java.io.FileInputStream.<init>(FileInputStream.java:160)
04-26 20:33:47.824  4313  5074 E BackupHelper: 	at android.app.ContextImpl.openFileInput(ContextImpl.java:636)
04-26 20:33:47.824  4313  5074 E BackupHelper: 	at com.android.permissioncontroller.permission.service.BackupHelper.restoreDelayedState(BackupHelper.java:338)
04-26 20:33:47.824  4313  5074 E BackupHelper: 	at com.android.permissioncontroller.permission.service.PermissionControllerServiceImpl.onRestoreDelayedRuntimePermissionsBackup(PermissionControllerServiceImpl.java:413)
04-26 20:33:47.824  4313  5074 E BackupHelper: 	at com.android.permissioncontroller.permission.service.PermissionControllerServiceImpl.lambda$onApplyStagedRuntimePermissionBackup$4(PermissionControllerServiceImpl.java:407)
04-26 20:33:47.824  4313  5074 E BackupHelper: 	at com.android.permissioncontroller.permission.service.PermissionControllerServiceImpl.lambda$onApplyStagedRuntimePermissionBackup$4$PermissionControllerServiceImpl(Unknown Source:0)
04-26 20:33:47.824  4313  5074 E BackupHelper: 	at com.android.permissioncontroller.permission.service.-$$Lambda$PermissionControllerServiceImpl$mE7NqZpMEJTKa_y63m6czFzewlg.run(Unknown Source:8)
04-26 20:33:47.824  4313  5074 E BackupHelper: 	at android.os.AsyncTask$SerialExecutor$1.run(AsyncTask.java:305)
04-26 20:33:47.824  4313  5074 E BackupHelper: 	at java.util.concurrent.ThreadPoolExecutor.runWorker(ThreadPoolExecutor.java:1167)
04-26 20:33:47.824  4313  5074 E BackupHelper: 	at java.util.concurrent.ThreadPoolExecutor$Worker.run(ThreadPoolExecutor.java:641)
04-26 20:33:47.824  4313  5074 E BackupHelper: 	at java.lang.Thread.run(Thread.java:923)
04-26 20:33:47.824  4313  5074 E BackupHelper: Caused by: android.system.ErrnoException: open failed: ENOENT (No such file or directory)
04-26 20:33:47.824  4313  5074 E BackupHelper: 	at libcore.io.Linux.open(Native Method)
04-26 20:33:47.824  4313  5074 E BackupHelper: 	at libcore.io.ForwardingOs.open(ForwardingOs.java:166)
04-26 20:33:47.824  4313  5074 E BackupHelper: 	at libcore.io.BlockGuardOs.open(BlockGuardOs.java:254)
04-26 20:33:47.824  4313  5074 E BackupHelper: 	at libcore.io.ForwardingOs.open(ForwardingOs.java:166)
04-26 20:33:47.824  4313  5074 E BackupHelper: 	at android.app.ActivityThread$AndroidOs.open(ActivityThread.java:7546)
04-26 20:33:47.824  4313  5074 E BackupHelper: 	at libcore.io.IoBridge.open(IoBridge.java:478)
04-26 20:33:47.824  4313  5074 E BackupHelper: 	... 11 more
04-26 20:33:47.919  1847  1847 I MediaProvider: Invalidating LocalCallingIdentity cache for package com.example.chating. Reason: package android.intent.action.PACKAGE_ADDED
04-26 20:33:47.945  3233  3300 I Finsky:background: [311] RF::TC: Skipping intermediate file cleanup due to sufficient space on device
04-26 20:33:47.946  3233  3298 I Finsky:background: [310] RF: With real time bandwidth check, rest nugget is present: false, shouldDownloadRestNugget: false
04-26 20:33:47.956   719   784 I chatty  : uid=1000(system) InputReader expire 1 line
04-26 20:33:47.957   719   738 I RoleManagerService: Granting default roles...
04-26 20:33:47.967   719   747 W BroadcastQueue: Background execution not allowed: receiving Intent { act=android.intent.action.PACKAGE_ADDED dat=package:com.example.chating flg=0x4000010 (has extras) } to com.android.packageinstaller/.PackageInstalledReceiver
04-26 20:33:47.968   719   747 W BroadcastQueue: Background execution not allowed: receiving Intent { act=android.intent.action.PACKAGE_ADDED dat=package:com.example.chating flg=0x4000010 (has extras) } to com.android.gallery3d/.app.PackagesMonitor
04-26 20:33:47.968   719   747 W BroadcastQueue: Background execution not allowed: receiving Intent { act=android.intent.action.PACKAGE_ADDED dat=package:com.example.chating flg=0x4000010 (has extras) } to com.android.vending/com.google.android.finsky.packagemonitor.impl.PackageMonitorReceiverImpl$RegisteredReceiver
04-26 20:33:47.968   719   747 W BroadcastQueue: Background execution not allowed: receiving Intent { act=android.intent.action.PACKAGE_ADDED dat=package:com.example.chating flg=0x4000010 (has extras) } to com.android.vending/com.google.android.finsky.packagemonitor.backgroundimpl.BackgroundPackageMonitorReceiverImpl$RegisteredReceiver
04-26 20:33:47.968   719   747 W BroadcastQueue: Background execution not allowed: receiving Intent { act=android.intent.action.PACKAGE_ADDED dat=package:com.example.chating flg=0x4000010 (has extras) } to com.genymotion.superuser/com.koushikdutta.superuser.PackageChangeReceiver
04-26 20:33:47.968   719   747 W BroadcastQueue: Background execution not allowed: receiving Intent { act=android.intent.action.PACKAGE_ADDED dat=package:com.example.chating flg=0x4000010 (has extras) } to com.google.android.gms/.gass.chimera.PackageChangeBroadcastReceiver
04-26 20:33:47.968   719   747 W BroadcastQueue: Background execution not allowed: receiving Intent { act=android.intent.action.PACKAGE_ADDED dat=package:com.example.chating flg=0x4000010 (has extras) } to com.google.android.gms/.chimera.GmsIntentOperationService$PersistentTrustedReceiver
04-26 20:33:47.969  2718  2718 I Finsky  : [2] aizr - Received: android.intent.action.PACKAGE_ADDED, [7rGv_ecIXKcFXFnTaAtt3z-np1sxVylRHcdXpiXSy_A]
04-26 20:33:47.972  3233  3233 I Finsky:background: [2] aizh - Received: android.intent.action.PACKAGE_ADDED, [7rGv_ecIXKcFXFnTaAtt3z-np1sxVylRHcdXpiXSy_A]
04-26 20:33:48.007   719   747 D CompatibilityChangeReporter: Compat change id reported: 135634846; UID 10067; state: DISABLED
04-26 20:33:48.007   719   748 D CompatibilityChangeReporter: Compat change id reported: 143937733; UID 10067; state: ENABLED
04-26 20:33:48.016   880   880 V AvrcpMediaPlayerList: mPackageChangedBroadcastReceiver: action: android.intent.action.PACKAGE_ADDED
04-26 20:33:48.016   880   880 D AvrcpMediaPlayerList: Name of package changed: com.example.chating
04-26 20:33:48.029  4313  4329 I PermissionControllerServiceImpl: Updating user sensitive for uid 10150
04-26 20:33:48.032  2718  2718 I Finsky  : [2] AIM: AppInfoCacheUpdater -> invalidating apps: [com.example.chating]
04-26 20:33:48.032  2718  2718 I Finsky  : [2] AIM: AppInfoManager-Perf > getApps > called for 1 apps
04-26 20:33:48.033  2718  2778 I Finsky  : [269] SCH: Received scheduling request: Id: 12-1, Constraints: [{ L: 15000, D: 86400000, C: CHARGING_NONE, I: IDLE_NONE, N: NET_ANY, B: BATTERY_ANY }]
04-26 20:33:48.056   719   719 I Telecom : DefaultDialerCache: Refreshing default dialer for user 0: now com.android.dialer: DDC.oR@AGA
04-26 20:33:48.065  1938  5079 I chatty  : uid=10130(com.google.android.gms) expire 22 lines
04-26 20:33:48.078   719   719 V BackupManagerConstants: getFullBackupIntervalMilliseconds(...) returns 86400000
04-26 20:33:48.078   719   719 V BackupManagerConstants: getFullBackupRequiredNetworkType(...) returns 2
04-26 20:33:48.078   719   719 V BackupManagerConstants: getFullBackupRequireCharging(...) returns true
04-26 20:33:48.117  2718  2776 I Finsky  : [267] AIM: AppInfoManager-Perf > OnDeviceAppInfo > cacheHitCount=0, cacheMissCount=1. Missed  in cache (limit 10) : [com.example.chating]
04-26 20:33:48.129  2718  2718 I Finsky  : [2] Do not start WearSupportService due to Wear service optimization
04-26 20:33:48.129  2718  2718 I Finsky  : [2] Clearing split related stale data.
04-26 20:33:48.151   719   746 W VoiceInteractionManager: no available voice recognition services found for user 0
04-26 20:33:48.153  1106  1106 D CarrierSvcBindHelper: No carrier app for: 0
04-26 20:33:48.165  3233  4857 I Finsky:background: [376] IV2::TD: Resource fetch done. com.android.vending[iid:22] [isid:fSF-RoccTeeG3c_X9jCw2A] [tid: 1000000022]
04-26 20:33:48.165  3233  4857 I Finsky:background: [376] IV2::TD: Installing start. com.android.vending[iid:22] [isid:fSF-RoccTeeG3c_X9jCw2A] [tid: 1000000022]
04-26 20:33:48.165  3233  4857 I Finsky:background: [376] IV2::TD: Submit start. com.android.vending[iid:22] [isid:fSF-RoccTeeG3c_X9jCw2A] [tid: 1000000022]
04-26 20:33:48.168   307   307 D Zygote  : Forked child process 5091
04-26 20:33:48.180  5091  5091 I Zygote  : seccomp disabled by setenforce 0
04-26 20:33:48.192  5091  5091 W ackageinstalle: Unexpected CPU variant for X86 using defaults: x86_64
04-26 20:33:48.203   719   738 W Looper  : Slow dispatch took 100ms android.fg h=android.os.Handler c=<recycled PooledLambda@1436110> m=0
04-26 20:33:48.203   530   590 I adbd    : jdwp connection from 5091
04-26 20:33:48.204  3233  4857 I Finsky:background: [376] IV2: onTaskProgress com.android.vending[iid:22] [isid:fSF-RoccTeeG3c_X9jCw2A] status:RESOURCE_FETCH_DONE).
04-26 20:33:48.213  3233  4857 I Finsky:background: [376] IV2: stopping install timeout for 22
04-26 20:33:48.213  3233  4857 I Finsky:background: [376] IV2: onTaskProgress com.android.vending[iid:22] [isid:fSF-RoccTeeG3c_X9jCw2A] status:SUBMIT_START, size: 0/0
04-26 20:33:48.213  3233  3313 I Finsky:background: [315] Submitter: submit com.android.vending to the commit queue
04-26 20:33:48.213  3233  3313 I Finsky:background: [315] Submitter: CS: enqueued commit for com.android.vending. Current queue: []
04-26 20:33:48.213  3233  3313 I Finsky:background: [315] Submitter: CS: dequeued commit for com.android.vending. Waited 0 ms. Current queue: [com.android.vending]
04-26 20:33:48.213  3233  3313 I Finsky:background: [315] Submitter: start committing com.android.vending
04-26 20:33:48.224  3233  4865 E Finsky:background: [380] Failed to add checksum for package com.android.vending
04-26 20:33:48.224  3233  4865 E Finsky:background: java.lang.NoClassDefFoundError: Failed resolution of: Landroid/content/pm/Checksum;
04-26 20:33:48.224  3233  4865 E Finsky:background: 	at aceq.a(PG:237)
04-26 20:33:48.224  3233  4865 E Finsky:background: 	at anfo.a(PG:91)
04-26 20:33:48.224  3233  4865 E Finsky:background: 	at anhi.a(PG:642)
04-26 20:33:48.224  3233  4865 E Finsky:background: 	at blwu.d(PG:3)
04-26 20:33:48.224  3233  4865 E Finsky:background: 	at blww.run(PG:47)
04-26 20:33:48.224  3233  4865 E Finsky:background: 	at java.util.concurrent.ThreadPoolExecutor.runWorker(ThreadPoolExecutor.java:1167)
04-26 20:33:48.224  3233  4865 E Finsky:background: 	at java.util.concurrent.ThreadPoolExecutor$Worker.run(ThreadPoolExecutor.java:641)
04-26 20:33:48.224  3233  4865 E Finsky:background: 	at ugs.run(PG:55)
04-26 20:33:48.224  3233  4865 E Finsky:background: 	at java.lang.Thread.run(Thread.java:923)
04-26 20:33:48.224  3233  4865 E Finsky:background: Caused by: java.lang.ClassNotFoundException: android.content.pm.Checksum
04-26 20:33:48.224  3233  4865 E Finsky:background: 	... 9 more
04-26 20:33:48.228  3233  5085 I Finsky:background: [395] Wrote row to frosting DB: 362
04-26 20:33:48.237   719  2300 W ActivityManager: Slow operation: 231ms so far, now at startProcess: done updating battery stats
04-26 20:33:48.237   719  2300 W ActivityManager: Slow operation: 231ms so far, now at startProcess: building log message
04-26 20:33:48.237   719  2300 I ActivityManager: Start proc 5091:com.google.android.packageinstaller/u0a67 for broadcast {com.android.packageinstaller/com.android.packageinstaller.PackageInstalledReceiver}
04-26 20:33:48.237   719  2300 W ActivityManager: Slow operation: 231ms so far, now at startProcess: starting to update pids map
04-26 20:33:48.237   719   748 W ActivityManager: Slow operation: 231ms so far, now at startProcess: returned from zygote!
04-26 20:33:48.260   719  2300 W ActivityManager: Slow operation: 254ms so far, now at startProcess: done updating pids map
04-26 20:33:48.261  2718  2776 I Finsky  : [267] AIM: Got app ownership map. App counts: . Unique apps: 0
04-26 20:33:48.261  2718  2776 E Finsky  : [267] [Counters] attempted to use a non-positive increment for: 4752
04-26 20:33:48.263  2718  2776 E Finsky  : [267] [Counters] attempted to use a non-positive increment for: 4753
